******************************************************************************
                  TI ARM Linker PC v20.2.4                     
******************************************************************************
>> Linked Tue May  4 12:17:59 2021

OUTPUT FILE NAME:   <432oled_haredware.out>
ENTRY POINT SYMBOL: "_c_int00_noargs"  address: 00006ee9


MEMORY CONFIGURATION

         name            origin    length      used     unused   attr    fill
----------------------  --------  ---------  --------  --------  ----  --------
  MAIN                  00000000   00040000  00007e94  0003816c  R  X
  INFO                  00200000   00004000  00000000  00004000  R  X
  SRAM_CODE             01000000   00010000  0000076c  0000f894  RW X
  SRAM_DATA             20000000   00010000  0000076c  0000f894  RW  


SEGMENT ALLOCATION MAP

run origin  load origin   length   init length attrs members
----------  ----------- ---------- ----------- ----- -------
00000000    00000000    00007e98   00007e98    r-x
  00000000    00000000    000000e4   000000e4    r-- .intvecs
  000000e4    000000e4    00006f34   00006f34    r-x .text
  00007018    00007018    00000ddc   00000ddc    r-- .const
  00007df8    00007df8    000000a0   000000a0    r-- .cinit
20000000    20000000    0000056c   00000000    rw-
  20000000    20000000    000000e4   00000000    rw- .vtable
  200000e4    200000e4    00000408   00000000    rw- .bss
  200004ec    200004ec    00000080   00000000    rw- .data
2000fe00    2000fe00    00000200   00000000    rw-
  2000fe00    2000fe00    00000200   00000000    rw- .stack


SECTION ALLOCATION MAP

 output                                  attributes/
section   page    origin      length       input sections
--------  ----  ----------  ----------   ----------------
.intvecs   0    00000000    000000e4     
                  00000000    000000e4     startup_msp432p401r_ccs.obj (.intvecs:retain)

.text      0    000000e4    00006f34     
                  000000e4    00001598     flash.obj (.text)
                  0000167c    00000d7c     cs.obj (.text)
                  000023f8    00000a4e     rtsv7M4_T_le_v4SPD16_eabi.lib : _printfi.c.obj (.text:__TI_printfi)
                  00002e46    00000002                                   : div0.asm.obj (.text)
                  00002e48    00000860     oled_i2c.obj (.text)
                  000036a8    00000838     pcm.obj (.text)
                  00003ee0    00000770     i2c.obj (.text)
                  00004650    00000508     rtc_c.obj (.text)
                  00004b58    00000480     gpio.obj (.text)
                  00004fd8    000003f0     interrupt.obj (.text)
                  000053c8    00000334     system_msp432p401r.obj (.text)
                  000056fc    00000270     rtsv7M4_T_le_v4SPD16_eabi.lib : _printfi.c.obj (.text:_pconv_a)
                  0000596c    00000244     sysctl.obj (.text)
                  00005bb0    000001d0     rtsv7M4_T_le_v4SPD16_eabi.lib : _printfi.c.obj (.text:_pconv_g)
                  00005d80    000001b6                                   : fd_add_t2.asm.obj (.text)
                  00005f36    00000002     --HOLE-- [fill = 0]
                  00005f38    0000013c                                   : _printfi.c.obj (.text:_pconv_e)
                  00006074    00000136                                   : fd_div_t2.asm.obj (.text)
                  000061aa    00000002     --HOLE-- [fill = 0]
                  000061ac    00000124                                   : _printfi.c.obj (.text:fcvt)
                  000062d0    00000110                                   : s_scalbn.c.obj (.text:scalbn)
                  000063e0    000000fc                                   : fd_mul_t2.asm.obj (.text)
                  000064dc    000000dc     delay.obj (.text)
                  000065b8    000000d8     wdt_a.obj (.text)
                  00006690    000000b1     rtsv7M4_T_le_v4SPD16_eabi.lib : _printfi.c.obj (.text:_ltostr)
                  00006741    00000003     --HOLE-- [fill = 0]
                  00006744    000000ac     main.obj (.text)
                  000067f0    0000009c     rtsv7M4_T_le_v4SPD16_eabi.lib : memcpy_t2.asm.obj (.text)
                  0000688c    00000096                                   : ull_div_t2.asm.obj (.text)
                  00006922    00000086                                   : fd_cmp_t2.asm.obj (.text:__aeabi_cdcmple)
                  000069a8    00000086                                   : fd_cmp_t2.asm.obj (.text:__aeabi_cdrcmple)
                  00006a2e    0000007a                                   : memset_t2.asm.obj (.text)
                  00006aa8    00000074     systick.obj (.text)
                  00006b1c    0000006e     rtsv7M4_T_le_v4SPD16_eabi.lib : _printfi.c.obj (.text:_mcpy)
                  00006b8a    00000068                                   : copy_decompress_lzss.c.obj (.text:decompress:lzss:__TI_decompress_lzss)
                  00006bf2    00000002     --HOLE-- [fill = 0]
                  00006bf4    00000064                                   : s_frexp.c.obj (.text:frexp)
                  00006c58    00000056                                   : _printfi.c.obj (.text:_pconv_f)
                  00006cae    00000054                                   : _ltoa.c.obj (.text:__TI_ltoa)
                  00006d02    00000052                                   : _printfi.c.obj (.text:_ecpy)
                  00006d54    0000004c                                   : atoi.c.obj (.text:atoi)
                  00006da0    00000048                                   : fd_toi_t2.asm.obj (.text)
                  00006de8    00000044                                   : autoinit.c.obj (.text:__TI_auto_init_nobinit_nopinit:__TI_auto_init_nobinit_nopinit)
                  00006e2c    00000040                                   : sprintf.c.obj (.text:sprintf)
                  00006e6c    0000003e                                   : _printfi.c.obj (.text:_fcpy)
                  00006eaa    0000003e     cpu.obj (.text)
                  00006ee8    00000034     rtsv7M4_T_le_v4SPD16_eabi.lib : boot_cortex_m.c.obj (.text:_c_int00_noargs:_c_int00_noargs)
                  00006f1c    0000002e                                   : i_tofd_t2.asm.obj (.text)
                  00006f4a    0000001c                                   : memccpy.c.obj (.text:memccpy)
                  00006f66    0000001a                                   : s_copysign.c.obj (.text:copysign)
                  00006f80    00000018                                   : sprintf.c.obj (.text:_outs)
                  00006f98    00000016                                   : strchr.c.obj (.text:strchr)
                  00006fae    00000014                                   : strlen.c.obj (.text:strlen)
                  00006fc2    00000012                                   : wcslen.c.obj (.text:wcslen)
                  00006fd4    0000000e                                   : copy_decompress_none.c.obj (.text:decompress:none:__TI_decompress_none)
                  00006fe2    0000000e     startup_msp432p401r_ccs.obj (.text)
                  00006ff0    0000000c     rtsv7M4_T_le_v4SPD16_eabi.lib : copy_zero_init.c.obj (.text:decompress:ZI:__TI_zero_init)
                  00006ffc    0000000a                                   : sprintf.c.obj (.text:_outc)
                  00007006    00000002     --HOLE-- [fill = 0]
                  00007008    00000008                                   : errno.c.obj (.text:__aeabi_errno_addr)
                  00007010    00000004                                   : pre_init.c.obj (.text:_system_pre_init)
                  00007014    00000004                                   : exit.c.obj (.text:abort:abort)

.const     0    00007018    00000ddc     
                  00007018    000005f0     oled_i2c.obj (.const:.string:F8X16)
                  00007608    00000400     oled_i2c.obj (.const:.string:F16x16)
                  00007a08    00000228     oled_i2c.obj (.const:F6x8)
                  00007c30    00000101     rtsv7M4_T_le_v4SPD16_eabi.lib : ctype.c.obj (.const:.string:_ctypes_)
                  00007d31    00000003     --HOLE-- [fill = 0]
                  00007d34    00000050     interrupt.obj (.const:g_pulRegs)
                  00007d84    00000020     interrupt.obj (.const:g_pulPriority)
                  00007da4    0000001c     gpio.obj (.const:GPIO_PORT_TO_INT)
                  00007dc0    00000014     main.obj (.const:i2cConfig)
                  00007dd4    00000008     interrupt.obj (.const:g_pulDisRegs)
                  00007ddc    00000008     interrupt.obj (.const:g_pulEnRegs)
                  00007de4    00000008     interrupt.obj (.const:g_pulPendRegs)
                  00007dec    00000008     interrupt.obj (.const:g_pulUnpendRegs)

.cinit     0    00007df8    000000a0     
                  00007df8    0000006b     (.cinit..data.load) [load image, compression = lzss]
                  00007e63    00000001     --HOLE-- [fill = 0]
                  00007e64    0000000c     (__TI_handler_table)
                  00007e70    00000008     (.cinit..bss.load) [load image, compression = zero_init]
                  00007e78    00000008     (.cinit..vtable.load) [load image, compression = zero_init]
                  00007e80    00000018     (__TI_cinit_table)

.init_array 
*          0    00000000    00000000     UNINITIALIZED

.binit     0    00000000    00000000     

.vtable    0    20000000    000000e4     UNINITIALIZED
                  20000000    000000e4     interrupt.obj (.vtable)

.bss       0    200000e4    00000408     UNINITIALIZED
                  200000e4    00000400     (.common:OLED_GRAM)
                  200004e4    00000008     cs.obj (.bss)

.data      0    200004ec    00000080     UNINITIALIZED
                  200004ec    00000040     flash.obj (.data:__getBurstProgramRegs)
                  2000052c    00000030     gpio.obj (.data:GPIO_PORT_TO_BASE)
                  2000055c    00000004     delay.obj (.data)
                  20000560    00000004     oled_i2c.obj (.data)
                  20000564    00000004     rtsv7M4_T_le_v4SPD16_eabi.lib : errno.c.obj (.data)
                  20000568    00000004     system_msp432p401r.obj (.data)

.stack     0    2000fe00    00000200     UNINITIALIZED
                  2000fe00    00000004     rtsv7M4_T_le_v4SPD16_eabi.lib : boot_cortex_m.c.obj (.stack)
                  2000fe04    000001fc     --HOLE--

__llvm_prf_cnts 
*          0    20000000    00000000     UNINITIALIZED

MODULE SUMMARY

       Module                        code    ro data   rw data
       ------                        ----    -------   -------
    .\
       system_msp432p401r.obj        820     0         8      
       startup_msp432p401r_ccs.obj   14      228       0      
       main.obj                      172     20        0      
    +--+-----------------------------+-------+---------+---------+
       Total:                        1006    248       8      
                                                              
    .\delay\
       delay.obj                     220     0         8      
    +--+-----------------------------+-------+---------+---------+
       Total:                        220     0         8      
                                                              
    .\driverlib\MSP432P4xx\
       flash.obj                     5528    0         128    
       cs.obj                        3452    0         16     
       pcm.obj                       2104    0         0      
       i2c.obj                       1904    0         0      
       interrupt.obj                 1008    144       456    
       rtc_c.obj                     1288    0         0      
       gpio.obj                      1152    28        96     
       sysctl.obj                    580     0         0      
       wdt_a.obj                     216     0         0      
       systick.obj                   116     0         0      
       cpu.obj                       62      0         0      
    +--+-----------------------------+-------+---------+---------+
       Total:                        17410   172       696    
                                                              
    .\oled\
       oled_i2c.obj                  2144    3096      2056   
    +--+-----------------------------+-------+---------+---------+
       Total:                        2144    3096      2056   
                                                              
    C:\ti\ccs1030\ccs\tools\compiler\ti-cgt-arm_20.2.4.LTS\lib\rtsv7M4_T_le_v4SPD16_eabi.lib
       _printfi.c.obj                4851    0         0      
       fd_add_t2.asm.obj             438     0         0      
       fd_div_t2.asm.obj             310     0         0      
       s_scalbn.c.obj                272     0         0      
       fd_cmp_t2.asm.obj             268     0         0      
       ctype.c.obj                   0       257       0      
       fd_mul_t2.asm.obj             252     0         0      
       memcpy_t2.asm.obj             156     0         0      
       ull_div_t2.asm.obj            150     0         0      
       memset_t2.asm.obj             122     0         0      
       copy_decompress_lzss.c.obj    104     0         0      
       s_frexp.c.obj                 100     0         0      
       sprintf.c.obj                 98      0         0      
       _ltoa.c.obj                   84      0         0      
       atoi.c.obj                    76      0         0      
       fd_toi_t2.asm.obj             72      0         0      
       autoinit.c.obj                68      0         0      
       boot_cortex_m.c.obj           52      0         0      
       i_tofd_t2.asm.obj             46      0         0      
       memccpy.c.obj                 28      0         0      
       s_copysign.c.obj              26      0         0      
       strchr.c.obj                  22      0         0      
       strlen.c.obj                  20      0         0      
       wcslen.c.obj                  18      0         0      
       errno.c.obj                   8       0         8      
       copy_decompress_none.c.obj    14      0         0      
       copy_zero_init.c.obj          12      0         0      
       exit.c.obj                    4       0         0      
       pre_init.c.obj                4       0         0      
       div0.asm.obj                  2       0         0      
    +--+-----------------------------+-------+---------+---------+
       Total:                        7677    257       8      
                                                              
       Stack:                        0       0         1024   
       Linker Generated:             0       159       0      
    +--+-----------------------------+-------+---------+---------+
       Grand Total:                  28457   3932      3800   


LINKER GENERATED COPY TABLES

__TI_cinit_table @ 00007e80 records: 3, size/record: 8, table size: 24
	.data: load addr=00007df8, load size=0000006b bytes, run addr=200004ec, run size=00000080 bytes, compression=lzss
	.bss: load addr=00007e70, load size=00000008 bytes, run addr=200000e4, run size=00000408 bytes, compression=zero_init
	.vtable: load addr=00007e78, load size=00000008 bytes, run addr=20000000, run size=000000e4 bytes, compression=zero_init


LINKER GENERATED HANDLER TABLE

__TI_handler_table @ 00007e64 records: 3, size/record: 4, table size: 12
	index: 0, handler: __TI_zero_init
	index: 1, handler: __TI_decompress_lzss
	index: 2, handler: __TI_decompress_none


GLOBAL SYMBOLS: SORTED ALPHABETICALLY BY Name 

address   name                                       
-------   ----                                       
00006fef  ADC14_IRQHandler                           
00006fef  AES256_IRQHandler                          
00006fef  BusFault_Handler                           
00007015  C$$EXIT                                    
00006fef  COMP_E0_IRQHandler                         
00006fef  COMP_E1_IRQHandler                         
00006edf  CPU_basepriGet                             
00006ed1  CPU_basepriSet                             
00006eab  CPU_cpsid                                  
00006ec1  CPU_cpsie                                  
00006eb7  CPU_primask                                
00006ecd  CPU_wfi                                    
00006fef  CS_IRQHandler                              
0000237d  CS_clearInterruptFlag                      
00001c25  CS_disableClockRequest                     
00001d0b  CS_disableDCOExternalResistor              
00002251  CS_disableFaultCounter                     
0000233b  CS_disableInterrupt                        
00001bfd  CS_enableClockRequest                      
00001c6d  CS_enableDCOExternalResistor               
00002225  CS_enableFaultCounter                      
00002319  CS_enableInterrupt                         
000021bd  CS_getACLK                                 
0000217d  CS_getBCLK                                 
00001e05  CS_getDCOFrequency                         
00002363  CS_getEnabledInterruptStatus               
00002199  CS_getHSMCLK                               
0000235d  CS_getInterruptStatus                      
00002203  CS_getMCLK                                 
000021e1  CS_getSMCLK                                
0000191d  CS_initClockSignal                         
0000239f  CS_registerInterrupt                       
0000227d  CS_resetFaultCounter                       
00001d29  CS_setDCOCenteredFrequency                 
00001c95  CS_setDCOExternalResistorCalibration       
00001fa5  CS_setDCOFrequency                         
000018e1  CS_setExternalClockSourceFrequency         
00001c47  CS_setReferenceOscillatorFrequency         
000022c9  CS_startFaultCounter                       
00001a21  CS_startHFXT                               
00001a45  CS_startHFXTWithTimeout                    
00001b09  CS_startLFXT                               
00001b2d  CS_startLFXTWithTimeout                    
00001d61  CS_tuneDCOFrequency                        
000023b3  CS_unregisterInterrupt                     
00006fef  DMA_ERR_IRQHandler                         
00006fef  DMA_INT0_IRQHandler                        
00006fef  DMA_INT1_IRQHandler                        
00006fef  DMA_INT2_IRQHandler                        
00006fef  DMA_INT3_IRQHandler                        
00006fef  DebugMon_Handler                           
00006fef  Default_Handler                            
00002fdf  Draw_BMP                                   
00006fef  EUSCIA0_IRQHandler                         
00006fef  EUSCIA1_IRQHandler                         
00006fef  EUSCIA2_IRQHandler                         
00006fef  EUSCIA3_IRQHandler                         
00006fef  EUSCIB0_IRQHandler                         
00006fef  EUSCIB1_IRQHandler                         
00006fef  EUSCIB2_IRQHandler                         
00006fef  EUSCIB3_IRQHandler                         
00007608  F16x16                                     
00007a08  F6x8                                       
00007018  F8X16                                      
00006fef  FLCTL_IRQHandler                           
00006fef  FPU_IRQHandler                             
0000112b  FlashCtl_clearInterruptFlag                
00000fef  FlashCtl_clearProgramVerification          
00001101  FlashCtl_disableInterrupt                  
00000661  FlashCtl_disableReadBuffering              
00001059  FlashCtl_disableWordProgramming            
000010ed  FlashCtl_enableInterrupt                   
0000060d  FlashCtl_enableReadBuffering               
00001029  FlashCtl_enableWordProgramming             
00000c8d  FlashCtl_eraseSector                       
0000111b  FlashCtl_getEnabledInterruptStatus         
00001115  FlashCtl_getInterruptStatus                
0000028f  FlashCtl_getMemoryInfo                     
00000af1  FlashCtl_getReadMode                       
000010bf  FlashCtl_getWaitState                      
00000b1b  FlashCtl_initiateMassErase                 
00000db1  FlashCtl_initiateSectorErase               
00000791  FlashCtl_isSectorProtected                 
00001061  FlashCtl_isWordProgrammingEnabled          
00000b41  FlashCtl_performMassErase                  
00000e49  FlashCtl_programMemory                     
00000731  FlashCtl_protectSector                     
0000113f  FlashCtl_registerInterrupt                 
00000fb5  FlashCtl_setProgramVerification            
00000a85  FlashCtl_setReadMode                       
00001081  FlashCtl_setWaitState                      
000006c1  FlashCtl_unprotectSector                   
00001153  FlashCtl_unregisterInterrupt               
0000081d  FlashCtl_verifyMemory                      
00004e7b  GPIO_clearInterruptFlag                    
00004e3b  GPIO_disableInterrupt                      
00004e19  GPIO_enableInterrupt                       
00004ed3  GPIO_getEnabledInterruptStatus             
00004deb  GPIO_getInputPinValue                      
00004e5d  GPIO_getInterruptStatus                    
00004e9d  GPIO_interruptEdgeSelect                   
00004f93  GPIO_registerInterrupt                     
00004b93  GPIO_setAsInputPin                         
00004d47  GPIO_setAsInputPinWithPullDownResistor     
00004d99  GPIO_setAsInputPinWithPullUpResistor       
00004b59  GPIO_setAsOutputPin                        
00004c5d  GPIO_setAsPeripheralModuleFunctionInputPin 
00004bd9  GPIO_setAsPeripheralModuleFunctionOutputPin
00004f4f  GPIO_setDriveStrengthHigh                  
00004f71  GPIO_setDriveStrengthLow                   
00004ce1  GPIO_setOutputHighOnPin                    
00004d03  GPIO_setOutputLowOnPin                     
00004d25  GPIO_toggleOutputOnPin                     
00004fb3  GPIO_unregisterInterrupt                   
00006fef  HardFault_Handler                          
0000303b  I2C_OLED_Init                              
0000450d  I2C_clearInterruptFlag                     
000044f7  I2C_disableInterrupt                       
00003f93  I2C_disableModule                          
000044c1  I2C_disableMultiMasterMode                 
000044e1  I2C_enableInterrupt                        
00003f7d  I2C_enableModule                           
000044a1  I2C_enableMultiMasterMode                  
0000453b  I2C_getEnabledInterruptStatus              
00004523  I2C_getInterruptStatus                     
0000454b  I2C_getMode                                
00004447  I2C_getReceiveBufferAddressForDMA          
00004455  I2C_getTransmitBufferAddressForDMA         
00003ee1  I2C_initMaster                             
00003f43  I2C_initSlave                              
00004037  I2C_isBusBusy                              
00004475  I2C_masterIsStartSent                      
00004463  I2C_masterIsStopSent                       
00004369  I2C_masterReceiveMultiByteFinish           
000043a5  I2C_masterReceiveMultiByteFinishWithTimeout
00004355  I2C_masterReceiveMultiByteNext             
00004409  I2C_masterReceiveMultiByteStop             
0000441d  I2C_masterReceiveSingle                    
00003fd9  I2C_masterReceiveSingleByte                
0000433b  I2C_masterReceiveStart                     
0000422d  I2C_masterSendMultiByteFinish              
00004279  I2C_masterSendMultiByteFinishWithTimeout   
000041d9  I2C_masterSendMultiByteNext                
000041ef  I2C_masterSendMultiByteNextWithTimeout     
0000413b  I2C_masterSendMultiByteStart               
0000417d  I2C_masterSendMultiByteStartWithTimeout    
000042df  I2C_masterSendMultiByteStop                
000042f9  I2C_masterSendMultiByteStopWithTimeout     
00004049  I2C_masterSendSingleByte                   
000040af  I2C_masterSendSingleByteWithTimeout        
0000448d  I2C_masterSendStart                        
0000455d  I2C_registerInterrupt                      
00003fbd  I2C_setMode                                
00003fa9  I2C_setSlaveAddress                        
00004023  I2C_slaveGetData                           
0000400d  I2C_slavePutData                           
0000461f  I2C_slaveSendNAK                           
000045c3  I2C_unregisterInterrupt                    
0000519b  Interrupt_disableInterrupt                 
00004feb  Interrupt_disableMaster                    
00005399  Interrupt_disableSleepOnIsrExit            
00005129  Interrupt_enableInterrupt                  
00004fdb  Interrupt_enableMaster                     
00005387  Interrupt_enableSleepOnIsrExit             
00005103  Interrupt_getPriority                      
0000507b  Interrupt_getPriorityGrouping              
00005367  Interrupt_getPriorityMask                  
00005381  Interrupt_getVectorTableAddress            
0000520d  Interrupt_isEnabled                        
00005299  Interrupt_pendInterrupt                    
00004ffb  Interrupt_registerInterrupt                
000050b3  Interrupt_setPriority                      
00005061  Interrupt_setPriorityGrouping              
00005357  Interrupt_setPriorityMask                  
00005371  Interrupt_setVectorTableAddress            
00005309  Interrupt_unpendInterrupt                  
0000504d  Interrupt_unregisterInterrupt              
00006fef  MemManage_Handler                          
00006fef  NMI_Handler                                
00002f6d  OLED_All                                   
00002fd5  OLED_CLC                                   
000030d9  OLED_DrawPoint                             
0000317d  OLED_Fill                                  
200000e4  OLED_GRAM                                  
000033e1  OLED_P16x16Ch                              
00003247  OLED_P6x8Str                               
000032f3  OLED_P8x16Str                              
000031e5  OLED_Refresh_Gram                          
00002f33  OLED_Set_Pos                               
00002f0f  OLED_WRITE_COM                             
00002f21  OLED_WRITE_dat                             
00006fef  PCM_IRQHandler                             
00003e83  PCM_clearInterruptFlag                     
00003e59  PCM_disableInterrupt                       
00003e31  PCM_disableRudeMode                        
00003e45  PCM_enableInterrupt                        
00003e1f  PCM_enableRudeMode                         
0000382b  PCM_getCoreVoltageLevel                    
00003e73  PCM_getEnabledInterruptStatus              
00003e6d  PCM_getInterruptStatus                     
000037d1  PCM_getPowerMode                           
00003e13  PCM_getPowerState                          
00003d45  PCM_gotoLPM0                               
00003d63  PCM_gotoLPM0InterruptSafe                  
00003d7f  PCM_gotoLPM3                               
00003df7  PCM_gotoLPM3InterruptSafe                  
00003d19  PCM_gotoLPM4                               
00003d29  PCM_gotoLPM4InterruptSafe                  
00003e97  PCM_registerInterrupt                      
0000379f  PCM_setCoreVoltageLevel                    
000037c1  PCM_setCoreVoltageLevelNonBlocking         
000037af  PCM_setCoreVoltageLevelWithTimeout         
000039d1  PCM_setPowerMode                           
000039e1  PCM_setPowerModeNonBlocking                
000039f1  PCM_setPowerModeWithTimeout                
00003ca3  PCM_setPowerState                          
00003cc5  PCM_setPowerStateNonBlocking               
00003cb3  PCM_setPowerStateWithTimeout               
00003cd5  PCM_shutdownDevice                         
00003eab  PCM_unregisterInterrupt                    
00006fef  PORT1_IRQHandler                           
00006fef  PORT2_IRQHandler                           
00006fef  PORT3_IRQHandler                           
00006fef  PORT4_IRQHandler                           
00006fef  PORT5_IRQHandler                           
00006fef  PORT6_IRQHandler                           
00006fef  PSS_IRQHandler                             
00006fef  PendSV_Handler                             
00006fef  RTC_C_IRQHandler                           
00004aad  RTC_C_clearInterruptFlag                   
000048f7  RTC_C_convertBCDToBinary                   
0000490f  RTC_C_convertBinaryToBCD                   
00004853  RTC_C_definePrescaleEvent                  
0000497d  RTC_C_disableInterrupt                     
00004927  RTC_C_enableInterrupt                      
00004785  RTC_C_getCalendarTime                      
00004a4d  RTC_C_getEnabledInterruptStatus            
000049e5  RTC_C_getInterruptStatus                   
0000487b  RTC_C_getPrescaleValue                     
0000466f  RTC_C_holdClock                            
00004713  RTC_C_initCalendar                         
00004af3  RTC_C_registerInterrupt                    
000047eb  RTC_C_setCalendarAlarm                     
00004823  RTC_C_setCalendarEvent                     
000046bd  RTC_C_setCalibrationData                   
0000468d  RTC_C_setCalibrationFrequency              
000048a7  RTC_C_setPrescaleValue                     
000046e9  RTC_C_setTemperatureCompensation           
00004651  RTC_C_startClock                           
00004b11  RTC_C_unregisterInterrupt                  
00006fe3  Reset_Handler                              
00006fef  SVC_Handler                                
00002e49  Single_Write_OLED                          
00005b5f  SysCtl_disableGlitchFilter                 
000059ef  SysCtl_disableNMISource                    
00005af7  SysCtl_disablePeripheralAtCPUHalt          
00005a39  SysCtl_disableSRAMBank                     
00005abd  SysCtl_disableSRAMBankRetention            
00005b53  SysCtl_enableGlitchFilter                  
00005a03  SysCtl_enableNMISource                     
00005ae3  SysCtl_enablePeripheralAtCPUHalt           
00005a1d  SysCtl_enableSRAMBank                      
00005aa1  SysCtl_enableSRAMBankRetention             
000059e9  SysCtl_getFlashSize                        
00005a17  SysCtl_getNMISourceStatus                  
000059e3  SysCtl_getSRAMSize                         
0000596d  SysCtl_getTLVInfo                          
00005b6b  SysCtl_getTempCalibrationConstant          
00005ad9  SysCtl_rebootDevice                        
00005b2f  SysCtl_setWDTPasswordViolationResetType    
00005b0b  SysCtl_setWDTTimeoutResetType              
00006fef  SysTick_Handler                            
00006ae5  SysTick_disableInterrupt                   
00006ab5  SysTick_disableModule                      
00006ad9  SysTick_enableInterrupt                    
00006aa9  SysTick_enableModule                       
00006b03  SysTick_getPeriod                          
00006b0b  SysTick_getValue                           
00006ac1  SysTick_registerInterrupt                  
00006af1  SysTick_setPeriod                          
00006acf  SysTick_unregisterInterrupt                
20000568  SystemCoreClock                            
000053c9  SystemCoreClockUpdate                      
00005641  SystemInit                                 
00006fef  T32_INT1_IRQHandler                        
00006fef  T32_INT2_IRQHandler                        
00006fef  T32_INTC_IRQHandler                        
00006fef  TA0_0_IRQHandler                           
00006fef  TA0_N_IRQHandler                           
00006fef  TA1_0_IRQHandler                           
00006fef  TA1_N_IRQHandler                           
00006fef  TA2_0_IRQHandler                           
00006fef  TA2_N_IRQHandler                           
00006fef  TA3_0_IRQHandler                           
00006fef  TA3_N_IRQHandler                           
00006fef  UsageFault_Handler                         
4000480c  WDTCTL_SYM                                 
00006fef  WDT_A_IRQHandler                           
000065f9  WDT_A_clearTimer                           
000065b9  WDT_A_holdTimer                            
00006635  WDT_A_initIntervalTimer                    
00006619  WDT_A_initWatchdogTimer                    
00006669  WDT_A_registerInterrupt                    
00006651  WDT_A_setPasswordViolationReset            
0000665d  WDT_A_setTimeoutReset                      
000065d9  WDT_A_startTimer                           
0000667d  WDT_A_unregisterInterrupt                  
00001557  __FlashCtl_remaskBurstDataPost             
0000143d  __FlashCtl_remaskBurstDataPre              
00001281  __FlashCtl_remaskData32Post                
00001365  __FlashCtl_remaskData32Pre                 
00001163  __FlashCtl_remaskData8Post                 
000011e3  __FlashCtl_remaskData8Pre                  
20010000  __STACK_END                                
00000200  __STACK_SIZE                               
00007e80  __TI_CINIT_Base                            
00007e98  __TI_CINIT_Limit                           
00007e64  __TI_Handler_Table_Base                    
00007e70  __TI_Handler_Table_Limit                   
00006de9  __TI_auto_init_nobinit_nopinit             
00006b8b  __TI_decompress_lzss                       
00006fd5  __TI_decompress_none                       
00006caf  __TI_ltoa                                  
ffffffff  __TI_pprof_out_hndl                        
000023f9  __TI_printfi                               
ffffffff  __TI_prof_data_size                        
ffffffff  __TI_prof_data_start                       
00000000  __TI_static_base__                         
00006ff1  __TI_zero_init                             
00006923  __aeabi_cdcmpeq                            
00006923  __aeabi_cdcmple                            
000069a9  __aeabi_cdrcmple                           
00006da1  __aeabi_d2iz                               
00005d8b  __aeabi_dadd                               
00006075  __aeabi_ddiv                               
000063e1  __aeabi_dmul                               
00005d81  __aeabi_dsub                               
00007009  __aeabi_errno_addr                         
00006f1d  __aeabi_i2d                                
00002e47  __aeabi_idiv0                              
00002e47  __aeabi_ldiv0                              
00006a2f  __aeabi_memclr                             
00006a2f  __aeabi_memclr4                            
00006a2f  __aeabi_memclr8                            
000067f1  __aeabi_memcpy                             
000067f1  __aeabi_memcpy4                            
000067f1  __aeabi_memcpy8                            
00006a31  __aeabi_memset                             
00006a31  __aeabi_memset4                            
00006a31  __aeabi_memset8                            
0000688d  __aeabi_uldivmod                           
ffffffff  __binit__                                  
ffffffff  __c_args__                                 
UNDEFED   __mpu_init                                 
2000fe00  __stack                                    
20000000  __start___llvm_prf_cnts                    
20000000  __stop___llvm_prf_cnts                     
00006ee9  _c_int00_noargs                            
00007c30  _ctypes_                                   
UNDEFED   _system_post_cinit                         
00007011  _system_pre_init                           
00007015  abort                                      
00006d55  atoi                                       
ffffffff  binit                                      
00006f67  copysign                                   
00006f67  copysignl                                  
00003481  decimal                                    
000034f5  decimal_show                               
000064dd  delay_init                                 
00006527  delay_ms                                   
00006563  delay_us                                   
20000564  errno                                      
00006bf5  frexp                                      
00006bf5  frexpl                                     
20000000  g_pfnRAMVectors                            
20000560  i                                          
00007dc0  i2cConfig                                  
00000000  interruptVectors                           
000062d1  ldexp                                      
000062d1  ldexpl                                     
00006745  main                                       
00006f4b  memccpy                                    
000067f1  memcpy                                     
00006a37  memset                                     
000062d1  scalbn                                     
000062d1  scalbnl                                    
00006e2d  sprintf                                    
00006f99  strchr                                     
00006faf  strlen                                     
00006fc3  wcslen                                     


GLOBAL SYMBOLS: SORTED BY Symbol Address 

address   name                                       
-------   ----                                       
00000000  __TI_static_base__                         
00000000  interruptVectors                           
00000200  __STACK_SIZE                               
0000028f  FlashCtl_getMemoryInfo                     
0000060d  FlashCtl_enableReadBuffering               
00000661  FlashCtl_disableReadBuffering              
000006c1  FlashCtl_unprotectSector                   
00000731  FlashCtl_protectSector                     
00000791  FlashCtl_isSectorProtected                 
0000081d  FlashCtl_verifyMemory                      
00000a85  FlashCtl_setReadMode                       
00000af1  FlashCtl_getReadMode                       
00000b1b  FlashCtl_initiateMassErase                 
00000b41  FlashCtl_performMassErase                  
00000c8d  FlashCtl_eraseSector                       
00000db1  FlashCtl_initiateSectorErase               
00000e49  FlashCtl_programMemory                     
00000fb5  FlashCtl_setProgramVerification            
00000fef  FlashCtl_clearProgramVerification          
00001029  FlashCtl_enableWordProgramming             
00001059  FlashCtl_disableWordProgramming            
00001061  FlashCtl_isWordProgrammingEnabled          
00001081  FlashCtl_setWaitState                      
000010bf  FlashCtl_getWaitState                      
000010ed  FlashCtl_enableInterrupt                   
00001101  FlashCtl_disableInterrupt                  
00001115  FlashCtl_getInterruptStatus                
0000111b  FlashCtl_getEnabledInterruptStatus         
0000112b  FlashCtl_clearInterruptFlag                
0000113f  FlashCtl_registerInterrupt                 
00001153  FlashCtl_unregisterInterrupt               
00001163  __FlashCtl_remaskData8Post                 
000011e3  __FlashCtl_remaskData8Pre                  
00001281  __FlashCtl_remaskData32Post                
00001365  __FlashCtl_remaskData32Pre                 
0000143d  __FlashCtl_remaskBurstDataPre              
00001557  __FlashCtl_remaskBurstDataPost             
000018e1  CS_setExternalClockSourceFrequency         
0000191d  CS_initClockSignal                         
00001a21  CS_startHFXT                               
00001a45  CS_startHFXTWithTimeout                    
00001b09  CS_startLFXT                               
00001b2d  CS_startLFXTWithTimeout                    
00001bfd  CS_enableClockRequest                      
00001c25  CS_disableClockRequest                     
00001c47  CS_setReferenceOscillatorFrequency         
00001c6d  CS_enableDCOExternalResistor               
00001c95  CS_setDCOExternalResistorCalibration       
00001d0b  CS_disableDCOExternalResistor              
00001d29  CS_setDCOCenteredFrequency                 
00001d61  CS_tuneDCOFrequency                        
00001e05  CS_getDCOFrequency                         
00001fa5  CS_setDCOFrequency                         
0000217d  CS_getBCLK                                 
00002199  CS_getHSMCLK                               
000021bd  CS_getACLK                                 
000021e1  CS_getSMCLK                                
00002203  CS_getMCLK                                 
00002225  CS_enableFaultCounter                      
00002251  CS_disableFaultCounter                     
0000227d  CS_resetFaultCounter                       
000022c9  CS_startFaultCounter                       
00002319  CS_enableInterrupt                         
0000233b  CS_disableInterrupt                        
0000235d  CS_getInterruptStatus                      
00002363  CS_getEnabledInterruptStatus               
0000237d  CS_clearInterruptFlag                      
0000239f  CS_registerInterrupt                       
000023b3  CS_unregisterInterrupt                     
000023f9  __TI_printfi                               
00002e47  __aeabi_idiv0                              
00002e47  __aeabi_ldiv0                              
00002e49  Single_Write_OLED                          
00002f0f  OLED_WRITE_COM                             
00002f21  OLED_WRITE_dat                             
00002f33  OLED_Set_Pos                               
00002f6d  OLED_All                                   
00002fd5  OLED_CLC                                   
00002fdf  Draw_BMP                                   
0000303b  I2C_OLED_Init                              
000030d9  OLED_DrawPoint                             
0000317d  OLED_Fill                                  
000031e5  OLED_Refresh_Gram                          
00003247  OLED_P6x8Str                               
000032f3  OLED_P8x16Str                              
000033e1  OLED_P16x16Ch                              
00003481  decimal                                    
000034f5  decimal_show                               
0000379f  PCM_setCoreVoltageLevel                    
000037af  PCM_setCoreVoltageLevelWithTimeout         
000037c1  PCM_setCoreVoltageLevelNonBlocking         
000037d1  PCM_getPowerMode                           
0000382b  PCM_getCoreVoltageLevel                    
000039d1  PCM_setPowerMode                           
000039e1  PCM_setPowerModeNonBlocking                
000039f1  PCM_setPowerModeWithTimeout                
00003ca3  PCM_setPowerState                          
00003cb3  PCM_setPowerStateWithTimeout               
00003cc5  PCM_setPowerStateNonBlocking               
00003cd5  PCM_shutdownDevice                         
00003d19  PCM_gotoLPM4                               
00003d29  PCM_gotoLPM4InterruptSafe                  
00003d45  PCM_gotoLPM0                               
00003d63  PCM_gotoLPM0InterruptSafe                  
00003d7f  PCM_gotoLPM3                               
00003df7  PCM_gotoLPM3InterruptSafe                  
00003e13  PCM_getPowerState                          
00003e1f  PCM_enableRudeMode                         
00003e31  PCM_disableRudeMode                        
00003e45  PCM_enableInterrupt                        
00003e59  PCM_disableInterrupt                       
00003e6d  PCM_getInterruptStatus                     
00003e73  PCM_getEnabledInterruptStatus              
00003e83  PCM_clearInterruptFlag                     
00003e97  PCM_registerInterrupt                      
00003eab  PCM_unregisterInterrupt                    
00003ee1  I2C_initMaster                             
00003f43  I2C_initSlave                              
00003f7d  I2C_enableModule                           
00003f93  I2C_disableModule                          
00003fa9  I2C_setSlaveAddress                        
00003fbd  I2C_setMode                                
00003fd9  I2C_masterReceiveSingleByte                
0000400d  I2C_slavePutData                           
00004023  I2C_slaveGetData                           
00004037  I2C_isBusBusy                              
00004049  I2C_masterSendSingleByte                   
000040af  I2C_masterSendSingleByteWithTimeout        
0000413b  I2C_masterSendMultiByteStart               
0000417d  I2C_masterSendMultiByteStartWithTimeout    
000041d9  I2C_masterSendMultiByteNext                
000041ef  I2C_masterSendMultiByteNextWithTimeout     
0000422d  I2C_masterSendMultiByteFinish              
00004279  I2C_masterSendMultiByteFinishWithTimeout   
000042df  I2C_masterSendMultiByteStop                
000042f9  I2C_masterSendMultiByteStopWithTimeout     
0000433b  I2C_masterReceiveStart                     
00004355  I2C_masterReceiveMultiByteNext             
00004369  I2C_masterReceiveMultiByteFinish           
000043a5  I2C_masterReceiveMultiByteFinishWithTimeout
00004409  I2C_masterReceiveMultiByteStop             
0000441d  I2C_masterReceiveSingle                    
00004447  I2C_getReceiveBufferAddressForDMA          
00004455  I2C_getTransmitBufferAddressForDMA         
00004463  I2C_masterIsStopSent                       
00004475  I2C_masterIsStartSent                      
0000448d  I2C_masterSendStart                        
000044a1  I2C_enableMultiMasterMode                  
000044c1  I2C_disableMultiMasterMode                 
000044e1  I2C_enableInterrupt                        
000044f7  I2C_disableInterrupt                       
0000450d  I2C_clearInterruptFlag                     
00004523  I2C_getInterruptStatus                     
0000453b  I2C_getEnabledInterruptStatus              
0000454b  I2C_getMode                                
0000455d  I2C_registerInterrupt                      
000045c3  I2C_unregisterInterrupt                    
0000461f  I2C_slaveSendNAK                           
00004651  RTC_C_startClock                           
0000466f  RTC_C_holdClock                            
0000468d  RTC_C_setCalibrationFrequency              
000046bd  RTC_C_setCalibrationData                   
000046e9  RTC_C_setTemperatureCompensation           
00004713  RTC_C_initCalendar                         
00004785  RTC_C_getCalendarTime                      
000047eb  RTC_C_setCalendarAlarm                     
00004823  RTC_C_setCalendarEvent                     
00004853  RTC_C_definePrescaleEvent                  
0000487b  RTC_C_getPrescaleValue                     
000048a7  RTC_C_setPrescaleValue                     
000048f7  RTC_C_convertBCDToBinary                   
0000490f  RTC_C_convertBinaryToBCD                   
00004927  RTC_C_enableInterrupt                      
0000497d  RTC_C_disableInterrupt                     
000049e5  RTC_C_getInterruptStatus                   
00004a4d  RTC_C_getEnabledInterruptStatus            
00004aad  RTC_C_clearInterruptFlag                   
00004af3  RTC_C_registerInterrupt                    
00004b11  RTC_C_unregisterInterrupt                  
00004b59  GPIO_setAsOutputPin                        
00004b93  GPIO_setAsInputPin                         
00004bd9  GPIO_setAsPeripheralModuleFunctionOutputPin
00004c5d  GPIO_setAsPeripheralModuleFunctionInputPin 
00004ce1  GPIO_setOutputHighOnPin                    
00004d03  GPIO_setOutputLowOnPin                     
00004d25  GPIO_toggleOutputOnPin                     
00004d47  GPIO_setAsInputPinWithPullDownResistor     
00004d99  GPIO_setAsInputPinWithPullUpResistor       
00004deb  GPIO_getInputPinValue                      
00004e19  GPIO_enableInterrupt                       
00004e3b  GPIO_disableInterrupt                      
00004e5d  GPIO_getInterruptStatus                    
00004e7b  GPIO_clearInterruptFlag                    
00004e9d  GPIO_interruptEdgeSelect                   
00004ed3  GPIO_getEnabledInterruptStatus             
00004f4f  GPIO_setDriveStrengthHigh                  
00004f71  GPIO_setDriveStrengthLow                   
00004f93  GPIO_registerInterrupt                     
00004fb3  GPIO_unregisterInterrupt                   
00004fdb  Interrupt_enableMaster                     
00004feb  Interrupt_disableMaster                    
00004ffb  Interrupt_registerInterrupt                
0000504d  Interrupt_unregisterInterrupt              
00005061  Interrupt_setPriorityGrouping              
0000507b  Interrupt_getPriorityGrouping              
000050b3  Interrupt_setPriority                      
00005103  Interrupt_getPriority                      
00005129  Interrupt_enableInterrupt                  
0000519b  Interrupt_disableInterrupt                 
0000520d  Interrupt_isEnabled                        
00005299  Interrupt_pendInterrupt                    
00005309  Interrupt_unpendInterrupt                  
00005357  Interrupt_setPriorityMask                  
00005367  Interrupt_getPriorityMask                  
00005371  Interrupt_setVectorTableAddress            
00005381  Interrupt_getVectorTableAddress            
00005387  Interrupt_enableSleepOnIsrExit             
00005399  Interrupt_disableSleepOnIsrExit            
000053c9  SystemCoreClockUpdate                      
00005641  SystemInit                                 
0000596d  SysCtl_getTLVInfo                          
000059e3  SysCtl_getSRAMSize                         
000059e9  SysCtl_getFlashSize                        
000059ef  SysCtl_disableNMISource                    
00005a03  SysCtl_enableNMISource                     
00005a17  SysCtl_getNMISourceStatus                  
00005a1d  SysCtl_enableSRAMBank                      
00005a39  SysCtl_disableSRAMBank                     
00005aa1  SysCtl_enableSRAMBankRetention             
00005abd  SysCtl_disableSRAMBankRetention            
00005ad9  SysCtl_rebootDevice                        
00005ae3  SysCtl_enablePeripheralAtCPUHalt           
00005af7  SysCtl_disablePeripheralAtCPUHalt          
00005b0b  SysCtl_setWDTTimeoutResetType              
00005b2f  SysCtl_setWDTPasswordViolationResetType    
00005b53  SysCtl_enableGlitchFilter                  
00005b5f  SysCtl_disableGlitchFilter                 
00005b6b  SysCtl_getTempCalibrationConstant          
00005d81  __aeabi_dsub                               
00005d8b  __aeabi_dadd                               
00006075  __aeabi_ddiv                               
000062d1  ldexp                                      
000062d1  ldexpl                                     
000062d1  scalbn                                     
000062d1  scalbnl                                    
000063e1  __aeabi_dmul                               
000064dd  delay_init                                 
00006527  delay_ms                                   
00006563  delay_us                                   
000065b9  WDT_A_holdTimer                            
000065d9  WDT_A_startTimer                           
000065f9  WDT_A_clearTimer                           
00006619  WDT_A_initWatchdogTimer                    
00006635  WDT_A_initIntervalTimer                    
00006651  WDT_A_setPasswordViolationReset            
0000665d  WDT_A_setTimeoutReset                      
00006669  WDT_A_registerInterrupt                    
0000667d  WDT_A_unregisterInterrupt                  
00006745  main                                       
000067f1  __aeabi_memcpy                             
000067f1  __aeabi_memcpy4                            
000067f1  __aeabi_memcpy8                            
000067f1  memcpy                                     
0000688d  __aeabi_uldivmod                           
00006923  __aeabi_cdcmpeq                            
00006923  __aeabi_cdcmple                            
000069a9  __aeabi_cdrcmple                           
00006a2f  __aeabi_memclr                             
00006a2f  __aeabi_memclr4                            
00006a2f  __aeabi_memclr8                            
00006a31  __aeabi_memset                             
00006a31  __aeabi_memset4                            
00006a31  __aeabi_memset8                            
00006a37  memset                                     
00006aa9  SysTick_enableModule                       
00006ab5  SysTick_disableModule                      
00006ac1  SysTick_registerInterrupt                  
00006acf  SysTick_unregisterInterrupt                
00006ad9  SysTick_enableInterrupt                    
00006ae5  SysTick_disableInterrupt                   
00006af1  SysTick_setPeriod                          
00006b03  SysTick_getPeriod                          
00006b0b  SysTick_getValue                           
00006b8b  __TI_decompress_lzss                       
00006bf5  frexp                                      
00006bf5  frexpl                                     
00006caf  __TI_ltoa                                  
00006d55  atoi                                       
00006da1  __aeabi_d2iz                               
00006de9  __TI_auto_init_nobinit_nopinit             
00006e2d  sprintf                                    
00006eab  CPU_cpsid                                  
00006eb7  CPU_primask                                
00006ec1  CPU_cpsie                                  
00006ecd  CPU_wfi                                    
00006ed1  CPU_basepriSet                             
00006edf  CPU_basepriGet                             
00006ee9  _c_int00_noargs                            
00006f1d  __aeabi_i2d                                
00006f4b  memccpy                                    
00006f67  copysign                                   
00006f67  copysignl                                  
00006f99  strchr                                     
00006faf  strlen                                     
00006fc3  wcslen                                     
00006fd5  __TI_decompress_none                       
00006fe3  Reset_Handler                              
00006fef  ADC14_IRQHandler                           
00006fef  AES256_IRQHandler                          
00006fef  BusFault_Handler                           
00006fef  COMP_E0_IRQHandler                         
00006fef  COMP_E1_IRQHandler                         
00006fef  CS_IRQHandler                              
00006fef  DMA_ERR_IRQHandler                         
00006fef  DMA_INT0_IRQHandler                        
00006fef  DMA_INT1_IRQHandler                        
00006fef  DMA_INT2_IRQHandler                        
00006fef  DMA_INT3_IRQHandler                        
00006fef  DebugMon_Handler                           
00006fef  Default_Handler                            
00006fef  EUSCIA0_IRQHandler                         
00006fef  EUSCIA1_IRQHandler                         
00006fef  EUSCIA2_IRQHandler                         
00006fef  EUSCIA3_IRQHandler                         
00006fef  EUSCIB0_IRQHandler                         
00006fef  EUSCIB1_IRQHandler                         
00006fef  EUSCIB2_IRQHandler                         
00006fef  EUSCIB3_IRQHandler                         
00006fef  FLCTL_IRQHandler                           
00006fef  FPU_IRQHandler                             
00006fef  HardFault_Handler                          
00006fef  MemManage_Handler                          
00006fef  NMI_Handler                                
00006fef  PCM_IRQHandler                             
00006fef  PORT1_IRQHandler                           
00006fef  PORT2_IRQHandler                           
00006fef  PORT3_IRQHandler                           
00006fef  PORT4_IRQHandler                           
00006fef  PORT5_IRQHandler                           
00006fef  PORT6_IRQHandler                           
00006fef  PSS_IRQHandler                             
00006fef  PendSV_Handler                             
00006fef  RTC_C_IRQHandler                           
00006fef  SVC_Handler                                
00006fef  SysTick_Handler                            
00006fef  T32_INT1_IRQHandler                        
00006fef  T32_INT2_IRQHandler                        
00006fef  T32_INTC_IRQHandler                        
00006fef  TA0_0_IRQHandler                           
00006fef  TA0_N_IRQHandler                           
00006fef  TA1_0_IRQHandler                           
00006fef  TA1_N_IRQHandler                           
00006fef  TA2_0_IRQHandler                           
00006fef  TA2_N_IRQHandler                           
00006fef  TA3_0_IRQHandler                           
00006fef  TA3_N_IRQHandler                           
00006fef  UsageFault_Handler                         
00006fef  WDT_A_IRQHandler                           
00006ff1  __TI_zero_init                             
00007009  __aeabi_errno_addr                         
00007011  _system_pre_init                           
00007015  C$$EXIT                                    
00007015  abort                                      
00007018  F8X16                                      
00007608  F16x16                                     
00007a08  F6x8                                       
00007c30  _ctypes_                                   
00007dc0  i2cConfig                                  
00007e64  __TI_Handler_Table_Base                    
00007e70  __TI_Handler_Table_Limit                   
00007e80  __TI_CINIT_Base                            
00007e98  __TI_CINIT_Limit                           
20000000  __start___llvm_prf_cnts                    
20000000  __stop___llvm_prf_cnts                     
20000000  g_pfnRAMVectors                            
200000e4  OLED_GRAM                                  
20000560  i                                          
20000564  errno                                      
20000568  SystemCoreClock                            
2000fe00  __stack                                    
20010000  __STACK_END                                
4000480c  WDTCTL_SYM                                 
ffffffff  __TI_pprof_out_hndl                        
ffffffff  __TI_prof_data_size                        
ffffffff  __TI_prof_data_start                       
ffffffff  __binit__                                  
ffffffff  __c_args__                                 
ffffffff  binit                                      
UNDEFED   __mpu_init                                 
UNDEFED   _system_post_cinit                         

[390 symbols]
