******************************************************************************
                  TI ARM Linker PC v20.2.4                     
******************************************************************************
>> Linked Sat May  1 18:06:20 2021

OUTPUT FILE NAME:   <LMT70.out>
ENTRY POINT SYMBOL: "_c_int00_noargs"  address: 00006ead


MEMORY CONFIGURATION

         name            origin    length      used     unused   attr    fill
----------------------  --------  ---------  --------  --------  ----  --------
  MAIN                  00000000   00040000  0000734c  00038cb4  R  X
  INFO                  00200000   00004000  00000000  00004000  R  X
  SRAM_CODE             01000000   00010000  0000054c  0000fab4  RW X
  SRAM_DATA             20000000   00010000  0000054c  0000fab4  RW  


SEGMENT ALLOCATION MAP

run origin  load origin   length   init length attrs members
----------  ----------- ---------- ----------- ----- -------
00000000    00000000    00007350   00007350    r-x
  00000000    00000000    000000e4   000000e4    r-- .intvecs
  000000e4    000000e4    00006f1c   00006f1c    r-x .text
  00007000    00007000    000001c4   000001c4    r-- .const
  000071c8    000071c8    00000188   00000188    r-- .cinit
20000000    20000000    0000034c   00000000    rw-
  20000000    20000000    000000e4   00000000    rw- .vtable
  200000e4    200000e4    00000258   00000000    rw- .data
  2000033c    2000033c    00000010   00000000    rw- .bss
2000fe00    2000fe00    00000200   00000000    rw-
  2000fe00    2000fe00    00000200   00000000    rw- .stack


SECTION ALLOCATION MAP

 output                                  attributes/
section   page    origin      length       input sections
--------  ----  ----------  ----------   ----------------
.intvecs   0    00000000    000000e4     
                  00000000    000000e4     startup_msp432p401r_ccs.obj (.intvecs:retain)

.text      0    000000e4    00006f1c     
                  000000e4    00001598     flash.obj (.text)
                  0000167c    00000d7c     cs.obj (.text)
                  000023f8    00000a4e     rtsv7M4_T_le_v4SPD16_eabi.lib : _printfi.c.obj (.text:__TI_printfi)
                  00002e46    00000002                                   : _lock.c.obj (.text:_nop)
                  00002e48    00000838     pcm.obj (.text)
                  00003680    00000770     i2c.obj (.text)
                  00003df0    00000508     rtc_c.obj (.text)
                  000042f8    00000480     gpio.obj (.text)
                  00004778    0000041c     uart.obj (.text)
                  00004b94    000003f0     interrupt.obj (.text)
                  00004f84    000003a4     lmt70.obj (.text)
                  00005328    00000334     system_msp432p401r.obj (.text)
                  0000565c    00000270     rtsv7M4_T_le_v4SPD16_eabi.lib : _printfi.c.obj (.text:_pconv_a)
                  000058cc    00000244     sysctl.obj (.text)
                  00005b10    000001d0     rtsv7M4_T_le_v4SPD16_eabi.lib : _printfi.c.obj (.text:_pconv_g)
                  00005ce0    000001b6                                   : fd_add_t2.asm.obj (.text)
                  00005e96    00000002                                   : div0.asm.obj (.text)
                  00005e98    0000013c                                   : _printfi.c.obj (.text:_pconv_e)
                  00005fd4    00000136                                   : fd_div_t2.asm.obj (.text)
                  0000610a    00000002     --HOLE-- [fill = 0]
                  0000610c    00000124                                   : _printfi.c.obj (.text:fcvt)
                  00006230    00000110                                   : s_scalbn.c.obj (.text:scalbn)
                  00006340    000000fc                                   : fd_mul_t2.asm.obj (.text)
                  0000643c    000000dc     delay.obj (.text)
                  00006518    000000d8     wdt_a.obj (.text)
                  000065f0    000000b1     rtsv7M4_T_le_v4SPD16_eabi.lib : _printfi.c.obj (.text:_ltostr)
                  000066a1    00000001     --HOLE-- [fill = 0]
                  000066a2    0000009c                                   : memcpy_t2.asm.obj (.text)
                  0000673e    00000096                                   : ull_div_t2.asm.obj (.text)
                  000067d4    00000086                                   : fd_cmp_t2.asm.obj (.text:__aeabi_cdcmple)
                  0000685a    00000086                                   : fd_cmp_t2.asm.obj (.text:__aeabi_cdrcmple)
                  000068e0    0000007a                                   : memset_t2.asm.obj (.text)
                  0000695a    00000002     --HOLE-- [fill = 0]
                  0000695c    00000074     systick.obj (.text)
                  000069d0    0000006e     rtsv7M4_T_le_v4SPD16_eabi.lib : _printfi.c.obj (.text:_mcpy)
                  00006a3e    00000002     --HOLE-- [fill = 0]
                  00006a40    0000006c     usart.obj (.text)
                  00006aac    00000068     rtsv7M4_T_le_v4SPD16_eabi.lib : copy_decompress_lzss.c.obj (.text:decompress:lzss:__TI_decompress_lzss)
                  00006b14    00000068                                   : printf.c.obj (.text:printf)
                  00006b7c    00000064                                   : s_frexp.c.obj (.text:frexp)
                  00006be0    00000056                                   : _printfi.c.obj (.text:_pconv_f)
                  00006c36    00000054                                   : _ltoa.c.obj (.text:__TI_ltoa)
                  00006c8a    00000052                                   : _printfi.c.obj (.text:_ecpy)
                  00006cdc    0000004c                                   : atoi.c.obj (.text:atoi)
                  00006d28    00000048                                   : fd_toi_t2.asm.obj (.text)
                  00006d70    00000044                                   : autoinit.c.obj (.text:__TI_auto_init_nobinit_nopinit:__TI_auto_init_nobinit_nopinit)
                  00006db4    00000044     main.obj (.text)
                  00006df8    0000003e     rtsv7M4_T_le_v4SPD16_eabi.lib : _printfi.c.obj (.text:_fcpy)
                  00006e36    0000003e     cpu.obj (.text)
                  00006e74    00000038     rtsv7M4_T_le_v4SPD16_eabi.lib : fs_tod_t2.asm.obj (.text)
                  00006eac    00000034                                   : boot_cortex_m.c.obj (.text:_c_int00_noargs:_c_int00_noargs)
                  00006ee0    0000002e                                   : i_tofd_t2.asm.obj (.text)
                  00006f0e    00000002     --HOLE-- [fill = 0]
                  00006f10    0000002c     useri2c.obj (.text)
                  00006f3c    0000001c     rtsv7M4_T_le_v4SPD16_eabi.lib : copy_zero_init.c.obj (.text:decompress:ZI:__TI_zero_init_nomemset:__TI_zero_init_nomemset)
                  00006f58    0000001c                                   : memccpy.c.obj (.text:memccpy)
                  00006f74    0000001a                                   : s_copysign.c.obj (.text:copysign)
                  00006f8e    00000016                                   : strchr.c.obj (.text:strchr)
                  00006fa4    00000014                                   : strlen.c.obj (.text:strlen)
                  00006fb8    00000012                                   : wcslen.c.obj (.text:wcslen)
                  00006fca    0000000e                                   : copy_decompress_none.c.obj (.text:decompress:none:__TI_decompress_none)
                  00006fd8    0000000e     startup_msp432p401r_ccs.obj (.text)
                  00006fe6    00000002     --HOLE-- [fill = 0]
                  00006fe8    00000008     rtsv7M4_T_le_v4SPD16_eabi.lib : errno.c.obj (.text:__aeabi_errno_addr)
                  00006ff0    00000004                                   : printf.c.obj (.text:_outc)
                  00006ff4    00000004                                   : printf.c.obj (.text:_outs)
                  00006ff8    00000004                                   : pre_init.c.obj (.text:_system_pre_init)
                  00006ffc    00000004                                   : exit.c.obj (.text:abort:abort)

.const     0    00007000    000001c4     
                  00007000    00000101     rtsv7M4_T_le_v4SPD16_eabi.lib : ctype.c.obj (.const:.string:_ctypes_)
                  00007101    00000003     --HOLE-- [fill = 0]
                  00007104    00000050     interrupt.obj (.const:g_pulRegs)
                  00007154    00000020     interrupt.obj (.const:g_pulPriority)
                  00007174    0000001c     gpio.obj (.const:GPIO_PORT_TO_INT)
                  00007190    00000014     useri2c.obj (.const:i2cConfig1)
                  000071a4    00000008     interrupt.obj (.const:g_pulDisRegs)
                  000071ac    00000008     interrupt.obj (.const:g_pulEnRegs)
                  000071b4    00000008     interrupt.obj (.const:g_pulPendRegs)
                  000071bc    00000008     interrupt.obj (.const:g_pulUnpendRegs)

.cinit     0    000071c8    00000188     
                  000071c8    00000151     (.cinit..data.load) [load image, compression = lzss]
                  00007319    00000003     --HOLE-- [fill = 0]
                  0000731c    0000000c     (__TI_handler_table)
                  00007328    00000008     (.cinit..bss.load) [load image, compression = zero_init]
                  00007330    00000008     (.cinit..vtable.load) [load image, compression = zero_init]
                  00007338    00000018     (__TI_cinit_table)

.init_array 
*          0    00000000    00000000     UNINITIALIZED

.binit     0    00000000    00000000     

.vtable    0    20000000    000000e4     UNINITIALIZED
                  20000000    000000e4     interrupt.obj (.vtable)

.data      0    200000e4    00000258     UNINITIALIZED
                  200000e4    000000f0     rtsv7M4_T_le_v4SPD16_eabi.lib : defs.c.obj (.data:_ftable)
                  200001d4    00000054     lmt70.obj (.data:slope_tabl)
                  20000228    00000054     lmt70.obj (.data:v2t_tabl)
                  2000027c    00000040     flash.obj (.data:__getBurstProgramRegs)
                  200002bc    00000030     gpio.obj (.data:GPIO_PORT_TO_BASE)
                  200002ec    00000024     usart.obj (.data:uartConfig)
                  20000310    00000014     lmt70.obj (.data)
                  20000324    00000008     rtsv7M4_T_le_v4SPD16_eabi.lib : _lock.c.obj (.data:$O1$$)
                  2000032c    00000004     delay.obj (.data)
                  20000330    00000004     main.obj (.data)
                  20000334    00000004     rtsv7M4_T_le_v4SPD16_eabi.lib : errno.c.obj (.data)
                  20000338    00000004     system_msp432p401r.obj (.data)

.bss       0    2000033c    00000010     UNINITIALIZED
                  2000033c    00000008     cs.obj (.bss)
                  20000344    00000004     (.common:i)
                  20000348    00000001     (.common:config)
                  20000349    00000001     (.common:elech)
                  2000034a    00000001     (.common:elecl)
                  2000034b    00000001     (.common:elecm)

.stack     0    2000fe00    00000200     UNINITIALIZED
                  2000fe00    00000004     rtsv7M4_T_le_v4SPD16_eabi.lib : boot_cortex_m.c.obj (.stack)
                  2000fe04    000001fc     --HOLE--

__llvm_prf_cnts 
*          0    20000000    00000000     UNINITIALIZED

MODULE SUMMARY

       Module                        code    ro data   rw data
       ------                        ----    -------   -------
    .\
       system_msp432p401r.obj        820     0         8      
       startup_msp432p401r_ccs.obj   14      228       0      
       main.obj                      68      0         8      
    +--+-----------------------------+-------+---------+---------+
       Total:                        902     228       16     
                                                              
    .\driverlib\MSP432P4xx\
       flash.obj                     5528    0         128    
       cs.obj                        3452    0         16     
       pcm.obj                       2104    0         0      
       i2c.obj                       1904    0         0      
       interrupt.obj                 1008    144       456    
       rtc_c.obj                     1288    0         0      
       gpio.obj                      1152    28        96     
       uart.obj                      1052    0         0      
       sysctl.obj                    580     0         0      
       wdt_a.obj                     216     0         0      
       systick.obj                   116     0         0      
       cpu.obj                       62      0         0      
    +--+-----------------------------+-------+---------+---------+
       Total:                        18462   172       696    
                                                              
    .\hardware\LMT70\
       lmt70.obj                     932     0         392    
    +--+-----------------------------+-------+---------+---------+
       Total:                        932     0         392    
                                                              
    .\software\I2c\
       useri2c.obj                   44      20        0      
    +--+-----------------------------+-------+---------+---------+
       Total:                        44      20        0      
                                                              
    .\software\delay\
       delay.obj                     220     0         8      
    +--+-----------------------------+-------+---------+---------+
       Total:                        220     0         8      
                                                              
    .\software\usart\
       usart.obj                     108     0         72     
    +--+-----------------------------+-------+---------+---------+
       Total:                        108     0         72     
                                                              
    C:\ti\ccs1030\ccs\tools\compiler\ti-cgt-arm_20.2.4.LTS\lib\rtsv7M4_T_le_v4SPD16_eabi.lib
       _printfi.c.obj                4851    0         0      
       defs.c.obj                    0       0         480    
       fd_add_t2.asm.obj             438     0         0      
       fd_div_t2.asm.obj             310     0         0      
       s_scalbn.c.obj                272     0         0      
       fd_cmp_t2.asm.obj             268     0         0      
       ctype.c.obj                   0       257       0      
       fd_mul_t2.asm.obj             252     0         0      
       memcpy_t2.asm.obj             156     0         0      
       ull_div_t2.asm.obj            150     0         0      
       memset_t2.asm.obj             122     0         0      
       printf.c.obj                  112     0         0      
       copy_decompress_lzss.c.obj    104     0         0      
       s_frexp.c.obj                 100     0         0      
       _ltoa.c.obj                   84      0         0      
       atoi.c.obj                    76      0         0      
       fd_toi_t2.asm.obj             72      0         0      
       autoinit.c.obj                68      0         0      
       fs_tod_t2.asm.obj             56      0         0      
       boot_cortex_m.c.obj           52      0         0      
       i_tofd_t2.asm.obj             46      0         0      
       copy_zero_init.c.obj          28      0         0      
       memccpy.c.obj                 28      0         0      
       s_copysign.c.obj              26      0         0      
       strchr.c.obj                  22      0         0      
       strlen.c.obj                  20      0         0      
       _lock.c.obj                   2       0         16     
       wcslen.c.obj                  18      0         0      
       errno.c.obj                   8       0         8      
       copy_decompress_none.c.obj    14      0         0      
       exit.c.obj                    4       0         0      
       pre_init.c.obj                4       0         0      
       div0.asm.obj                  2       0         0      
    +--+-----------------------------+-------+---------+---------+
       Total:                        7765    257       504    
                                                              
       Stack:                        0       0         1024   
       Linker Generated:             0       389       0      
    +--+-----------------------------+-------+---------+---------+
       Grand Total:                  28433   1066      2712   


LINKER GENERATED COPY TABLES

__TI_cinit_table @ 00007338 records: 3, size/record: 8, table size: 24
	.data: load addr=000071c8, load size=00000151 bytes, run addr=200000e4, run size=00000258 bytes, compression=lzss
	.bss: load addr=00007328, load size=00000008 bytes, run addr=2000033c, run size=00000010 bytes, compression=zero_init
	.vtable: load addr=00007330, load size=00000008 bytes, run addr=20000000, run size=000000e4 bytes, compression=zero_init


LINKER GENERATED HANDLER TABLE

__TI_handler_table @ 0000731c records: 3, size/record: 4, table size: 12
	index: 0, handler: __TI_zero_init
	index: 1, handler: __TI_decompress_lzss
	index: 2, handler: __TI_decompress_none


GLOBAL SYMBOLS: SORTED ALPHABETICALLY BY Name 

address   name                                       
-------   ----                                       
00006fe5  ADC14_IRQHandler                           
20000314  AD_B_Result                                
20000318  AD_F_Result                                
00006fe5  AES256_IRQHandler                          
00006fe5  BusFault_Handler                           
00006ffd  C$$EXIT                                    
00006fe5  COMP_E0_IRQHandler                         
00006fe5  COMP_E1_IRQHandler                         
00006e6b  CPU_basepriGet                             
00006e5d  CPU_basepriSet                             
00006e37  CPU_cpsid                                  
00006e4d  CPU_cpsie                                  
00006e43  CPU_primask                                
00006e59  CPU_wfi                                    
00006fe5  CS_IRQHandler                              
0000237d  CS_clearInterruptFlag                      
00001c25  CS_disableClockRequest                     
00001d0b  CS_disableDCOExternalResistor              
00002251  CS_disableFaultCounter                     
0000233b  CS_disableInterrupt                        
00001bfd  CS_enableClockRequest                      
00001c6d  CS_enableDCOExternalResistor               
00002225  CS_enableFaultCounter                      
00002319  CS_enableInterrupt                         
000021bd  CS_getACLK                                 
0000217d  CS_getBCLK                                 
00001e05  CS_getDCOFrequency                         
00002363  CS_getEnabledInterruptStatus               
00002199  CS_getHSMCLK                               
0000235d  CS_getInterruptStatus                      
00002203  CS_getMCLK                                 
000021e1  CS_getSMCLK                                
0000191d  CS_initClockSignal                         
0000239f  CS_registerInterrupt                       
0000227d  CS_resetFaultCounter                       
00001d29  CS_setDCOCenteredFrequency                 
00001c95  CS_setDCOExternalResistorCalibration       
00001fa5  CS_setDCOFrequency                         
000018e1  CS_setExternalClockSourceFrequency         
00001c47  CS_setReferenceOscillatorFrequency         
000022c9  CS_startFaultCounter                       
00001a21  CS_startHFXT                               
00001a45  CS_startHFXTWithTimeout                    
00001b09  CS_startLFXT                               
00001b2d  CS_startLFXTWithTimeout                    
00001d61  CS_tuneDCOFrequency                        
000023b3  CS_unregisterInterrupt                     
00006fe5  DMA_ERR_IRQHandler                         
00006fe5  DMA_INT0_IRQHandler                        
00006fe5  DMA_INT1_IRQHandler                        
00006fe5  DMA_INT2_IRQHandler                        
00006fe5  DMA_INT3_IRQHandler                        
00006fe5  DebugMon_Handler                           
00006fe5  Default_Handler                            
00006fe5  EUSCIA0_IRQHandler                         
00006fe5  EUSCIA1_IRQHandler                         
00006fe5  EUSCIA2_IRQHandler                         
00006fe5  EUSCIA3_IRQHandler                         
00006fe5  EUSCIB0_IRQHandler                         
00006fe5  EUSCIB1_IRQHandler                         
00006fe5  EUSCIB2_IRQHandler                         
00006fe5  EUSCIB3_IRQHandler                         
00006fe5  FLCTL_IRQHandler                           
00006fe5  FPU_IRQHandler                             
0000112b  FlashCtl_clearInterruptFlag                
00000fef  FlashCtl_clearProgramVerification          
00001101  FlashCtl_disableInterrupt                  
00000661  FlashCtl_disableReadBuffering              
00001059  FlashCtl_disableWordProgramming            
000010ed  FlashCtl_enableInterrupt                   
0000060d  FlashCtl_enableReadBuffering               
00001029  FlashCtl_enableWordProgramming             
00000c8d  FlashCtl_eraseSector                       
0000111b  FlashCtl_getEnabledInterruptStatus         
00001115  FlashCtl_getInterruptStatus                
0000028f  FlashCtl_getMemoryInfo                     
00000af1  FlashCtl_getReadMode                       
000010bf  FlashCtl_getWaitState                      
00000b1b  FlashCtl_initiateMassErase                 
00000db1  FlashCtl_initiateSectorErase               
00000791  FlashCtl_isSectorProtected                 
00001061  FlashCtl_isWordProgrammingEnabled          
00000b41  FlashCtl_performMassErase                  
00000e49  FlashCtl_programMemory                     
00000731  FlashCtl_protectSector                     
0000113f  FlashCtl_registerInterrupt                 
00000fb5  FlashCtl_setProgramVerification            
00000a85  FlashCtl_setReadMode                       
00001081  FlashCtl_setWaitState                      
000006c1  FlashCtl_unprotectSector                   
00001153  FlashCtl_unregisterInterrupt               
0000081d  FlashCtl_verifyMemory                      
0000461b  GPIO_clearInterruptFlag                    
000045db  GPIO_disableInterrupt                      
000045b9  GPIO_enableInterrupt                       
00004673  GPIO_getEnabledInterruptStatus             
0000458b  GPIO_getInputPinValue                      
000045fd  GPIO_getInterruptStatus                    
0000463d  GPIO_interruptEdgeSelect                   
00004733  GPIO_registerInterrupt                     
00004333  GPIO_setAsInputPin                         
000044e7  GPIO_setAsInputPinWithPullDownResistor     
00004539  GPIO_setAsInputPinWithPullUpResistor       
000042f9  GPIO_setAsOutputPin                        
000043fd  GPIO_setAsPeripheralModuleFunctionInputPin 
00004379  GPIO_setAsPeripheralModuleFunctionOutputPin
000046ef  GPIO_setDriveStrengthHigh                  
00004711  GPIO_setDriveStrengthLow                   
00004481  GPIO_setOutputHighOnPin                    
000044a3  GPIO_setOutputLowOnPin                     
000044c5  GPIO_toggleOutputOnPin                     
00004753  GPIO_unregisterInterrupt                   
00006fe5  HardFault_Handler                          
00003cad  I2C_clearInterruptFlag                     
00003c97  I2C_disableInterrupt                       
00003733  I2C_disableModule                          
00003c61  I2C_disableMultiMasterMode                 
00003c81  I2C_enableInterrupt                        
0000371d  I2C_enableModule                           
00003c41  I2C_enableMultiMasterMode                  
00003cdb  I2C_getEnabledInterruptStatus              
00003cc3  I2C_getInterruptStatus                     
00003ceb  I2C_getMode                                
00003be7  I2C_getReceiveBufferAddressForDMA          
00003bf5  I2C_getTransmitBufferAddressForDMA         
00003681  I2C_initMaster                             
000036e3  I2C_initSlave                              
000037d7  I2C_isBusBusy                              
00003c15  I2C_masterIsStartSent                      
00003c03  I2C_masterIsStopSent                       
00003b09  I2C_masterReceiveMultiByteFinish           
00003b45  I2C_masterReceiveMultiByteFinishWithTimeout
00003af5  I2C_masterReceiveMultiByteNext             
00003ba9  I2C_masterReceiveMultiByteStop             
00003bbd  I2C_masterReceiveSingle                    
00003779  I2C_masterReceiveSingleByte                
00003adb  I2C_masterReceiveStart                     
000039cd  I2C_masterSendMultiByteFinish              
00003a19  I2C_masterSendMultiByteFinishWithTimeout   
00003979  I2C_masterSendMultiByteNext                
0000398f  I2C_masterSendMultiByteNextWithTimeout     
000038db  I2C_masterSendMultiByteStart               
0000391d  I2C_masterSendMultiByteStartWithTimeout    
00003a7f  I2C_masterSendMultiByteStop                
00003a99  I2C_masterSendMultiByteStopWithTimeout     
000037e9  I2C_masterSendSingleByte                   
0000384f  I2C_masterSendSingleByteWithTimeout        
00003c2d  I2C_masterSendStart                        
00003cfd  I2C_registerInterrupt                      
0000375d  I2C_setMode                                
00003749  I2C_setSlaveAddress                        
000037c3  I2C_slaveGetData                           
000037ad  I2C_slavePutData                           
00003dbf  I2C_slaveSendNAK                           
00003d63  I2C_unregisterInterrupt                    
00004d57  Interrupt_disableInterrupt                 
00004ba7  Interrupt_disableMaster                    
00004f55  Interrupt_disableSleepOnIsrExit            
00004ce5  Interrupt_enableInterrupt                  
00004b97  Interrupt_enableMaster                     
00004f43  Interrupt_enableSleepOnIsrExit             
00004cbf  Interrupt_getPriority                      
00004c37  Interrupt_getPriorityGrouping              
00004f23  Interrupt_getPriorityMask                  
00004f3d  Interrupt_getVectorTableAddress            
00004dc9  Interrupt_isEnabled                        
00004e55  Interrupt_pendInterrupt                    
00004bb7  Interrupt_registerInterrupt                
00004c6f  Interrupt_setPriority                      
00004c1d  Interrupt_setPriorityGrouping              
00004f13  Interrupt_setPriorityMask                  
00004f2d  Interrupt_setVectorTableAddress            
00004ec5  Interrupt_unpendInterrupt                  
00004c09  Interrupt_unregisterInterrupt              
00006fe5  MemManage_Handler                          
00006fe5  NMI_Handler                                
00006fe5  PCM_IRQHandler                             
00003623  PCM_clearInterruptFlag                     
000035f9  PCM_disableInterrupt                       
000035d1  PCM_disableRudeMode                        
000035e5  PCM_enableInterrupt                        
000035bf  PCM_enableRudeMode                         
00002fcb  PCM_getCoreVoltageLevel                    
00003613  PCM_getEnabledInterruptStatus              
0000360d  PCM_getInterruptStatus                     
00002f71  PCM_getPowerMode                           
000035b3  PCM_getPowerState                          
000034e5  PCM_gotoLPM0                               
00003503  PCM_gotoLPM0InterruptSafe                  
0000351f  PCM_gotoLPM3                               
00003597  PCM_gotoLPM3InterruptSafe                  
000034b9  PCM_gotoLPM4                               
000034c9  PCM_gotoLPM4InterruptSafe                  
00003637  PCM_registerInterrupt                      
00002f3f  PCM_setCoreVoltageLevel                    
00002f61  PCM_setCoreVoltageLevelNonBlocking         
00002f4f  PCM_setCoreVoltageLevelWithTimeout         
00003171  PCM_setPowerMode                           
00003181  PCM_setPowerModeNonBlocking                
00003191  PCM_setPowerModeWithTimeout                
00003443  PCM_setPowerState                          
00003465  PCM_setPowerStateNonBlocking               
00003453  PCM_setPowerStateWithTimeout               
00003475  PCM_shutdownDevice                         
0000364b  PCM_unregisterInterrupt                    
00006fe5  PORT1_IRQHandler                           
00006fe5  PORT2_IRQHandler                           
00006fe5  PORT3_IRQHandler                           
00006fe5  PORT4_IRQHandler                           
00006fe5  PORT5_IRQHandler                           
00006fe5  PORT6_IRQHandler                           
00006fe5  PSS_IRQHandler                             
00006fe5  PendSV_Handler                             
00006fe5  RTC_C_IRQHandler                           
0000424d  RTC_C_clearInterruptFlag                   
00004097  RTC_C_convertBCDToBinary                   
000040af  RTC_C_convertBinaryToBCD                   
00003ff3  RTC_C_definePrescaleEvent                  
0000411d  RTC_C_disableInterrupt                     
000040c7  RTC_C_enableInterrupt                      
00003f25  RTC_C_getCalendarTime                      
000041ed  RTC_C_getEnabledInterruptStatus            
00004185  RTC_C_getInterruptStatus                   
0000401b  RTC_C_getPrescaleValue                     
00003e0f  RTC_C_holdClock                            
00003eb3  RTC_C_initCalendar                         
00004293  RTC_C_registerInterrupt                    
00003f8b  RTC_C_setCalendarAlarm                     
00003fc3  RTC_C_setCalendarEvent                     
00003e5d  RTC_C_setCalibrationData                   
00003e2d  RTC_C_setCalibrationFrequency              
00004047  RTC_C_setPrescaleValue                     
00003e89  RTC_C_setTemperatureCompensation           
00003df1  RTC_C_startClock                           
000042b1  RTC_C_unregisterInterrupt                  
00006fd9  Reset_Handler                              
00006fe5  SVC_Handler                                
00005abf  SysCtl_disableGlitchFilter                 
0000594f  SysCtl_disableNMISource                    
00005a57  SysCtl_disablePeripheralAtCPUHalt          
00005999  SysCtl_disableSRAMBank                     
00005a1d  SysCtl_disableSRAMBankRetention            
00005ab3  SysCtl_enableGlitchFilter                  
00005963  SysCtl_enableNMISource                     
00005a43  SysCtl_enablePeripheralAtCPUHalt           
0000597d  SysCtl_enableSRAMBank                      
00005a01  SysCtl_enableSRAMBankRetention             
00005949  SysCtl_getFlashSize                        
00005977  SysCtl_getNMISourceStatus                  
00005943  SysCtl_getSRAMSize                         
000058cd  SysCtl_getTLVInfo                          
00005acb  SysCtl_getTempCalibrationConstant          
00005a39  SysCtl_rebootDevice                        
00005a8f  SysCtl_setWDTPasswordViolationResetType    
00005a6b  SysCtl_setWDTTimeoutResetType              
00006fe5  SysTick_Handler                            
00006999  SysTick_disableInterrupt                   
00006969  SysTick_disableModule                      
0000698d  SysTick_enableInterrupt                    
0000695d  SysTick_enableModule                       
000069b7  SysTick_getPeriod                          
000069bf  SysTick_getValue                           
00006975  SysTick_registerInterrupt                  
000069a5  SysTick_setPeriod                          
00006983  SysTick_unregisterInterrupt                
20000338  SystemCoreClock                            
00005329  SystemCoreClockUpdate                      
000055a1  SystemInit                                 
00006fe5  T32_INT1_IRQHandler                        
00006fe5  T32_INT2_IRQHandler                        
00006fe5  T32_INTC_IRQHandler                        
00006fe5  TA0_0_IRQHandler                           
00006fe5  TA0_N_IRQHandler                           
00006fe5  TA1_0_IRQHandler                           
00006fe5  TA1_N_IRQHandler                           
00006fe5  TA2_0_IRQHandler                           
00006fe5  TA2_N_IRQHandler                           
00006fe5  TA3_0_IRQHandler                           
00006fe5  TA3_N_IRQHandler                           
00004a8d  UART_clearInterruptFlag                    
000049e5  UART_disableInterrupt                      
000048c7  UART_disableModule                         
000049b5  UART_enableInterrupt                       
000048b1  UART_enableModule                          
00004a31  UART_getEnabledInterruptStatus             
00004a15  UART_getInterruptStatus                    
0000497d  UART_getReceiveBufferAddressForDMA         
0000498b  UART_getTransmitBufferAddressForDMA        
00004779  UART_initModule                            
000048dd  UART_queryStatusFlags                      
0000488b  UART_receiveData                           
00004aad  UART_registerInterrupt                     
00004905  UART_resetDormant                          
00004999  UART_selectDeglitchTime                    
000048f1  UART_setDormant                            
00004919  UART_transmitAddress                       
00004937  UART_transmitBreak                         
00004861  UART_transmitData                          
00004b29  UART_unregisterInterrupt                   
00006fe5  UsageFault_Handler                         
4000480c  WDTCTL_SYM                                 
00006fe5  WDT_A_IRQHandler                           
00006559  WDT_A_clearTimer                           
00006519  WDT_A_holdTimer                            
00006595  WDT_A_initIntervalTimer                    
00006579  WDT_A_initWatchdogTimer                    
000065c9  WDT_A_registerInterrupt                    
000065b1  WDT_A_setPasswordViolationReset            
000065bd  WDT_A_setTimeoutReset                      
00006539  WDT_A_startTimer                           
000065dd  WDT_A_unregisterInterrupt                  
00001557  __FlashCtl_remaskBurstDataPost             
0000143d  __FlashCtl_remaskBurstDataPre              
00001281  __FlashCtl_remaskData32Post                
00001365  __FlashCtl_remaskData32Pre                 
00001163  __FlashCtl_remaskData8Post                 
000011e3  __FlashCtl_remaskData8Pre                  
20010000  __STACK_END                                
00000200  __STACK_SIZE                               
00007338  __TI_CINIT_Base                            
00007350  __TI_CINIT_Limit                           
0000731c  __TI_Handler_Table_Base                    
00007328  __TI_Handler_Table_Limit                   
00006d71  __TI_auto_init_nobinit_nopinit             
00006aad  __TI_decompress_lzss                       
00006fcb  __TI_decompress_none                       
00006c37  __TI_ltoa                                  
ffffffff  __TI_pprof_out_hndl                        
000023f9  __TI_printfi                               
ffffffff  __TI_prof_data_size                        
ffffffff  __TI_prof_data_start                       
00000000  __TI_static_base__                         
00006f3d  __TI_zero_init_nomemset                    
000067d5  __aeabi_cdcmpeq                            
000067d5  __aeabi_cdcmple                            
0000685b  __aeabi_cdrcmple                           
00006d29  __aeabi_d2iz                               
00005ceb  __aeabi_dadd                               
00005fd5  __aeabi_ddiv                               
00006341  __aeabi_dmul                               
00005ce1  __aeabi_dsub                               
00006fe9  __aeabi_errno_addr                         
00006e75  __aeabi_f2d                                
00006ee1  __aeabi_i2d                                
00005e97  __aeabi_idiv0                              
00005e97  __aeabi_ldiv0                              
000068e1  __aeabi_memclr                             
000068e1  __aeabi_memclr4                            
000068e1  __aeabi_memclr8                            
000066a3  __aeabi_memcpy                             
000066a3  __aeabi_memcpy4                            
000066a3  __aeabi_memcpy8                            
000068e3  __aeabi_memset                             
000068e3  __aeabi_memset4                            
000068e3  __aeabi_memset8                            
0000673f  __aeabi_uldivmod                           
ffffffff  __binit__                                  
ffffffff  __c_args__                                 
UNDEFED   __mpu_init                                 
2000fe00  __stack                                    
20000000  __start___llvm_prf_cnts                    
20000000  __stop___llvm_prf_cnts                     
00006ead  _c_int00_noargs                            
00007000  _ctypes_                                   
200000e4  _ftable                                    
20000324  _lock                                      
00002e47  _nop                                       
UNDEFED   _system_post_cinit                         
00006ff9  _system_pre_init                           
20000328  _unlock                                    
00006ffd  abort                                      
00006cdd  atoi                                       
ffffffff  binit                                      
20000348  config                                     
20000310  config2                                    
00006f75  copysign                                   
00006f75  copysignl                                  
0000643d  delay_init                                 
00006487  delay_ms                                   
000064c3  delay_us                                   
20000349  elech                                      
2000034a  elecl                                      
2000034b  elecm                                      
20000334  errno                                      
2000031c  final_tem_70                               
00006a5d  fputc                                      
00006a6f  fputs                                      
00006b7d  frexp                                      
00006b7d  frexpl                                     
20000000  g_pfnRAMVectors                            
00004f85  haltserach                                 
20000344  i                                          
20000320  i1                                         
00007190  i2cConfig1                                 
00000000  interruptVectors                           
00006231  ldexp                                      
00006231  ldexpl                                     
00005015  lmt70_get_temp                             
00006f11  lmt70_i2c_init                             
0000508d  lmt70_init                                 
00006db5  main                                       
00006f59  memccpy                                    
000066a3  memcpy                                     
00005119  memread_lmt70                              
000068e9  memset                                     
00006b15  printf                                     
00006231  scalbn                                     
00006231  scalbnl                                    
200001d4  slope_tabl                                 
00006f8f  strchr                                     
00006fa5  strlen                                     
000052d5  tem_get                                    
20000330  tem_show                                   
200002ec  uartConfig                                 
00006a41  usart_init                                 
20000228  v2t_tabl                                   
00006fb9  wcslen                                     


GLOBAL SYMBOLS: SORTED BY Symbol Address 

address   name                                       
-------   ----                                       
00000000  __TI_static_base__                         
00000000  interruptVectors                           
00000200  __STACK_SIZE                               
0000028f  FlashCtl_getMemoryInfo                     
0000060d  FlashCtl_enableReadBuffering               
00000661  FlashCtl_disableReadBuffering              
000006c1  FlashCtl_unprotectSector                   
00000731  FlashCtl_protectSector                     
00000791  FlashCtl_isSectorProtected                 
0000081d  FlashCtl_verifyMemory                      
00000a85  FlashCtl_setReadMode                       
00000af1  FlashCtl_getReadMode                       
00000b1b  FlashCtl_initiateMassErase                 
00000b41  FlashCtl_performMassErase                  
00000c8d  FlashCtl_eraseSector                       
00000db1  FlashCtl_initiateSectorErase               
00000e49  FlashCtl_programMemory                     
00000fb5  FlashCtl_setProgramVerification            
00000fef  FlashCtl_clearProgramVerification          
00001029  FlashCtl_enableWordProgramming             
00001059  FlashCtl_disableWordProgramming            
00001061  FlashCtl_isWordProgrammingEnabled          
00001081  FlashCtl_setWaitState                      
000010bf  FlashCtl_getWaitState                      
000010ed  FlashCtl_enableInterrupt                   
00001101  FlashCtl_disableInterrupt                  
00001115  FlashCtl_getInterruptStatus                
0000111b  FlashCtl_getEnabledInterruptStatus         
0000112b  FlashCtl_clearInterruptFlag                
0000113f  FlashCtl_registerInterrupt                 
00001153  FlashCtl_unregisterInterrupt               
00001163  __FlashCtl_remaskData8Post                 
000011e3  __FlashCtl_remaskData8Pre                  
00001281  __FlashCtl_remaskData32Post                
00001365  __FlashCtl_remaskData32Pre                 
0000143d  __FlashCtl_remaskBurstDataPre              
00001557  __FlashCtl_remaskBurstDataPost             
000018e1  CS_setExternalClockSourceFrequency         
0000191d  CS_initClockSignal                         
00001a21  CS_startHFXT                               
00001a45  CS_startHFXTWithTimeout                    
00001b09  CS_startLFXT                               
00001b2d  CS_startLFXTWithTimeout                    
00001bfd  CS_enableClockRequest                      
00001c25  CS_disableClockRequest                     
00001c47  CS_setReferenceOscillatorFrequency         
00001c6d  CS_enableDCOExternalResistor               
00001c95  CS_setDCOExternalResistorCalibration       
00001d0b  CS_disableDCOExternalResistor              
00001d29  CS_setDCOCenteredFrequency                 
00001d61  CS_tuneDCOFrequency                        
00001e05  CS_getDCOFrequency                         
00001fa5  CS_setDCOFrequency                         
0000217d  CS_getBCLK                                 
00002199  CS_getHSMCLK                               
000021bd  CS_getACLK                                 
000021e1  CS_getSMCLK                                
00002203  CS_getMCLK                                 
00002225  CS_enableFaultCounter                      
00002251  CS_disableFaultCounter                     
0000227d  CS_resetFaultCounter                       
000022c9  CS_startFaultCounter                       
00002319  CS_enableInterrupt                         
0000233b  CS_disableInterrupt                        
0000235d  CS_getInterruptStatus                      
00002363  CS_getEnabledInterruptStatus               
0000237d  CS_clearInterruptFlag                      
0000239f  CS_registerInterrupt                       
000023b3  CS_unregisterInterrupt                     
000023f9  __TI_printfi                               
00002e47  _nop                                       
00002f3f  PCM_setCoreVoltageLevel                    
00002f4f  PCM_setCoreVoltageLevelWithTimeout         
00002f61  PCM_setCoreVoltageLevelNonBlocking         
00002f71  PCM_getPowerMode                           
00002fcb  PCM_getCoreVoltageLevel                    
00003171  PCM_setPowerMode                           
00003181  PCM_setPowerModeNonBlocking                
00003191  PCM_setPowerModeWithTimeout                
00003443  PCM_setPowerState                          
00003453  PCM_setPowerStateWithTimeout               
00003465  PCM_setPowerStateNonBlocking               
00003475  PCM_shutdownDevice                         
000034b9  PCM_gotoLPM4                               
000034c9  PCM_gotoLPM4InterruptSafe                  
000034e5  PCM_gotoLPM0                               
00003503  PCM_gotoLPM0InterruptSafe                  
0000351f  PCM_gotoLPM3                               
00003597  PCM_gotoLPM3InterruptSafe                  
000035b3  PCM_getPowerState                          
000035bf  PCM_enableRudeMode                         
000035d1  PCM_disableRudeMode                        
000035e5  PCM_enableInterrupt                        
000035f9  PCM_disableInterrupt                       
0000360d  PCM_getInterruptStatus                     
00003613  PCM_getEnabledInterruptStatus              
00003623  PCM_clearInterruptFlag                     
00003637  PCM_registerInterrupt                      
0000364b  PCM_unregisterInterrupt                    
00003681  I2C_initMaster                             
000036e3  I2C_initSlave                              
0000371d  I2C_enableModule                           
00003733  I2C_disableModule                          
00003749  I2C_setSlaveAddress                        
0000375d  I2C_setMode                                
00003779  I2C_masterReceiveSingleByte                
000037ad  I2C_slavePutData                           
000037c3  I2C_slaveGetData                           
000037d7  I2C_isBusBusy                              
000037e9  I2C_masterSendSingleByte                   
0000384f  I2C_masterSendSingleByteWithTimeout        
000038db  I2C_masterSendMultiByteStart               
0000391d  I2C_masterSendMultiByteStartWithTimeout    
00003979  I2C_masterSendMultiByteNext                
0000398f  I2C_masterSendMultiByteNextWithTimeout     
000039cd  I2C_masterSendMultiByteFinish              
00003a19  I2C_masterSendMultiByteFinishWithTimeout   
00003a7f  I2C_masterSendMultiByteStop                
00003a99  I2C_masterSendMultiByteStopWithTimeout     
00003adb  I2C_masterReceiveStart                     
00003af5  I2C_masterReceiveMultiByteNext             
00003b09  I2C_masterReceiveMultiByteFinish           
00003b45  I2C_masterReceiveMultiByteFinishWithTimeout
00003ba9  I2C_masterReceiveMultiByteStop             
00003bbd  I2C_masterReceiveSingle                    
00003be7  I2C_getReceiveBufferAddressForDMA          
00003bf5  I2C_getTransmitBufferAddressForDMA         
00003c03  I2C_masterIsStopSent                       
00003c15  I2C_masterIsStartSent                      
00003c2d  I2C_masterSendStart                        
00003c41  I2C_enableMultiMasterMode                  
00003c61  I2C_disableMultiMasterMode                 
00003c81  I2C_enableInterrupt                        
00003c97  I2C_disableInterrupt                       
00003cad  I2C_clearInterruptFlag                     
00003cc3  I2C_getInterruptStatus                     
00003cdb  I2C_getEnabledInterruptStatus              
00003ceb  I2C_getMode                                
00003cfd  I2C_registerInterrupt                      
00003d63  I2C_unregisterInterrupt                    
00003dbf  I2C_slaveSendNAK                           
00003df1  RTC_C_startClock                           
00003e0f  RTC_C_holdClock                            
00003e2d  RTC_C_setCalibrationFrequency              
00003e5d  RTC_C_setCalibrationData                   
00003e89  RTC_C_setTemperatureCompensation           
00003eb3  RTC_C_initCalendar                         
00003f25  RTC_C_getCalendarTime                      
00003f8b  RTC_C_setCalendarAlarm                     
00003fc3  RTC_C_setCalendarEvent                     
00003ff3  RTC_C_definePrescaleEvent                  
0000401b  RTC_C_getPrescaleValue                     
00004047  RTC_C_setPrescaleValue                     
00004097  RTC_C_convertBCDToBinary                   
000040af  RTC_C_convertBinaryToBCD                   
000040c7  RTC_C_enableInterrupt                      
0000411d  RTC_C_disableInterrupt                     
00004185  RTC_C_getInterruptStatus                   
000041ed  RTC_C_getEnabledInterruptStatus            
0000424d  RTC_C_clearInterruptFlag                   
00004293  RTC_C_registerInterrupt                    
000042b1  RTC_C_unregisterInterrupt                  
000042f9  GPIO_setAsOutputPin                        
00004333  GPIO_setAsInputPin                         
00004379  GPIO_setAsPeripheralModuleFunctionOutputPin
000043fd  GPIO_setAsPeripheralModuleFunctionInputPin 
00004481  GPIO_setOutputHighOnPin                    
000044a3  GPIO_setOutputLowOnPin                     
000044c5  GPIO_toggleOutputOnPin                     
000044e7  GPIO_setAsInputPinWithPullDownResistor     
00004539  GPIO_setAsInputPinWithPullUpResistor       
0000458b  GPIO_getInputPinValue                      
000045b9  GPIO_enableInterrupt                       
000045db  GPIO_disableInterrupt                      
000045fd  GPIO_getInterruptStatus                    
0000461b  GPIO_clearInterruptFlag                    
0000463d  GPIO_interruptEdgeSelect                   
00004673  GPIO_getEnabledInterruptStatus             
000046ef  GPIO_setDriveStrengthHigh                  
00004711  GPIO_setDriveStrengthLow                   
00004733  GPIO_registerInterrupt                     
00004753  GPIO_unregisterInterrupt                   
00004779  UART_initModule                            
00004861  UART_transmitData                          
0000488b  UART_receiveData                           
000048b1  UART_enableModule                          
000048c7  UART_disableModule                         
000048dd  UART_queryStatusFlags                      
000048f1  UART_setDormant                            
00004905  UART_resetDormant                          
00004919  UART_transmitAddress                       
00004937  UART_transmitBreak                         
0000497d  UART_getReceiveBufferAddressForDMA         
0000498b  UART_getTransmitBufferAddressForDMA        
00004999  UART_selectDeglitchTime                    
000049b5  UART_enableInterrupt                       
000049e5  UART_disableInterrupt                      
00004a15  UART_getInterruptStatus                    
00004a31  UART_getEnabledInterruptStatus             
00004a8d  UART_clearInterruptFlag                    
00004aad  UART_registerInterrupt                     
00004b29  UART_unregisterInterrupt                   
00004b97  Interrupt_enableMaster                     
00004ba7  Interrupt_disableMaster                    
00004bb7  Interrupt_registerInterrupt                
00004c09  Interrupt_unregisterInterrupt              
00004c1d  Interrupt_setPriorityGrouping              
00004c37  Interrupt_getPriorityGrouping              
00004c6f  Interrupt_setPriority                      
00004cbf  Interrupt_getPriority                      
00004ce5  Interrupt_enableInterrupt                  
00004d57  Interrupt_disableInterrupt                 
00004dc9  Interrupt_isEnabled                        
00004e55  Interrupt_pendInterrupt                    
00004ec5  Interrupt_unpendInterrupt                  
00004f13  Interrupt_setPriorityMask                  
00004f23  Interrupt_getPriorityMask                  
00004f2d  Interrupt_setVectorTableAddress            
00004f3d  Interrupt_getVectorTableAddress            
00004f43  Interrupt_enableSleepOnIsrExit             
00004f55  Interrupt_disableSleepOnIsrExit            
00004f85  haltserach                                 
00005015  lmt70_get_temp                             
0000508d  lmt70_init                                 
00005119  memread_lmt70                              
000052d5  tem_get                                    
00005329  SystemCoreClockUpdate                      
000055a1  SystemInit                                 
000058cd  SysCtl_getTLVInfo                          
00005943  SysCtl_getSRAMSize                         
00005949  SysCtl_getFlashSize                        
0000594f  SysCtl_disableNMISource                    
00005963  SysCtl_enableNMISource                     
00005977  SysCtl_getNMISourceStatus                  
0000597d  SysCtl_enableSRAMBank                      
00005999  SysCtl_disableSRAMBank                     
00005a01  SysCtl_enableSRAMBankRetention             
00005a1d  SysCtl_disableSRAMBankRetention            
00005a39  SysCtl_rebootDevice                        
00005a43  SysCtl_enablePeripheralAtCPUHalt           
00005a57  SysCtl_disablePeripheralAtCPUHalt          
00005a6b  SysCtl_setWDTTimeoutResetType              
00005a8f  SysCtl_setWDTPasswordViolationResetType    
00005ab3  SysCtl_enableGlitchFilter                  
00005abf  SysCtl_disableGlitchFilter                 
00005acb  SysCtl_getTempCalibrationConstant          
00005ce1  __aeabi_dsub                               
00005ceb  __aeabi_dadd                               
00005e97  __aeabi_idiv0                              
00005e97  __aeabi_ldiv0                              
00005fd5  __aeabi_ddiv                               
00006231  ldexp                                      
00006231  ldexpl                                     
00006231  scalbn                                     
00006231  scalbnl                                    
00006341  __aeabi_dmul                               
0000643d  delay_init                                 
00006487  delay_ms                                   
000064c3  delay_us                                   
00006519  WDT_A_holdTimer                            
00006539  WDT_A_startTimer                           
00006559  WDT_A_clearTimer                           
00006579  WDT_A_initWatchdogTimer                    
00006595  WDT_A_initIntervalTimer                    
000065b1  WDT_A_setPasswordViolationReset            
000065bd  WDT_A_setTimeoutReset                      
000065c9  WDT_A_registerInterrupt                    
000065dd  WDT_A_unregisterInterrupt                  
000066a3  __aeabi_memcpy                             
000066a3  __aeabi_memcpy4                            
000066a3  __aeabi_memcpy8                            
000066a3  memcpy                                     
0000673f  __aeabi_uldivmod                           
000067d5  __aeabi_cdcmpeq                            
000067d5  __aeabi_cdcmple                            
0000685b  __aeabi_cdrcmple                           
000068e1  __aeabi_memclr                             
000068e1  __aeabi_memclr4                            
000068e1  __aeabi_memclr8                            
000068e3  __aeabi_memset                             
000068e3  __aeabi_memset4                            
000068e3  __aeabi_memset8                            
000068e9  memset                                     
0000695d  SysTick_enableModule                       
00006969  SysTick_disableModule                      
00006975  SysTick_registerInterrupt                  
00006983  SysTick_unregisterInterrupt                
0000698d  SysTick_enableInterrupt                    
00006999  SysTick_disableInterrupt                   
000069a5  SysTick_setPeriod                          
000069b7  SysTick_getPeriod                          
000069bf  SysTick_getValue                           
00006a41  usart_init                                 
00006a5d  fputc                                      
00006a6f  fputs                                      
00006aad  __TI_decompress_lzss                       
00006b15  printf                                     
00006b7d  frexp                                      
00006b7d  frexpl                                     
00006c37  __TI_ltoa                                  
00006cdd  atoi                                       
00006d29  __aeabi_d2iz                               
00006d71  __TI_auto_init_nobinit_nopinit             
00006db5  main                                       
00006e37  CPU_cpsid                                  
00006e43  CPU_primask                                
00006e4d  CPU_cpsie                                  
00006e59  CPU_wfi                                    
00006e5d  CPU_basepriSet                             
00006e6b  CPU_basepriGet                             
00006e75  __aeabi_f2d                                
00006ead  _c_int00_noargs                            
00006ee1  __aeabi_i2d                                
00006f11  lmt70_i2c_init                             
00006f3d  __TI_zero_init_nomemset                    
00006f59  memccpy                                    
00006f75  copysign                                   
00006f75  copysignl                                  
00006f8f  strchr                                     
00006fa5  strlen                                     
00006fb9  wcslen                                     
00006fcb  __TI_decompress_none                       
00006fd9  Reset_Handler                              
00006fe5  ADC14_IRQHandler                           
00006fe5  AES256_IRQHandler                          
00006fe5  BusFault_Handler                           
00006fe5  COMP_E0_IRQHandler                         
00006fe5  COMP_E1_IRQHandler                         
00006fe5  CS_IRQHandler                              
00006fe5  DMA_ERR_IRQHandler                         
00006fe5  DMA_INT0_IRQHandler                        
00006fe5  DMA_INT1_IRQHandler                        
00006fe5  DMA_INT2_IRQHandler                        
00006fe5  DMA_INT3_IRQHandler                        
00006fe5  DebugMon_Handler                           
00006fe5  Default_Handler                            
00006fe5  EUSCIA0_IRQHandler                         
00006fe5  EUSCIA1_IRQHandler                         
00006fe5  EUSCIA2_IRQHandler                         
00006fe5  EUSCIA3_IRQHandler                         
00006fe5  EUSCIB0_IRQHandler                         
00006fe5  EUSCIB1_IRQHandler                         
00006fe5  EUSCIB2_IRQHandler                         
00006fe5  EUSCIB3_IRQHandler                         
00006fe5  FLCTL_IRQHandler                           
00006fe5  FPU_IRQHandler                             
00006fe5  HardFault_Handler                          
00006fe5  MemManage_Handler                          
00006fe5  NMI_Handler                                
00006fe5  PCM_IRQHandler                             
00006fe5  PORT1_IRQHandler                           
00006fe5  PORT2_IRQHandler                           
00006fe5  PORT3_IRQHandler                           
00006fe5  PORT4_IRQHandler                           
00006fe5  PORT5_IRQHandler                           
00006fe5  PORT6_IRQHandler                           
00006fe5  PSS_IRQHandler                             
00006fe5  PendSV_Handler                             
00006fe5  RTC_C_IRQHandler                           
00006fe5  SVC_Handler                                
00006fe5  SysTick_Handler                            
00006fe5  T32_INT1_IRQHandler                        
00006fe5  T32_INT2_IRQHandler                        
00006fe5  T32_INTC_IRQHandler                        
00006fe5  TA0_0_IRQHandler                           
00006fe5  TA0_N_IRQHandler                           
00006fe5  TA1_0_IRQHandler                           
00006fe5  TA1_N_IRQHandler                           
00006fe5  TA2_0_IRQHandler                           
00006fe5  TA2_N_IRQHandler                           
00006fe5  TA3_0_IRQHandler                           
00006fe5  TA3_N_IRQHandler                           
00006fe5  UsageFault_Handler                         
00006fe5  WDT_A_IRQHandler                           
00006fe9  __aeabi_errno_addr                         
00006ff9  _system_pre_init                           
00006ffd  C$$EXIT                                    
00006ffd  abort                                      
00007000  _ctypes_                                   
00007190  i2cConfig1                                 
0000731c  __TI_Handler_Table_Base                    
00007328  __TI_Handler_Table_Limit                   
00007338  __TI_CINIT_Base                            
00007350  __TI_CINIT_Limit                           
20000000  __start___llvm_prf_cnts                    
20000000  __stop___llvm_prf_cnts                     
20000000  g_pfnRAMVectors                            
200000e4  _ftable                                    
200001d4  slope_tabl                                 
20000228  v2t_tabl                                   
200002ec  uartConfig                                 
20000310  config2                                    
20000314  AD_B_Result                                
20000318  AD_F_Result                                
2000031c  final_tem_70                               
20000320  i1                                         
20000324  _lock                                      
20000328  _unlock                                    
20000330  tem_show                                   
20000334  errno                                      
20000338  SystemCoreClock                            
20000344  i                                          
20000348  config                                     
20000349  elech                                      
2000034a  elecl                                      
2000034b  elecm                                      
2000fe00  __stack                                    
20010000  __STACK_END                                
4000480c  WDTCTL_SYM                                 
ffffffff  __TI_pprof_out_hndl                        
ffffffff  __TI_prof_data_size                        
ffffffff  __TI_prof_data_start                       
ffffffff  __binit__                                  
ffffffff  __c_args__                                 
ffffffff  binit                                      
UNDEFED   __mpu_init                                 
UNDEFED   _system_post_cinit                         

[417 symbols]
