******************************************************************************
                  TI ARM Linker PC v20.2.1                     
******************************************************************************
>> Linked Sun Oct  4 17:27:36 2020

OUTPUT FILE NAME:   <dac_final.out>
ENTRY POINT SYMBOL: "_c_int00_noargs"  address: 00003e51


MEMORY CONFIGURATION

         name            origin    length      used     unused   attr    fill
----------------------  --------  ---------  --------  --------  ----  --------
  MAIN                  00000000   00040000  00003fd4  0003c02c  R  X
  INFO                  00200000   00004000  00000000  00004000  R  X
  SRAM_CODE             01000000   00010000  00000334  0000fccc  RW X
  SRAM_DATA             20000000   00010000  00000334  0000fccc  RW  


SEGMENT ALLOCATION MAP

run origin  load origin   length   init length attrs members
----------  ----------- ---------- ----------- ----- -------
00000000    00000000    00003fd8   00003fd8    r-x
  00000000    00000000    000000e4   000000e4    r-- .intvecs
  000000e4    000000e4    00003de8   00003de8    r-x .text
  00003ecc    00003ecc    00000090   00000090    r-- .const
  00003f60    00003f60    00000078   00000078    r-- .cinit
20000000    20000000    00000134   00000000    rw-
  20000000    20000000    000000e4   00000000    rw- .vtable
  200000e4    200000e4    00000048   00000000    rw- .data
  2000012c    2000012c    00000008   00000000    rw- .bss
2000fe00    2000fe00    00000200   00000000    rw-
  2000fe00    2000fe00    00000200   00000000    rw- .stack


SECTION ALLOCATION MAP

 output                                  attributes/
section   page    origin      length       input sections
--------  ----  ----------  ----------   ----------------
.intvecs   0    00000000    000000e4     
                  00000000    000000e4     startup_msp432p401r_ccs.obj (.intvecs:retain)

.text      0    000000e4    00003de8     
                  000000e4    00001598     flash.obj (.text)
                  0000167c    00000d7c     cs.obj (.text)
                  000023f8    00000838     pcm.obj (.text)
                  00002c30    00000508     rtc_c.obj (.text)
                  00003138    000003f0     interrupt.obj (.text)
                  00003528    00000334     system_msp432p401r.obj (.text)
                  0000385c    00000244     sysctl.obj (.text)
                  00003aa0    000000dc     delay.obj (.text)
                  00003b7c    000000d8     wdt_a.obj (.text)
                  00003c54    0000009c     rtsv7M4_T_le_v4SPD16_eabi.lib : memcpy_t2.asm.obj (.text)
                  00003cf0    00000074     systick.obj (.text)
                  00003d64    00000068     rtsv7M4_T_le_v4SPD16_eabi.lib : copy_decompress_lzss.c.obj (.text:decompress:lzss:__TI_decompress_lzss)
                  00003dcc    00000044                                   : autoinit.c.obj (.text:__TI_auto_init_nobinit_nopinit:__TI_auto_init_nobinit_nopinit)
                  00003e10    0000003e     cpu.obj (.text)
                  00003e4e    00000002     --HOLE-- [fill = 0]
                  00003e50    00000034     rtsv7M4_T_le_v4SPD16_eabi.lib : boot_cortex_m.c.obj (.text:_c_int00_noargs:_c_int00_noargs)
                  00003e84    0000001c                                   : copy_zero_init.c.obj (.text:decompress:ZI:__TI_zero_init_nomemset:__TI_zero_init_nomemset)
                  00003ea0    0000000e                                   : copy_decompress_none.c.obj (.text:decompress:none:__TI_decompress_none)
                  00003eae    0000000e     startup_msp432p401r_ccs.obj (.text)
                  00003ebc    00000008     main.obj (.text)
                  00003ec4    00000004     rtsv7M4_T_le_v4SPD16_eabi.lib : pre_init.c.obj (.text:_system_pre_init)
                  00003ec8    00000004                                   : exit.c.obj (.text:abort:abort)

.const     0    00003ecc    00000090     
                  00003ecc    00000050     interrupt.obj (.const:g_pulRegs)
                  00003f1c    00000020     interrupt.obj (.const:g_pulPriority)
                  00003f3c    00000008     interrupt.obj (.const:g_pulDisRegs)
                  00003f44    00000008     interrupt.obj (.const:g_pulEnRegs)
                  00003f4c    00000008     interrupt.obj (.const:g_pulPendRegs)
                  00003f54    00000008     interrupt.obj (.const:g_pulUnpendRegs)

.cinit     0    00003f60    00000078     
                  00003f60    00000042     (.cinit..data.load) [load image, compression = lzss]
                  00003fa2    00000002     --HOLE-- [fill = 0]
                  00003fa4    0000000c     (__TI_handler_table)
                  00003fb0    00000008     (.cinit..bss.load) [load image, compression = zero_init]
                  00003fb8    00000008     (.cinit..vtable.load) [load image, compression = zero_init]
                  00003fc0    00000018     (__TI_cinit_table)

.init_array 
*          0    00000000    00000000     UNINITIALIZED

.binit     0    00000000    00000000     

.vtable    0    20000000    000000e4     UNINITIALIZED
                  20000000    000000e4     interrupt.obj (.vtable)

.data      0    200000e4    00000048     UNINITIALIZED
                  200000e4    00000040     flash.obj (.data:__getBurstProgramRegs)
                  20000124    00000004     delay.obj (.data)
                  20000128    00000004     system_msp432p401r.obj (.data)

.bss       0    2000012c    00000008     UNINITIALIZED
                  2000012c    00000008     cs.obj (.bss)

.stack     0    2000fe00    00000200     UNINITIALIZED
                  2000fe00    00000004     rtsv7M4_T_le_v4SPD16_eabi.lib : boot_cortex_m.c.obj (.stack)
                  2000fe04    000001fc     --HOLE--

__llvm_prf_cnts 
*          0    20000000    00000000     UNINITIALIZED

MODULE SUMMARY

       Module                        code    ro data   rw data
       ------                        ----    -------   -------
    .\
       system_msp432p401r.obj        820     0         8      
       startup_msp432p401r_ccs.obj   14      228       0      
       main.obj                      8       0         0      
    +--+-----------------------------+-------+---------+---------+
       Total:                        842     228       8      
                                                              
    .\delay\
       delay.obj                     220     0         8      
    +--+-----------------------------+-------+---------+---------+
       Total:                        220     0         8      
                                                              
    .\driverlib\MSP432P4xx\
       flash.obj                     5528    0         128    
       cs.obj                        3452    0         16     
       pcm.obj                       2104    0         0      
       interrupt.obj                 1008    144       456    
       rtc_c.obj                     1288    0         0      
       sysctl.obj                    580     0         0      
       wdt_a.obj                     216     0         0      
       systick.obj                   116     0         0      
       cpu.obj                       62      0         0      
    +--+-----------------------------+-------+---------+---------+
       Total:                        14354   144       600    
                                                              
    D:\ccs\tools\compiler\ti-cgt-arm_20.2.1.LTS\lib\rtsv7M4_T_le_v4SPD16_eabi.lib
       memcpy_t2.asm.obj             156     0         0      
       copy_decompress_lzss.c.obj    104     0         0      
       autoinit.c.obj                68      0         0      
       boot_cortex_m.c.obj           52      0         0      
       copy_zero_init.c.obj          28      0         0      
       copy_decompress_none.c.obj    14      0         0      
       exit.c.obj                    4       0         0      
       pre_init.c.obj                4       0         0      
    +--+-----------------------------+-------+---------+---------+
       Total:                        430     0         0      
                                                              
       Stack:                        0       0         1024   
       Linker Generated:             0       118       0      
    +--+-----------------------------+-------+---------+---------+
       Grand Total:                  15846   490       1640   


LINKER GENERATED COPY TABLES

__TI_cinit_table @ 00003fc0 records: 3, size/record: 8, table size: 24
	.data: load addr=00003f60, load size=00000042 bytes, run addr=200000e4, run size=00000048 bytes, compression=lzss
	.bss: load addr=00003fb0, load size=00000008 bytes, run addr=2000012c, run size=00000008 bytes, compression=zero_init
	.vtable: load addr=00003fb8, load size=00000008 bytes, run addr=20000000, run size=000000e4 bytes, compression=zero_init


LINKER GENERATED HANDLER TABLE

__TI_handler_table @ 00003fa4 records: 3, size/record: 4, table size: 12
	index: 0, handler: __TI_zero_init
	index: 1, handler: __TI_decompress_lzss
	index: 2, handler: __TI_decompress_none


GLOBAL SYMBOLS: SORTED ALPHABETICALLY BY Name 

address   name                                   
-------   ----                                   
00003ebb  ADC14_IRQHandler                       
00003ebb  AES256_IRQHandler                      
00003ebb  BusFault_Handler                       
00003ec9  C$$EXIT                                
00003ebb  COMP_E0_IRQHandler                     
00003ebb  COMP_E1_IRQHandler                     
00003e45  CPU_basepriGet                         
00003e37  CPU_basepriSet                         
00003e11  CPU_cpsid                              
00003e27  CPU_cpsie                              
00003e1d  CPU_primask                            
00003e33  CPU_wfi                                
00003ebb  CS_IRQHandler                          
0000237d  CS_clearInterruptFlag                  
00001c25  CS_disableClockRequest                 
00001d0b  CS_disableDCOExternalResistor          
00002251  CS_disableFaultCounter                 
0000233b  CS_disableInterrupt                    
00001bfd  CS_enableClockRequest                  
00001c6d  CS_enableDCOExternalResistor           
00002225  CS_enableFaultCounter                  
00002319  CS_enableInterrupt                     
000021bd  CS_getACLK                             
0000217d  CS_getBCLK                             
00001e05  CS_getDCOFrequency                     
00002363  CS_getEnabledInterruptStatus           
00002199  CS_getHSMCLK                           
0000235d  CS_getInterruptStatus                  
00002203  CS_getMCLK                             
000021e1  CS_getSMCLK                            
0000191d  CS_initClockSignal                     
0000239f  CS_registerInterrupt                   
0000227d  CS_resetFaultCounter                   
00001d29  CS_setDCOCenteredFrequency             
00001c95  CS_setDCOExternalResistorCalibration   
00001fa5  CS_setDCOFrequency                     
000018e1  CS_setExternalClockSourceFrequency     
00001c47  CS_setReferenceOscillatorFrequency     
000022c9  CS_startFaultCounter                   
00001a21  CS_startHFXT                           
00001a45  CS_startHFXTWithTimeout                
00001b09  CS_startLFXT                           
00001b2d  CS_startLFXTWithTimeout                
00001d61  CS_tuneDCOFrequency                    
000023b3  CS_unregisterInterrupt                 
00003ebb  DMA_ERR_IRQHandler                     
00003ebb  DMA_INT0_IRQHandler                    
00003ebb  DMA_INT1_IRQHandler                    
00003ebb  DMA_INT2_IRQHandler                    
00003ebb  DMA_INT3_IRQHandler                    
00003ebb  DebugMon_Handler                       
00003ebb  Default_Handler                        
00003ebb  EUSCIA0_IRQHandler                     
00003ebb  EUSCIA1_IRQHandler                     
00003ebb  EUSCIA2_IRQHandler                     
00003ebb  EUSCIA3_IRQHandler                     
00003ebb  EUSCIB0_IRQHandler                     
00003ebb  EUSCIB1_IRQHandler                     
00003ebb  EUSCIB2_IRQHandler                     
00003ebb  EUSCIB3_IRQHandler                     
00003ebb  FLCTL_IRQHandler                       
00003ebb  FPU_IRQHandler                         
0000112b  FlashCtl_clearInterruptFlag            
00000fef  FlashCtl_clearProgramVerification      
00001101  FlashCtl_disableInterrupt              
00000661  FlashCtl_disableReadBuffering          
00001059  FlashCtl_disableWordProgramming        
000010ed  FlashCtl_enableInterrupt               
0000060d  FlashCtl_enableReadBuffering           
00001029  FlashCtl_enableWordProgramming         
00000c8d  FlashCtl_eraseSector                   
0000111b  FlashCtl_getEnabledInterruptStatus     
00001115  FlashCtl_getInterruptStatus            
0000028f  FlashCtl_getMemoryInfo                 
00000af1  FlashCtl_getReadMode                   
000010bf  FlashCtl_getWaitState                  
00000b1b  FlashCtl_initiateMassErase             
00000db1  FlashCtl_initiateSectorErase           
00000791  FlashCtl_isSectorProtected             
00001061  FlashCtl_isWordProgrammingEnabled      
00000b41  FlashCtl_performMassErase              
00000e49  FlashCtl_programMemory                 
00000731  FlashCtl_protectSector                 
0000113f  FlashCtl_registerInterrupt             
00000fb5  FlashCtl_setProgramVerification        
00000a85  FlashCtl_setReadMode                   
00001081  FlashCtl_setWaitState                  
000006c1  FlashCtl_unprotectSector               
00001153  FlashCtl_unregisterInterrupt           
0000081d  FlashCtl_verifyMemory                  
00003ebb  HardFault_Handler                      
000032fb  Interrupt_disableInterrupt             
0000314b  Interrupt_disableMaster                
000034f9  Interrupt_disableSleepOnIsrExit        
00003289  Interrupt_enableInterrupt              
0000313b  Interrupt_enableMaster                 
000034e7  Interrupt_enableSleepOnIsrExit         
00003263  Interrupt_getPriority                  
000031db  Interrupt_getPriorityGrouping          
000034c7  Interrupt_getPriorityMask              
000034e1  Interrupt_getVectorTableAddress        
0000336d  Interrupt_isEnabled                    
000033f9  Interrupt_pendInterrupt                
0000315b  Interrupt_registerInterrupt            
00003213  Interrupt_setPriority                  
000031c1  Interrupt_setPriorityGrouping          
000034b7  Interrupt_setPriorityMask              
000034d1  Interrupt_setVectorTableAddress        
00003469  Interrupt_unpendInterrupt              
000031ad  Interrupt_unregisterInterrupt          
00003ebb  MemManage_Handler                      
00003ebb  NMI_Handler                            
00003ebb  PCM_IRQHandler                         
00002bd3  PCM_clearInterruptFlag                 
00002ba9  PCM_disableInterrupt                   
00002b81  PCM_disableRudeMode                    
00002b95  PCM_enableInterrupt                    
00002b6f  PCM_enableRudeMode                     
0000257b  PCM_getCoreVoltageLevel                
00002bc3  PCM_getEnabledInterruptStatus          
00002bbd  PCM_getInterruptStatus                 
00002521  PCM_getPowerMode                       
00002b63  PCM_getPowerState                      
00002a95  PCM_gotoLPM0                           
00002ab3  PCM_gotoLPM0InterruptSafe              
00002acf  PCM_gotoLPM3                           
00002b47  PCM_gotoLPM3InterruptSafe              
00002a69  PCM_gotoLPM4                           
00002a79  PCM_gotoLPM4InterruptSafe              
00002be7  PCM_registerInterrupt                  
000024ef  PCM_setCoreVoltageLevel                
00002511  PCM_setCoreVoltageLevelNonBlocking     
000024ff  PCM_setCoreVoltageLevelWithTimeout     
00002721  PCM_setPowerMode                       
00002731  PCM_setPowerModeNonBlocking            
00002741  PCM_setPowerModeWithTimeout            
000029f3  PCM_setPowerState                      
00002a15  PCM_setPowerStateNonBlocking           
00002a03  PCM_setPowerStateWithTimeout           
00002a25  PCM_shutdownDevice                     
00002bfb  PCM_unregisterInterrupt                
00003ebb  PORT1_IRQHandler                       
00003ebb  PORT2_IRQHandler                       
00003ebb  PORT3_IRQHandler                       
00003ebb  PORT4_IRQHandler                       
00003ebb  PORT5_IRQHandler                       
00003ebb  PORT6_IRQHandler                       
00003ebb  PSS_IRQHandler                         
00003ebb  PendSV_Handler                         
00003ebb  RTC_C_IRQHandler                       
0000308d  RTC_C_clearInterruptFlag               
00002ed7  RTC_C_convertBCDToBinary               
00002eef  RTC_C_convertBinaryToBCD               
00002e33  RTC_C_definePrescaleEvent              
00002f5d  RTC_C_disableInterrupt                 
00002f07  RTC_C_enableInterrupt                  
00002d65  RTC_C_getCalendarTime                  
0000302d  RTC_C_getEnabledInterruptStatus        
00002fc5  RTC_C_getInterruptStatus               
00002e5b  RTC_C_getPrescaleValue                 
00002c4f  RTC_C_holdClock                        
00002cf3  RTC_C_initCalendar                     
000030d3  RTC_C_registerInterrupt                
00002dcb  RTC_C_setCalendarAlarm                 
00002e03  RTC_C_setCalendarEvent                 
00002c9d  RTC_C_setCalibrationData               
00002c6d  RTC_C_setCalibrationFrequency          
00002e87  RTC_C_setPrescaleValue                 
00002cc9  RTC_C_setTemperatureCompensation       
00002c31  RTC_C_startClock                       
000030f1  RTC_C_unregisterInterrupt              
00003eaf  Reset_Handler                          
00003ebb  SVC_Handler                            
00003a4f  SysCtl_disableGlitchFilter             
000038df  SysCtl_disableNMISource                
000039e7  SysCtl_disablePeripheralAtCPUHalt      
00003929  SysCtl_disableSRAMBank                 
000039ad  SysCtl_disableSRAMBankRetention        
00003a43  SysCtl_enableGlitchFilter              
000038f3  SysCtl_enableNMISource                 
000039d3  SysCtl_enablePeripheralAtCPUHalt       
0000390d  SysCtl_enableSRAMBank                  
00003991  SysCtl_enableSRAMBankRetention         
000038d9  SysCtl_getFlashSize                    
00003907  SysCtl_getNMISourceStatus              
000038d3  SysCtl_getSRAMSize                     
0000385d  SysCtl_getTLVInfo                      
00003a5b  SysCtl_getTempCalibrationConstant      
000039c9  SysCtl_rebootDevice                    
00003a1f  SysCtl_setWDTPasswordViolationResetType
000039fb  SysCtl_setWDTTimeoutResetType          
00003ebb  SysTick_Handler                        
00003d2d  SysTick_disableInterrupt               
00003cfd  SysTick_disableModule                  
00003d21  SysTick_enableInterrupt                
00003cf1  SysTick_enableModule                   
00003d4b  SysTick_getPeriod                      
00003d53  SysTick_getValue                       
00003d09  SysTick_registerInterrupt              
00003d39  SysTick_setPeriod                      
00003d17  SysTick_unregisterInterrupt            
20000128  SystemCoreClock                        
00003529  SystemCoreClockUpdate                  
000037a1  SystemInit                             
00003ebb  T32_INT1_IRQHandler                    
00003ebb  T32_INT2_IRQHandler                    
00003ebb  T32_INTC_IRQHandler                    
00003ebb  TA0_0_IRQHandler                       
00003ebb  TA0_N_IRQHandler                       
00003ebb  TA1_0_IRQHandler                       
00003ebb  TA1_N_IRQHandler                       
00003ebb  TA2_0_IRQHandler                       
00003ebb  TA2_N_IRQHandler                       
00003ebb  TA3_0_IRQHandler                       
00003ebb  TA3_N_IRQHandler                       
00003ebb  UsageFault_Handler                     
4000480c  WDTCTL_SYM                             
00003ebb  WDT_A_IRQHandler                       
00003bbd  WDT_A_clearTimer                       
00003b7d  WDT_A_holdTimer                        
00003bf9  WDT_A_initIntervalTimer                
00003bdd  WDT_A_initWatchdogTimer                
00003c2d  WDT_A_registerInterrupt                
00003c15  WDT_A_setPasswordViolationReset        
00003c21  WDT_A_setTimeoutReset                  
00003b9d  WDT_A_startTimer                       
00003c41  WDT_A_unregisterInterrupt              
00001557  __FlashCtl_remaskBurstDataPost         
0000143d  __FlashCtl_remaskBurstDataPre          
00001281  __FlashCtl_remaskData32Post            
00001365  __FlashCtl_remaskData32Pre             
00001163  __FlashCtl_remaskData8Post             
000011e3  __FlashCtl_remaskData8Pre              
20010000  __STACK_END                            
00000200  __STACK_SIZE                           
00003fc0  __TI_CINIT_Base                        
00003fd8  __TI_CINIT_Limit                       
00003fa4  __TI_Handler_Table_Base                
00003fb0  __TI_Handler_Table_Limit               
00003dcd  __TI_auto_init_nobinit_nopinit         
00003d65  __TI_decompress_lzss                   
00003ea1  __TI_decompress_none                   
ffffffff  __TI_pprof_out_hndl                    
ffffffff  __TI_prof_data_size                    
ffffffff  __TI_prof_data_start                   
00000000  __TI_static_base__                     
00003e85  __TI_zero_init_nomemset                
00003c55  __aeabi_memcpy                         
00003c55  __aeabi_memcpy4                        
00003c55  __aeabi_memcpy8                        
ffffffff  __binit__                              
ffffffff  __c_args__                             
UNDEFED   __mpu_init                             
2000fe00  __stack                                
20000000  __start___llvm_prf_cnts                
20000000  __stop___llvm_prf_cnts                 
00003e51  _c_int00_noargs                        
UNDEFED   _system_post_cinit                     
00003ec5  _system_pre_init                       
00003ec9  abort                                  
ffffffff  binit                                  
00003aa1  delay_init                             
00003aeb  delay_ms                               
00003b27  delay_us                               
20000000  g_pfnRAMVectors                        
00000000  interruptVectors                       
00003ebd  main                                   
00003c55  memcpy                                 


GLOBAL SYMBOLS: SORTED BY Symbol Address 

address   name                                   
-------   ----                                   
00000000  __TI_static_base__                     
00000000  interruptVectors                       
00000200  __STACK_SIZE                           
0000028f  FlashCtl_getMemoryInfo                 
0000060d  FlashCtl_enableReadBuffering           
00000661  FlashCtl_disableReadBuffering          
000006c1  FlashCtl_unprotectSector               
00000731  FlashCtl_protectSector                 
00000791  FlashCtl_isSectorProtected             
0000081d  FlashCtl_verifyMemory                  
00000a85  FlashCtl_setReadMode                   
00000af1  FlashCtl_getReadMode                   
00000b1b  FlashCtl_initiateMassErase             
00000b41  FlashCtl_performMassErase              
00000c8d  FlashCtl_eraseSector                   
00000db1  FlashCtl_initiateSectorErase           
00000e49  FlashCtl_programMemory                 
00000fb5  FlashCtl_setProgramVerification        
00000fef  FlashCtl_clearProgramVerification      
00001029  FlashCtl_enableWordProgramming         
00001059  FlashCtl_disableWordProgramming        
00001061  FlashCtl_isWordProgrammingEnabled      
00001081  FlashCtl_setWaitState                  
000010bf  FlashCtl_getWaitState                  
000010ed  FlashCtl_enableInterrupt               
00001101  FlashCtl_disableInterrupt              
00001115  FlashCtl_getInterruptStatus            
0000111b  FlashCtl_getEnabledInterruptStatus     
0000112b  FlashCtl_clearInterruptFlag            
0000113f  FlashCtl_registerInterrupt             
00001153  FlashCtl_unregisterInterrupt           
00001163  __FlashCtl_remaskData8Post             
000011e3  __FlashCtl_remaskData8Pre              
00001281  __FlashCtl_remaskData32Post            
00001365  __FlashCtl_remaskData32Pre             
0000143d  __FlashCtl_remaskBurstDataPre          
00001557  __FlashCtl_remaskBurstDataPost         
000018e1  CS_setExternalClockSourceFrequency     
0000191d  CS_initClockSignal                     
00001a21  CS_startHFXT                           
00001a45  CS_startHFXTWithTimeout                
00001b09  CS_startLFXT                           
00001b2d  CS_startLFXTWithTimeout                
00001bfd  CS_enableClockRequest                  
00001c25  CS_disableClockRequest                 
00001c47  CS_setReferenceOscillatorFrequency     
00001c6d  CS_enableDCOExternalResistor           
00001c95  CS_setDCOExternalResistorCalibration   
00001d0b  CS_disableDCOExternalResistor          
00001d29  CS_setDCOCenteredFrequency             
00001d61  CS_tuneDCOFrequency                    
00001e05  CS_getDCOFrequency                     
00001fa5  CS_setDCOFrequency                     
0000217d  CS_getBCLK                             
00002199  CS_getHSMCLK                           
000021bd  CS_getACLK                             
000021e1  CS_getSMCLK                            
00002203  CS_getMCLK                             
00002225  CS_enableFaultCounter                  
00002251  CS_disableFaultCounter                 
0000227d  CS_resetFaultCounter                   
000022c9  CS_startFaultCounter                   
00002319  CS_enableInterrupt                     
0000233b  CS_disableInterrupt                    
0000235d  CS_getInterruptStatus                  
00002363  CS_getEnabledInterruptStatus           
0000237d  CS_clearInterruptFlag                  
0000239f  CS_registerInterrupt                   
000023b3  CS_unregisterInterrupt                 
000024ef  PCM_setCoreVoltageLevel                
000024ff  PCM_setCoreVoltageLevelWithTimeout     
00002511  PCM_setCoreVoltageLevelNonBlocking     
00002521  PCM_getPowerMode                       
0000257b  PCM_getCoreVoltageLevel                
00002721  PCM_setPowerMode                       
00002731  PCM_setPowerModeNonBlocking            
00002741  PCM_setPowerModeWithTimeout            
000029f3  PCM_setPowerState                      
00002a03  PCM_setPowerStateWithTimeout           
00002a15  PCM_setPowerStateNonBlocking           
00002a25  PCM_shutdownDevice                     
00002a69  PCM_gotoLPM4                           
00002a79  PCM_gotoLPM4InterruptSafe              
00002a95  PCM_gotoLPM0                           
00002ab3  PCM_gotoLPM0InterruptSafe              
00002acf  PCM_gotoLPM3                           
00002b47  PCM_gotoLPM3InterruptSafe              
00002b63  PCM_getPowerState                      
00002b6f  PCM_enableRudeMode                     
00002b81  PCM_disableRudeMode                    
00002b95  PCM_enableInterrupt                    
00002ba9  PCM_disableInterrupt                   
00002bbd  PCM_getInterruptStatus                 
00002bc3  PCM_getEnabledInterruptStatus          
00002bd3  PCM_clearInterruptFlag                 
00002be7  PCM_registerInterrupt                  
00002bfb  PCM_unregisterInterrupt                
00002c31  RTC_C_startClock                       
00002c4f  RTC_C_holdClock                        
00002c6d  RTC_C_setCalibrationFrequency          
00002c9d  RTC_C_setCalibrationData               
00002cc9  RTC_C_setTemperatureCompensation       
00002cf3  RTC_C_initCalendar                     
00002d65  RTC_C_getCalendarTime                  
00002dcb  RTC_C_setCalendarAlarm                 
00002e03  RTC_C_setCalendarEvent                 
00002e33  RTC_C_definePrescaleEvent              
00002e5b  RTC_C_getPrescaleValue                 
00002e87  RTC_C_setPrescaleValue                 
00002ed7  RTC_C_convertBCDToBinary               
00002eef  RTC_C_convertBinaryToBCD               
00002f07  RTC_C_enableInterrupt                  
00002f5d  RTC_C_disableInterrupt                 
00002fc5  RTC_C_getInterruptStatus               
0000302d  RTC_C_getEnabledInterruptStatus        
0000308d  RTC_C_clearInterruptFlag               
000030d3  RTC_C_registerInterrupt                
000030f1  RTC_C_unregisterInterrupt              
0000313b  Interrupt_enableMaster                 
0000314b  Interrupt_disableMaster                
0000315b  Interrupt_registerInterrupt            
000031ad  Interrupt_unregisterInterrupt          
000031c1  Interrupt_setPriorityGrouping          
000031db  Interrupt_getPriorityGrouping          
00003213  Interrupt_setPriority                  
00003263  Interrupt_getPriority                  
00003289  Interrupt_enableInterrupt              
000032fb  Interrupt_disableInterrupt             
0000336d  Interrupt_isEnabled                    
000033f9  Interrupt_pendInterrupt                
00003469  Interrupt_unpendInterrupt              
000034b7  Interrupt_setPriorityMask              
000034c7  Interrupt_getPriorityMask              
000034d1  Interrupt_setVectorTableAddress        
000034e1  Interrupt_getVectorTableAddress        
000034e7  Interrupt_enableSleepOnIsrExit         
000034f9  Interrupt_disableSleepOnIsrExit        
00003529  SystemCoreClockUpdate                  
000037a1  SystemInit                             
0000385d  SysCtl_getTLVInfo                      
000038d3  SysCtl_getSRAMSize                     
000038d9  SysCtl_getFlashSize                    
000038df  SysCtl_disableNMISource                
000038f3  SysCtl_enableNMISource                 
00003907  SysCtl_getNMISourceStatus              
0000390d  SysCtl_enableSRAMBank                  
00003929  SysCtl_disableSRAMBank                 
00003991  SysCtl_enableSRAMBankRetention         
000039ad  SysCtl_disableSRAMBankRetention        
000039c9  SysCtl_rebootDevice                    
000039d3  SysCtl_enablePeripheralAtCPUHalt       
000039e7  SysCtl_disablePeripheralAtCPUHalt      
000039fb  SysCtl_setWDTTimeoutResetType          
00003a1f  SysCtl_setWDTPasswordViolationResetType
00003a43  SysCtl_enableGlitchFilter              
00003a4f  SysCtl_disableGlitchFilter             
00003a5b  SysCtl_getTempCalibrationConstant      
00003aa1  delay_init                             
00003aeb  delay_ms                               
00003b27  delay_us                               
00003b7d  WDT_A_holdTimer                        
00003b9d  WDT_A_startTimer                       
00003bbd  WDT_A_clearTimer                       
00003bdd  WDT_A_initWatchdogTimer                
00003bf9  WDT_A_initIntervalTimer                
00003c15  WDT_A_setPasswordViolationReset        
00003c21  WDT_A_setTimeoutReset                  
00003c2d  WDT_A_registerInterrupt                
00003c41  WDT_A_unregisterInterrupt              
00003c55  __aeabi_memcpy                         
00003c55  __aeabi_memcpy4                        
00003c55  __aeabi_memcpy8                        
00003c55  memcpy                                 
00003cf1  SysTick_enableModule                   
00003cfd  SysTick_disableModule                  
00003d09  SysTick_registerInterrupt              
00003d17  SysTick_unregisterInterrupt            
00003d21  SysTick_enableInterrupt                
00003d2d  SysTick_disableInterrupt               
00003d39  SysTick_setPeriod                      
00003d4b  SysTick_getPeriod                      
00003d53  SysTick_getValue                       
00003d65  __TI_decompress_lzss                   
00003dcd  __TI_auto_init_nobinit_nopinit         
00003e11  CPU_cpsid                              
00003e1d  CPU_primask                            
00003e27  CPU_cpsie                              
00003e33  CPU_wfi                                
00003e37  CPU_basepriSet                         
00003e45  CPU_basepriGet                         
00003e51  _c_int00_noargs                        
00003e85  __TI_zero_init_nomemset                
00003ea1  __TI_decompress_none                   
00003eaf  Reset_Handler                          
00003ebb  ADC14_IRQHandler                       
00003ebb  AES256_IRQHandler                      
00003ebb  BusFault_Handler                       
00003ebb  COMP_E0_IRQHandler                     
00003ebb  COMP_E1_IRQHandler                     
00003ebb  CS_IRQHandler                          
00003ebb  DMA_ERR_IRQHandler                     
00003ebb  DMA_INT0_IRQHandler                    
00003ebb  DMA_INT1_IRQHandler                    
00003ebb  DMA_INT2_IRQHandler                    
00003ebb  DMA_INT3_IRQHandler                    
00003ebb  DebugMon_Handler                       
00003ebb  Default_Handler                        
00003ebb  EUSCIA0_IRQHandler                     
00003ebb  EUSCIA1_IRQHandler                     
00003ebb  EUSCIA2_IRQHandler                     
00003ebb  EUSCIA3_IRQHandler                     
00003ebb  EUSCIB0_IRQHandler                     
00003ebb  EUSCIB1_IRQHandler                     
00003ebb  EUSCIB2_IRQHandler                     
00003ebb  EUSCIB3_IRQHandler                     
00003ebb  FLCTL_IRQHandler                       
00003ebb  FPU_IRQHandler                         
00003ebb  HardFault_Handler                      
00003ebb  MemManage_Handler                      
00003ebb  NMI_Handler                            
00003ebb  PCM_IRQHandler                         
00003ebb  PORT1_IRQHandler                       
00003ebb  PORT2_IRQHandler                       
00003ebb  PORT3_IRQHandler                       
00003ebb  PORT4_IRQHandler                       
00003ebb  PORT5_IRQHandler                       
00003ebb  PORT6_IRQHandler                       
00003ebb  PSS_IRQHandler                         
00003ebb  PendSV_Handler                         
00003ebb  RTC_C_IRQHandler                       
00003ebb  SVC_Handler                            
00003ebb  SysTick_Handler                        
00003ebb  T32_INT1_IRQHandler                    
00003ebb  T32_INT2_IRQHandler                    
00003ebb  T32_INTC_IRQHandler                    
00003ebb  TA0_0_IRQHandler                       
00003ebb  TA0_N_IRQHandler                       
00003ebb  TA1_0_IRQHandler                       
00003ebb  TA1_N_IRQHandler                       
00003ebb  TA2_0_IRQHandler                       
00003ebb  TA2_N_IRQHandler                       
00003ebb  TA3_0_IRQHandler                       
00003ebb  TA3_N_IRQHandler                       
00003ebb  UsageFault_Handler                     
00003ebb  WDT_A_IRQHandler                       
00003ebd  main                                   
00003ec5  _system_pre_init                       
00003ec9  C$$EXIT                                
00003ec9  abort                                  
00003fa4  __TI_Handler_Table_Base                
00003fb0  __TI_Handler_Table_Limit               
00003fc0  __TI_CINIT_Base                        
00003fd8  __TI_CINIT_Limit                       
20000000  __start___llvm_prf_cnts                
20000000  __stop___llvm_prf_cnts                 
20000000  g_pfnRAMVectors                        
20000128  SystemCoreClock                        
2000fe00  __stack                                
20010000  __STACK_END                            
4000480c  WDTCTL_SYM                             
ffffffff  __TI_pprof_out_hndl                    
ffffffff  __TI_prof_data_size                    
ffffffff  __TI_prof_data_start                   
ffffffff  __binit__                              
ffffffff  __c_args__                             
ffffffff  binit                                  
UNDEFED   __mpu_init                             
UNDEFED   _system_post_cinit                     

[268 symbols]
