******************************************************************************
                  TI ARM Linker PC v20.2.2                     
******************************************************************************
>> Linked Sat Oct 10 22:30:21 2020

OUTPUT FILE NAME:   <mpu6050.out>
ENTRY POINT SYMBOL: "_c_int00_noargs"  address: 000110f1


MEMORY CONFIGURATION

         name            origin    length      used     unused   attr    fill
----------------------  --------  ---------  --------  --------  ----  --------
  MAIN                  00000000   00040000  0001235a  0002dca6  R  X
  INFO                  00200000   00004000  00000000  00004000  R  X
  SRAM_CODE             01000000   00010000  00001984  0000e67c  RW X
  SRAM_DATA             20000000   00010000  00001984  0000e67c  RW  


SEGMENT ALLOCATION MAP

run origin  load origin   length   init length attrs members
----------  ----------- ---------- ----------- ----- -------
00000000    00000000    00012360   00012360    r-x
  00000000    00000000    000000e4   000000e4    r-- .intvecs
  000000e8    000000e8    000112a0   000112a0    r-x .text
  00011388    00011388    00000f32   00000f32    r-- .const
  000122bc    000122bc    0000000c   0000000c    r-- .rodata.str1.4
  000122c8    000122c8    00000098   00000098    r-- .cinit
20000000    20000000    00001784   00000000    rw-
  20000000    20000000    000000e8   00000000    rw- .vtable
  200000e8    200000e8    00001118   00000000    rw- .bss
  20001200    20001200    00000400   00000000    rw- .sysmem
  20001600    20001600    00000184   00000000    rw- .data
2000fe00    2000fe00    00000200   00000000    rw-
  2000fe00    2000fe00    00000200   00000000    rw- .stack


SECTION ALLOCATION MAP

 output                                  attributes/
section   page    origin      length       input sections
--------  ----  ----------  ----------   ----------------
.intvecs   0    00000000    000000e4     
                  00000000    000000e4     startup_msp432p401r_ccs.obj (.intvecs:retain)

.text      0    000000e8    000112a0     
                  000000e8    000026c8     inv_mpu.obj (.text)
                  000027b0    000014e4     ml_math_func.obj (.text)
                  00003c94    00001108     data_builder.obj (.text)
                  00004d9c    00001084     inv_mpu_dmp_motion_driver.obj (.text)
                  00005e20    00000d90     liblibmplmpu.a : fast_no_motion.o (.text)
                  00006bb0    00000c5c     cs.obj (.text)
                  0000780c    00000004     rtsv7M4_T_le_v4SPD16_eabi.lib : printf.c.obj (.text:_outc)
                  00007810    00000a78     liblibmplmpu.a : quaternion_supervisor.o (.text)
                  00008288    00000a4e     rtsv7M4_T_le_v4SPD16_eabi.lib : _printfi.c.obj (.text:__TI_printfi)
                  00008cd6    00000002                                   : _lock.c.obj (.text:_nop)
                  00008cd8    00000908     hal_outputs.obj (.text)
                  000095e0    00000890     mpu_setup.obj (.text)
                  00009e70    00000878     i2c.obj (.text)
                  0000a6e8    00000770     esp.obj (.text)
                  0000ae58    00000760     liblibmplmpu.a : fusion_9axis.o (.text)
                  0000b5b8    00000680                    : mag_disturb.o (.text)
                  0000bc38    0000064c     eMPL_outputs.obj (.text)
                  0000c284    000005e8     results_holder.obj (.text)
                  0000c86c    000005a0     liblibmplmpu.a : gyro_tc.o (.text)
                  0000ce0c    00000448     uart.obj (.text)
                  0000d254    0000041c     rtsv7M4_T_le_v4SPD16_eabi.lib : e_acos.c.obj (.text:acos)
                  0000d670    0000040c     interrupt.obj (.text)
                  0000da7c    000003c8     msp432_I2C.obj (.text)
                  0000de44    00000368     log_msp432.obj (.text)
                  0000e1ac    00000334     system_msp432p401r.obj (.text)
                  0000e4e0    000002d4     storage_manager.obj (.text)
                  0000e7b4    00000270     rtsv7M4_T_le_v4SPD16_eabi.lib : _printfi.c.obj (.text:_pconv_a)
                  0000ea24    00000248     sysctl.obj (.text)
                  0000ec6c    00000224     main.obj (.text)
                  0000ee90    000001d0     rtsv7M4_T_le_v4SPD16_eabi.lib : _printfi.c.obj (.text:_pconv_g)
                  0000f060    000001b6                                   : fd_add_t2.asm.obj (.text)
                  0000f216    00000002                                   : div0.asm.obj (.text)
                  0000f218    00000198                                   : e_acosf.c.obj (.text:acosf)
                  0000f3b0    00000170                                   : e_asinf.c.obj (.text:asinf)
                  0000f520    00000158                                   : e_atan2f.c.obj (.text:atan2f)
                  0000f678    00000158                                   : e_sqrt.c.obj (.text:sqrt)
                  0000f7d0    00000150                                   : s_atanf.c.obj (.text:atanf)
                  0000f920    0000013c                                   : _printfi.c.obj (.text:_pconv_e)
                  0000fa5c    00000136                                   : fd_div_t2.asm.obj (.text)
                  0000fb92    00000002     --HOLE-- [fill = 0]
                  0000fb94    00000124                                   : _printfi.c.obj (.text:fcvt)
                  0000fcb8    0000011c     mpu_Uart.obj (.text)
                  0000fdd4    00000110     rtsv7M4_T_le_v4SPD16_eabi.lib : s_scalbn.c.obj (.text:scalbn)
                  0000fee4    00000100                                   : memory.c.obj (.text:aligned_alloc)
                  0000ffe4    000000fc                                   : fd_mul_t2.asm.obj (.text)
                  000100e0    000000f8     msp432_Clock.obj (.text)
                  000101d8    000000e8     mpl.obj (.text)
                  000102c0    000000e4     rtsv7M4_T_le_v4SPD16_eabi.lib : memory.c.obj (.text:free)
                  000103a4    000000e4     start_manager.obj (.text)
                  00010488    000000b8     msp432_Interrupt.obj (.text)
                  00010540    000000b4     rtsv7M4_T_le_v4SPD16_eabi.lib : s_cosf.c.obj (.text:cosf)
                  000105f4    000000b1                                   : _printfi.c.obj (.text:_ltostr)
                  000106a5    00000003     --HOLE-- [fill = 0]
                  000106a8    000000a4                                   : s_sinf.c.obj (.text:sinf)
                  0001074c    0000009c                                   : memcpy_t2.asm.obj (.text)
                  000107e8    00000096                                   : ull_div_t2.asm.obj (.text)
                  0001087e    00000086                                   : fd_cmp_t2.asm.obj (.text:__aeabi_cdcmple)
                  00010904    00000086                                   : fd_cmp_t2.asm.obj (.text:__aeabi_cdrcmple)
                  0001098a    0000007a                                   : memset_t2.asm.obj (.text)
                  00010a04    00000070                                   : memory.c.obj (.text:split)
                  00010a74    0000006e                                   : _printfi.c.obj (.text:_mcpy)
                  00010ae2    0000006e                                   : fd_tos_t2.asm.obj (.text)
                  00010b50    0000006e                                   : ll_div_t2.asm.obj (.text)
                  00010bbe    0000006c                                   : fs_toll_t2.asm.obj (.text)
                  00010c2a    00000068                                   : copy_decompress_lzss.c.obj (.text:decompress:lzss:__TI_decompress_lzss)
                  00010c92    00000002     --HOLE-- [fill = 0]
                  00010c94    00000068                                   : printf.c.obj (.text:printf)
                  00010cfc    00000064                                   : s_frexp.c.obj (.text:frexp)
                  00010d60    00000056                                   : _printfi.c.obj (.text:_pconv_f)
                  00010db6    00000054                                   : _ltoa.c.obj (.text:__TI_ltoa)
                  00010e0a    00000052                                   : _printfi.c.obj (.text:_ecpy)
                  00010e5c    0000004c                                   : atoi.c.obj (.text:atoi)
                  00010ea8    00000048     message_layer.obj (.text)
                  00010ef0    00000048     rtsv7M4_T_le_v4SPD16_eabi.lib : fd_toi_t2.asm.obj (.text)
                  00010f38    00000048                                   : ll_tofs_t2.asm.obj (.text)
                  00010f80    00000044                                   : autoinit.c.obj (.text:__TI_auto_init_nobinit_nopinit:__TI_auto_init_nobinit_nopinit)
                  00010fc4    00000040                                   : sprintf.c.obj (.text:sprintf)
                  00011004    0000003e                                   : _printfi.c.obj (.text:_fcpy)
                  00011042    0000003e     cpu.obj (.text)
                  00011080    00000038     rtsv7M4_T_le_v4SPD16_eabi.lib : fs_tod_t2.asm.obj (.text)
                  000110b8    00000036                                   : strncpy.c.obj (.text:strncpy)
                  000110ee    00000002     --HOLE-- [fill = 0]
                  000110f0    00000034                                   : boot_cortex_m.c.obj (.text:_c_int00_noargs:_c_int00_noargs)
                  00011124    0000002e                                   : i_tofd_t2.asm.obj (.text)
                  00011152    00000002     --HOLE-- [fill = 0]
                  00011154    00000028                                   : memory.c.obj (.text:free_list_insert)
                  0001117c    00000028                                   : memmov.c.obj (.text:memmove)
                  000111a4    00000028                                   : e_sqrtf.c.obj (.text:sqrtf)
                  000111cc    00000028                                   : vsprintf.c.obj (.text:vsprintf)
                  000111f4    00000024                                   : memcmp.c.obj (.text:memcmp)
                  00011218    0000001e                                   : ll_asr_t2.asm.obj (.text)
                  00011236    00000002     --HOLE-- [fill = 0]
                  00011238    0000001c                                   : memory.c.obj (.text:free_list_remove)
                  00011254    0000001c                                   : memccpy.c.obj (.text:memccpy)
                  00011270    0000001a                                   : s_copysign.c.obj (.text:copysign)
                  0001128a    00000018                                   : sprintf.c.obj (.text:_outs)
                  000112a2    00000018                                   : vsprintf.c.obj (.text:_outs)
                  000112ba    00000018                                   : ll_mul_t2.asm.obj (.text)
                  000112d2    00000016                                   : strchr.c.obj (.text:strchr)
                  000112e8    00000014                                   : strcpy.c.obj (.text:strcpy)
                  000112fc    00000014                                   : strlen.c.obj (.text:strlen)
                  00011310    00000012                                   : wcslen.c.obj (.text:wcslen)
                  00011322    0000000e                                   : fd_eabi_t2.asm.obj (.text:__aeabi_dcmpgt)
                  00011330    0000000e                                   : copy_decompress_none.c.obj (.text:decompress:none:__TI_decompress_none)
                  0001133e    0000000e     startup_msp432p401r_ccs.obj (.text)
                  0001134c    0000000c     rtsv7M4_T_le_v4SPD16_eabi.lib : copy_zero_init.c.obj (.text:decompress:ZI:__TI_zero_init)
                  00011358    0000000a                                   : sprintf.c.obj (.text:_outc)
                  00011362    0000000a                                   : vsprintf.c.obj (.text:_outc)
                  0001136c    00000008                                   : errno.c.obj (.text:__aeabi_errno_addr)
                  00011374    00000008                                   : memory.c.obj (.text:malloc)
                  0001137c    00000004                                   : printf.c.obj (.text:_outs)
                  00011380    00000004                                   : pre_init.c.obj (.text:_system_pre_init)
                  00011384    00000004                                   : exit.c.obj (.text:abort:abort)

.const     0    00011388    00000f32     
                  00011388    00000bf6     inv_mpu_dmp_motion_driver.obj (.const:.string:dmp_memory)
                  00011f7e    00000101     rtsv7M4_T_le_v4SPD16_eabi.lib : ctype.c.obj (.const:.string:_ctypes_)
                  0001207f    00000001     --HOLE-- [fill = 0]
                  00012080    00000050     interrupt.obj (.const:g_pulRegs)
                  000120d0    00000034     rtsv7M4_T_le_v4SPD16_eabi.lib : s_atanf.c.obj (.const:$O1$$)
                  00012104    00000028     esp.obj (.const:espConfig)
                  0001212c    00000028     inv_mpu.obj (.const:test)
                  00012154    00000028     mpu_Uart.obj (.const:uartConfig)
                  0001217c    00000020     interrupt.obj (.const:g_pulPriority)
                  0001219c    00000003     inv_mpu_dmp_motion_driver.obj (.const:.string:$P$T0$1)
                  0001219f    00000001     --HOLE-- [fill = 0]
                  000121a0    00000020     rtsv7M4_T_le_v4SPD16_eabi.lib : e_asinf.c.obj (.const)
                  000121c0    0000001e     inv_mpu.obj (.const:reg)
                  000121de    00000014     mpl.obj (.const:.string:ml_ver)
                  000121f2    00000002     --HOLE-- [fill = 0]
                  000121f4    00000014     msp432_I2C.obj (.const:i2cConfig)
                  00012208    0000000e     mpl.obj (.const:.string:$P$T1$2)
                  00012216    0000000d     mpl.obj (.const:.string:$P$T0$1)
                  00012223    0000000d     esp.obj (.const:.string:$P$T1$2)
                  00012230    0000000c     mpu_setup.obj (.const:$P$T0$1)
                  0001223c    0000000c     inv_mpu_dmp_motion_driver.obj (.const:.string:$P$T4$5)
                  00012248    0000000c     inv_mpu.obj (.const:hw)
                  00012254    0000000b     esp.obj (.const:.string:$P$T0$1)
                  0001225f    0000000b     inv_mpu_dmp_motion_driver.obj (.const:.string:$P$T7$8)
                  0001226a    0000000b     inv_mpu_dmp_motion_driver.obj (.const:.string:$P$T8$9)
                  00012275    00000003     inv_mpu_dmp_motion_driver.obj (.const:.string:$P$T1$2)
                  00012278    0000000a     mpu_setup.obj (.const:.string)
                  00012282    00000009     inv_mpu_dmp_motion_driver.obj (.const:.string:$P$T5$6)
                  0001228b    00000009     inv_mpu_dmp_motion_driver.obj (.const:.string:$P$T6$7)
                  00012294    00000008     interrupt.obj (.const:g_pulDisRegs)
                  0001229c    00000008     interrupt.obj (.const:g_pulEnRegs)
                  000122a4    00000008     interrupt.obj (.const:g_pulPendRegs)
                  000122ac    00000008     interrupt.obj (.const:g_pulUnpendRegs)
                  000122b4    00000003     inv_mpu_dmp_motion_driver.obj (.const:.string:$P$T2$3)
                  000122b7    00000003     inv_mpu_dmp_motion_driver.obj (.const:.string:$P$T3$4)

.cinit     0    000122c8    00000098     
                  000122c8    0000005d     (.cinit..data.load) [load image, compression = lzss]
                  00012325    00000003     --HOLE-- [fill = 0]
                  00012328    0000000c     (__TI_handler_table)
                  00012334    00000004     --HOLE-- [fill = 0]
                  00012338    00000008     (.cinit..bss.load) [load image, compression = zero_init]
                  00012340    00000008     (.cinit..vtable.load) [load image, compression = zero_init]
                  00012348    00000018     (__TI_cinit_table)

.init_array 
*          0    00000000    00000000     UNINITIALIZED

.binit     0    00000000    00000000     

.vtable    0    20000000    000000e8     UNINITIALIZED
                  20000000    000000e8     interrupt.obj (.vtable)

.bss       0    200000e8    00001118     UNINITIALIZED
                  200000e8    00000320     esp.obj (.bss:rxBuffer)
                  20000408    00000260     (.common:fnm)
                  20000668    000001d0     data_builder.obj (.bss:sensors)
                  20000838    000001c4     liblibmplmpu.a : gyro_tc.o (.bss)
                  200009fc    00000198     storage_manager.obj (.bss:ds)
                  20000b94    00000140     data_builder.obj (.bss:inv_data_builder)
                  20000cd4    00000138     (.common:s9axis)
                  20000e0c    00000004     message_layer.obj (.bss:mh)
                  20000e10    000000d0     hal_outputs.obj (.bss:hal_out)
                  20000ee0    000000b8     liblibmplmpu.a : mag_disturb.o (.bss)
                  20000f98    00000090     results_holder.obj (.bss:rh)
                  20001028    0000006c     liblibmplmpu.a : quaternion_supervisor.o (.bss)
                  20001094    00000064     msp432_I2C.obj (.bss:RXData)
                  200010f8    00000054     start_manager.obj (.bss:inv_start_cb)
                  2000114c    00000004     msp432_Interrupt.obj (.bss)
                  20001150    00000040     liblibmplmpu.a : fast_no_motion.o (.bss)
                  20001190    00000030     eMPL_outputs.obj (.bss:eMPL_out)
                  200011c0    00000024     main.obj (.bss:$P$T0$1)
                  200011e4    0000000c     msp432_I2C.obj (.bss)
                  200011f0    00000008     cs.obj (.bss)
                  200011f8    00000008     mpu_setup.obj (.bss)

.sysmem    0    20001200    00000400     UNINITIALIZED
                  20001200    00000010     rtsv7M4_T_le_v4SPD16_eabi.lib : memory.c.obj (.sysmem)
                  20001210    000003f0     --HOLE--

.data      0    20001600    00000184     UNINITIALIZED
                  20001600    000000f0     rtsv7M4_T_le_v4SPD16_eabi.lib : defs.c.obj (.data:_ftable)
                  200016f0    0000002c     inv_mpu.obj (.data:st)
                  2000171c    00000014     hal_outputs.obj (.data:compass_low_pass_filter_coeff)
                  20001730    00000010     inv_mpu_dmp_motion_driver.obj (.data:dmp)
                  20001740    0000000c     msp432_Clock.obj (.data:counter)
                  2000174c    00000009     mpu_setup.obj (.data:gyro_pdata)
                  20001755    00000003     --HOLE--
                  20001758    00000009     msp432_I2C.obj (.data)
                  20001761    00000003     --HOLE--
                  20001764    00000008     rtsv7M4_T_le_v4SPD16_eabi.lib : _lock.c.obj (.data:$O1$$)
                  2000176c    00000008                                   : memory.c.obj (.data:$O1$$)
                  20001774    00000004     esp.obj (.data)
                  20001778    00000004     mpu_setup.obj (.data)
                  2000177c    00000004     rtsv7M4_T_le_v4SPD16_eabi.lib : errno.c.obj (.data)
                  20001780    00000004     system_msp432p401r.obj (.data)

.stack     0    2000fe00    00000200     UNINITIALIZED
                  2000fe00    00000004     rtsv7M4_T_le_v4SPD16_eabi.lib : boot_cortex_m.c.obj (.stack)
                  2000fe04    000001fc     --HOLE--

__llvm_prf_cnts 
*          0    20000000    00000000     UNINITIALIZED

.rodata.str1.4 
*          0    000122bc    0000000c     
                  000122bc    0000000c     liblibmplmpu.a : quaternion_supervisor.o (.rodata.str1.4)

MODULE SUMMARY

       Module                          code    ro data   rw data
       ------                          ----    -------   -------
    .\
       system_msp432p401r.obj          820     0         8      
       main.obj                        548     0         72     
       startup_msp432p401r_ccs.obj     14      228       0      
    +--+-------------------------------+-------+---------+---------+
       Total:                          1382    228       80     
                                                                
    .\driverlib\
       cs.obj                          3164    0         16     
       i2c.obj                         2168    0         0      
       interrupt.obj                   1036    144       464    
       uart.obj                        1096    0         0      
       sysctl.obj                      584     0         0      
       cpu.obj                         62      0         0      
    +--+-------------------------------+-------+---------+---------+
       Total:                          8110    144       480    
                                                                
    .\drivers\eMPL\
       inv_mpu.obj                     9928    82        88     
       inv_mpu_dmp_motion_driver.obj   4228    3126      32     
    +--+-------------------------------+-------+---------+---------+
       Total:                          14156   3208      120    
                                                                
    .\eMPL-hal\
       eMPL_outputs.obj                1612    0         96     
    +--+-------------------------------+-------+---------+---------+
       Total:                          1612    0         96     
                                                                
    .\mllite\
       data_builder.obj                4360    0         1568   
       ml_math_func.obj                5348    0         0      
       hal_outputs.obj                 2312    0         456    
       results_holder.obj              1512    0         288    
       storage_manager.obj             724     0         816    
       start_manager.obj               228     0         168    
       mpl.obj                         232     47        0      
       message_layer.obj               72      0         8      
    +--+-------------------------------+-------+---------+---------+
       Total:                          14788   47        3304   
                                                                
    .\msp432Peripherals\
       mpu_setup.obj                   2192    22        42     
       msp432_I2C.obj                  968     20        242    
       msp432_Clock.obj                248     0         24     
       msp432_Interrupt.obj            184     0         8      
    +--+-------------------------------+-------+---------+---------+
       Total:                          3592    42        316    
                                                                
    .\msp432Peripherals\ESP\
       esp.obj                         1904    64        1608   
    +--+-------------------------------+-------+---------+---------+
       Total:                          1904    64        1608   
                                                                
    .\msp432Peripherals\mpuUart\
       log_msp432.obj                  872     0         0      
       mpu_Uart.obj                    284     40        0      
    +--+-------------------------------+-------+---------+---------+
       Total:                          1156    40        0      
                                                                
    ../mpl/liblibmplmpu.a
       fast_no_motion.o                3472    0         1344   
       quaternion_supervisor.o         2680    12        216    
       fusion_9axis.o                  1888    0         624    
       gyro_tc.o                       1440    0         904    
       mag_disturb.o                   1664    0         368    
    +--+-------------------------------+-------+---------+---------+
       Total:                          11144   12        3456   
                                                                
    E:\ccs\Ti\ccs\tools\compiler\ti-cgt-arm_20.2.2.LTS\lib\rtsv7M4_T_le_v4SPD16_eabi.lib
       _printfi.c.obj                  4851    0         0      
       e_acos.c.obj                    1052    0         0      
       memory.c.obj                    672     0         16     
       defs.c.obj                      0       0         480    
       fd_add_t2.asm.obj               438     0         0      
       e_acosf.c.obj                   408     0         0      
       e_asinf.c.obj                   368     32        0      
       s_atanf.c.obj                   336     52        0      
       e_atan2f.c.obj                  344     0         0      
       e_sqrt.c.obj                    344     0         0      
       fd_div_t2.asm.obj               310     0         0      
       s_scalbn.c.obj                  272     0         0      
       fd_cmp_t2.asm.obj               268     0         0      
       ctype.c.obj                     0       257       0      
       fd_mul_t2.asm.obj               252     0         0      
       s_cosf.c.obj                    180     0         0      
       s_sinf.c.obj                    164     0         0      
       memcpy_t2.asm.obj               156     0         0      
       ull_div_t2.asm.obj              150     0         0      
       memset_t2.asm.obj               122     0         0      
       printf.c.obj                    112     0         0      
       fd_tos_t2.asm.obj               110     0         0      
       ll_div_t2.asm.obj               110     0         0      
       fs_toll_t2.asm.obj              108     0         0      
       copy_decompress_lzss.c.obj      104     0         0      
       s_frexp.c.obj                   100     0         0      
       sprintf.c.obj                   98      0         0      
       _ltoa.c.obj                     84      0         0      
       atoi.c.obj                      76      0         0      
       vsprintf.c.obj                  74      0         0      
       fd_toi_t2.asm.obj               72      0         0      
       ll_tofs_t2.asm.obj              72      0         0      
       autoinit.c.obj                  68      0         0      
       fs_tod_t2.asm.obj               56      0         0      
       strncpy.c.obj                   54      0         0      
       boot_cortex_m.c.obj             52      0         0      
       i_tofd_t2.asm.obj               46      0         0      
       e_sqrtf.c.obj                   40      0         0      
       memmov.c.obj                    40      0         0      
       memcmp.c.obj                    36      0         0      
       ll_asr_t2.asm.obj               30      0         0      
       memccpy.c.obj                   28      0         0      
       s_copysign.c.obj                26      0         0      
       ll_mul_t2.asm.obj               24      0         0      
       strchr.c.obj                    22      0         0      
       strcpy.c.obj                    20      0         0      
       strlen.c.obj                    20      0         0      
       _lock.c.obj                     2       0         16     
       wcslen.c.obj                    18      0         0      
       errno.c.obj                     8       0         8      
       copy_decompress_none.c.obj      14      0         0      
       fd_eabi_t2.asm.obj              14      0         0      
       copy_zero_init.c.obj            12      0         0      
       exit.c.obj                      4       0         0      
       pre_init.c.obj                  4       0         0      
       div0.asm.obj                    2       0         0      
    +--+-------------------------------+-------+---------+---------+
       Total:                          12447   341       520    
                                                                
       Heap:                           0       0         2048   
       Stack:                          0       0         1024   
       Linker Generated:               0       145       0      
    +--+-------------------------------+-------+---------+---------+
       Grand Total:                    70291   4271      13052  


LINKER GENERATED COPY TABLES

__TI_cinit_table @ 00012348 records: 3, size/record: 8, table size: 24
	.data: load addr=000122c8, load size=0000005d bytes, run addr=20001600, run size=00000184 bytes, compression=lzss
	.bss: load addr=00012338, load size=00000008 bytes, run addr=200000e8, run size=00001118 bytes, compression=zero_init
	.vtable: load addr=00012340, load size=00000008 bytes, run addr=20000000, run size=000000e8 bytes, compression=zero_init


LINKER GENERATED HANDLER TABLE

__TI_handler_table @ 00012328 records: 3, size/record: 4, table size: 12
	index: 0, handler: __TI_zero_init
	index: 1, handler: __TI_decompress_lzss
	index: 2, handler: __TI_decompress_none


GLOBAL SYMBOLS: SORTED ALPHABETICALLY BY Name 

address   name                                       
-------   ----                                       
0001134b  ADC14_IRQHandler                           
0001134b  AES256_IRQHandler                          
0001134b  BusFault_Handler                           
00011385  C$$EXIT                                    
0001134b  COMP_E0_IRQHandler                         
0001134b  COMP_E1_IRQHandler                         
00011077  CPU_basepriGet                             
00011069  CPU_basepriSet                             
00011043  CPU_cpsid                                  
00011059  CPU_cpsie                                  
0001104f  CPU_primask                                
00011065  CPU_wfi                                    
0001134b  CS_IRQHandler                              
00007781  CS_clearInterruptFlag                      
00007159  CS_disableClockRequest                     
00007237  CS_disableDCOExternalResistor              
00007669  CS_disableFaultCounter                     
00007731  CS_disableInterrupt                        
00007131  CS_enableClockRequest                      
000071a1  CS_enableDCOExternalResistor               
0000763d  CS_enableFaultCounter                      
00007705  CS_enableInterrupt                         
000075cf  CS_getACLK                                 
0000758f  CS_getBCLK                                 
00007315  CS_getDCOFrequency                         
00007761  CS_getEnabledInterruptStatus               
000075ab  CS_getHSMCLK                               
00007753  CS_getInterruptStatus                      
00007615  CS_getMCLK                                 
000075f3  CS_getSMCLK                                
00006e51  CS_initClockSignal                         
000077ad  CS_registerInterrupt                       
00007695  CS_resetFaultCounter                       
00007255  CS_setDCOCenteredFrequency                 
000071c9  CS_setDCOExternalResistorCalibration       
0000742d  CS_setDCOFrequency                         
00006e15  CS_setExternalClockSourceFrequency         
0000717b  CS_setReferenceOscillatorFrequency         
000076c1  CS_startFaultCounter                       
00006f55  CS_startHFXT                               
00006f79  CS_startHFXTWithTimeout                    
0000703d  CS_startLFXT                               
00007061  CS_startLFXTWithTimeout                    
00007285  CS_tuneDCOFrequency                        
000077c5  CS_unregisterInterrupt                     
0000b735  ComputeAngleVelocity                       
0001134b  DMA_ERR_IRQHandler                         
0001134b  DMA_INT0_IRQHandler                        
0001134b  DMA_INT1_IRQHandler                        
0001134b  DMA_INT2_IRQHandler                        
0001134b  DMA_INT3_IRQHandler                        
0001134b  DebugMon_Handler                           
0001134b  Default_Handler                            
0000ac95  ESP_OutChar                                
0000acbd  ESP_OutString                              
0001134b  EUSCIA0_IRQHandler                         
0001134b  EUSCIA1_IRQHandler                         
0001134b  EUSCIA2_IRQHandler                         
0001134b  EUSCIA3_IRQHandler                         
0001134b  EUSCIB0_IRQHandler                         
0001134b  EUSCIB1_IRQHandler                         
0001134b  EUSCIB2_IRQHandler                         
0001134b  EUSCIB3_IRQHandler                         
0001134b  FLCTL_IRQHandler                           
0001134b  FPU_IRQHandler                             
0001134b  HardFault_Handler                          
0000dcb9  I2C_IRQHandler                             
0000a599  I2C_clearInterruptFlag                     
0000a583  I2C_disableInterrupt                       
00009f23  I2C_disableModule                          
0000a54d  I2C_disableMultiMasterMode                 
0000a56d  I2C_enableInterrupt                        
00009f0d  I2C_enableModule                           
0000a529  I2C_enableMultiMasterMode                  
0000a5c7  I2C_getEnabledInterruptStatus              
0000a5af  I2C_getInterruptStatus                     
0000a5dd  I2C_getMode                                
0000a4cf  I2C_getReceiveBufferAddressForDMA          
0000a4dd  I2C_getTransmitBufferAddressForDMA         
00009e71  I2C_initMaster                             
00009ed3  I2C_initSlave                              
0000a037  I2C_isBusBusy                              
0000a4fd  I2C_masterIsStartSent                      
0000a4eb  I2C_masterIsStopSent                       
0000a3fb  I2C_masterReceiveMultiByteFinish           
0000a433  I2C_masterReceiveMultiByteFinishWithTimeout
0000a3e7  I2C_masterReceiveMultiByteNext             
0000a491  I2C_masterReceiveMultiByteStop             
0000a4a5  I2C_masterReceiveSingle                    
00009fab  I2C_masterReceiveSingleByte                
0000a3cd  I2C_masterReceiveStart                     
0000a281  I2C_masterSendMultiByteFinish              
0000a2e5  I2C_masterSendMultiByteFinishWithTimeout   
0000a20b  I2C_masterSendMultiByteNext                
0000a237  I2C_masterSendMultiByteNextWithTimeout     
0000a14b  I2C_masterSendMultiByteStart               
0000a1a5  I2C_masterSendMultiByteStartWithTimeout    
0000a363  I2C_masterSendMultiByteStop                
0000a38d  I2C_masterSendMultiByteStopWithTimeout     
0000a049  I2C_masterSendSingleByte                   
0000a0bf  I2C_masterSendSingleByteWithTimeout        
0000a515  I2C_masterSendStart                        
0000a5f5  I2C_registerInterrupt                      
00009f4d  I2C_setMode                                
00009f39  I2C_setSlaveAddress                        
00009f69  I2C_setTimeout                             
0000a023  I2C_slaveGetData                           
0000a00d  I2C_slavePutData                           
0000a6bd  I2C_slaveSendNAK                           
0000a661  I2C_unregisterInterrupt                    
0000d851  Interrupt_disableInterrupt                 
0000d683  Interrupt_disableMaster                    
0000da4d  Interrupt_disableSleepOnIsrExit            
0000d7df  Interrupt_enableInterrupt                  
0000d673  Interrupt_enableMaster                     
0000da3b  Interrupt_enableSleepOnIsrExit             
0000d7b9  Interrupt_getPriority                      
0000d731  Interrupt_getPriorityGrouping              
0000da1b  Interrupt_getPriorityMask                  
0000da35  Interrupt_getVectorTableAddress            
0000d8c3  Interrupt_isEnabled                        
0000d94d  Interrupt_pendInterrupt                    
0000d693  Interrupt_registerInterrupt                
0000d769  Interrupt_setPriority                      
0000d6f9  Interrupt_setPriorityGrouping              
0000da0b  Interrupt_setPriorityMask                  
0000da25  Interrupt_setVectorTableAddress            
0000d9bd  Interrupt_unpendInterrupt                  
0000d6e5  Interrupt_unregisterInterrupt              
0000b795  Mag3ofNormalizedLong                       
0000b869  MagDisturbCheckSettling                    
0000b7e9  MagDisturbSetDisturbance                   
0001134b  MemManage_Handler                          
0001134b  NMI_Handler                                
0001134b  PCM_IRQHandler                             
0001134b  PORT1_IRQHandler                           
0001134b  PORT2_IRQHandler                           
0001134b  PORT3_IRQHandler                           
000104eb  PORT4_IRQHandler                           
000104eb  PORT4_IRQHandler                           
0001134b  PORT5_IRQHandler                           
0001134b  PORT6_IRQHandler                           
0001134b  PSS_IRQHandler                             
0001134b  PendSV_Handler                             
0001134b  RTC_C_IRQHandler                           
0001133f  Reset_Handler                              
0001134b  SVC_Handler                                
0000ec1b  SysCtl_disableGlitchFilter                 
0000eaa7  SysCtl_disableNMISource                    
0000ebb3  SysCtl_disablePeripheralAtCPUHalt          
0000eaf5  SysCtl_disableSRAMBank                     
0000eb79  SysCtl_disableSRAMBankRetention            
0000ec0f  SysCtl_enableGlitchFilter                  
0000eabb  SysCtl_enableNMISource                     
0000eb9f  SysCtl_enablePeripheralAtCPUHalt           
0000ead9  SysCtl_enableSRAMBank                      
0000eb5d  SysCtl_enableSRAMBankRetention             
0000eaa1  SysCtl_getFlashSize                        
0000eacf  SysCtl_getNMISourceStatus                  
0000ea9b  SysCtl_getSRAMSize                         
0000ea25  SysCtl_getTLVInfo                          
0000ec27  SysCtl_getTempCalibrationConstant          
0000eb95  SysCtl_rebootDevice                        
0000ebeb  SysCtl_setWDTPasswordViolationResetType    
0000ebc7  SysCtl_setWDTTimeoutResetType              
0001134b  SysTick_Handler                            
20001780  SystemCoreClock                            
0000e1ad  SystemCoreClockUpdate                      
0000e425  SystemInit                                 
0001134b  T32_INT1_IRQHandler                        
0001134b  T32_INT2_IRQHandler                        
0001134b  T32_INTC_IRQHandler                        
0001134b  TA0_0_IRQHandler                           
0001134b  TA0_N_IRQHandler                           
0001134b  TA1_0_IRQHandler                           
0001134b  TA1_N_IRQHandler                           
0001134b  TA2_0_IRQHandler                           
0001134b  TA2_N_IRQHandler                           
0001134b  TA3_0_IRQHandler                           
0001134b  TA3_N_IRQHandler                           
0000fcfd  UART_InChar                                
0000fce1  UART_OutChar                               
0000fd3b  UART_OutString                             
0000d151  UART_clearInterruptFlag                    
0000d095  UART_disableInterrupt                      
0000cf77  UART_disableModule                         
0000d065  UART_enableInterrupt                       
0000cf61  UART_enableModule                          
0000d0e9  UART_getEnabledInterruptStatus             
0000d0c5  UART_getInterruptStatus                    
0000d02d  UART_getReceiveBufferAddressForDMA         
0000d03b  UART_getTransmitBufferAddressForDMA        
0000ce0d  UART_initModule                            
0000cf8d  UART_queryStatusFlags                      
0000cf3b  UART_receiveData                           
0000d171  UART_registerInterrupt                     
0000cfb5  UART_resetDormant                          
0000d049  UART_selectDeglitchTime                    
0000cfa1  UART_setDormant                            
0000cfc9  UART_transmitAddress                       
0000cfe7  UART_transmitBreak                         
0000cf11  UART_transmitData                          
0000d1e9  UART_unregisterInterrupt                   
0001134b  UsageFault_Handler                         
4000480c  WDTCTL_SYM                                 
0001134b  WDT_A_IRQHandler                           
0000de45  _MLPrintLog                                
20010000  __STACK_END                                
00000200  __STACK_SIZE                               
00000400  __SYSMEM_SIZE                              
00012348  __TI_CINIT_Base                            
00012360  __TI_CINIT_Limit                           
00012328  __TI_Handler_Table_Base                    
00012334  __TI_Handler_Table_Limit                   
00010f81  __TI_auto_init_nobinit_nopinit             
00010c2b  __TI_decompress_lzss                       
00011331  __TI_decompress_none                       
00010db7  __TI_ltoa                                  
ffffffff  __TI_pprof_out_hndl                        
00008289  __TI_printfi                               
ffffffff  __TI_prof_data_size                        
ffffffff  __TI_prof_data_start                       
00000000  __TI_static_base__                         
0001134d  __TI_zero_init                             
0001087f  __aeabi_cdcmpeq                            
0001087f  __aeabi_cdcmple                            
00010905  __aeabi_cdrcmple                           
00010ae3  __aeabi_d2f                                
00010ef1  __aeabi_d2iz                               
0000f06b  __aeabi_dadd                               
00011323  __aeabi_dcmpgt                             
0000fa5d  __aeabi_ddiv                               
0000ffe5  __aeabi_dmul                               
0000f061  __aeabi_dsub                               
0001136d  __aeabi_errno_addr                         
00011081  __aeabi_f2d                                
00010bbf  __aeabi_f2lz                               
00011125  __aeabi_i2d                                
0000f217  __aeabi_idiv0                              
00010f39  __aeabi_l2f                                
00011219  __aeabi_lasr                               
0000f217  __aeabi_ldiv0                              
00010b51  __aeabi_ldivmod                            
000112bb  __aeabi_lmul                               
0001098b  __aeabi_memclr                             
0001098b  __aeabi_memclr4                            
0001098b  __aeabi_memclr8                            
0001074d  __aeabi_memcpy                             
0001074d  __aeabi_memcpy4                            
0001074d  __aeabi_memcpy8                            
0001098d  __aeabi_memset                             
0001098d  __aeabi_memset4                            
0001098d  __aeabi_memset8                            
000107e9  __aeabi_uldivmod                           
ffffffff  __binit__                                  
ffffffff  __c_args__                                 
UNDEFED   __mpu_init                                 
2000fe00  __stack                                    
20000000  __start___llvm_prf_cnts                    
20000000  __stop___llvm_prf_cnts                     
000110f1  _c_int00_noargs                            
00011f7e  _ctypes_                                   
20001600  _ftable                                    
20001764  _lock                                      
00008cd7  _nop                                       
20001200  _sys_memory                                
UNDEFED   _system_post_cinit                         
00011381  _system_pre_init                           
20001768  _unlock                                    
00011385  abort                                      
0000d255  acos                                       
0000f219  acosf                                      
0000d255  acosl                                      
0000fee5  aligned_alloc                              
0000f3b1  asinf                                      
0000f521  atan2f                                     
0000f7d1  atanf                                      
00010e5d  atoi                                       
ffffffff  binit                                      
0000a755  clearBuffer                                
2000171c  compass_low_pass_filter_coeff              
00011271  copysign                                   
00011271  copysignl                                  
00010541  cosf                                       
00010137  delay_ms                                   
00005a8f  dmp_enable_6x_lp_quat                      
0000578f  dmp_enable_feature                         
000059fd  dmp_enable_gyro_cal                        
00005a4d  dmp_enable_lp_quat                         
000059e9  dmp_get_enabled_features                   
00005259  dmp_get_fifo_rate                          
00005679  dmp_get_pedometer_step_count               
000056ff  dmp_get_pedometer_walk_time                
00004d9d  dmp_load_motion_driver_firmware            
00005ba9  dmp_read_fifo                              
00005dfb  dmp_register_android_orient_cb             
00005de9  dmp_register_tap_cb                        
00005091  dmp_set_accel_bias                         
000051d9  dmp_set_fifo_rate                          
00004f39  dmp_set_gyro_bias                          
00005b47  dmp_set_interrupt_mode                     
00004db1  dmp_set_orientation                        
000056c5  dmp_set_pedometer_step_count               
0000574b  dmp_set_pedometer_walk_time                
00005589  dmp_set_shake_reject_thresh                
000055e5  dmp_set_shake_reject_time                  
00005629  dmp_set_shake_reject_timeout               
00005479  dmp_set_tap_axes                           
000054d1  dmp_set_tap_count                          
00005271  dmp_set_tap_thresh                         
00005515  dmp_set_tap_time                           
0000554d  dmp_set_tap_time_multi                     
0000dff7  eMPL_send_data                             
0000df3b  eMPL_send_quat                             
2000177c  errno                                      
00012104  espConfig                                  
0000a8cd  esp_StartConnection                        
0000a781  esp_connectWiFi                            
0000a847  esp_rst                                    
0000aa0d  esp_sendString                             
0000a875  esp_setMode                                
0000fd31  fgetc                                      
20000408  fnm                                        
0000fd17  fputc                                      
0000fd79  fputs                                      
000102c1  free                                       
00010cfd  frexp                                      
00010cfd  frexpl                                     
20000000  g_pfnRAMVectors                            
0001011b  get_timestamp                              
00012248  hw                                         
000121f4  i2cConfig                                  
0000dae1  i2c_disable                                
0000da7d  i2c_enable                                 
0000db91  i2c_read                                   
0000dae5  i2c_write                                  
0000ac45  init_ESP8266_UART                          
0000fcb9  init_mpuUART                               
0000625d  int_set_fast_nomot_gyro_threshold          
00000000  interruptVectors                           
0000b559  inv_9x_fusion_enable_jitter_reduction      
0000b549  inv_9x_fusion_set_mag_fb                   
0000b569  inv_9x_fusion_use_timestamps               
00004519  inv_accel_was_turned_off                   
00003711  inv_angle_diff                             
0000404d  inv_apply_calibration                      
00003339  inv_big8_to_int16                          
0000330f  inv_big8_to_int32                          
00003b11  inv_biquad_filter_process                  
000042f5  inv_build_accel                            
000043e9  inv_build_compass                          
0000439d  inv_build_gyro                             
000044d9  inv_build_quat                             
0000449d  inv_build_temp                             
00003ac9  inv_calc_state_to_match_output             
0000b8c1  inv_check_magnetic_disturbance             
00003793  inv_checksum                               
000027e7  inv_compass_angle                          
00004525  inv_compass_was_turned_off                 
000038a1  inv_convert_to_body                        
000039a9  inv_convert_to_body_with_scale             
0000391d  inv_convert_to_chip                        
00006575  inv_detect_motion_by_gyro_accel            
0000b5a9  inv_disable_9x_sensor_fusion               
00004d75  inv_disable_compass_soft_iron_matrix       
0000b67d  inv_disable_dip_tracking                   
0000c249  inv_disable_eMPL_outputs                   
00006b8d  inv_disable_fast_nomot                     
0000cddd  inv_disable_gyro_tc                        
000095a9  inv_disable_hal_outputs                    
0000b665  inv_disable_magnetic_disturbance           
00008269  inv_disable_quaternion                     
0000b585  inv_enable_9x_sensor_fusion                
00004d69  inv_enable_compass_soft_iron_matrix        
0000b68d  inv_enable_dip_tracking                    
0000c231  inv_enable_eMPL_outputs                    
00006b75  inv_enable_fast_nomot                      
0000cd9d  inv_enable_gyro_tc                         
0000958d  inv_enable_hal_outputs                     
0000b639  inv_enable_magnetic_disturbance            
00008251  inv_enable_quaternion                      
0000c5cd  inv_enable_results_holder                  
00010449  inv_execute_mpl_start_notification         
00004759  inv_execute_on_data                        
000063cd  inv_fast_nomot_get_time_elaps              
00006095  inv_fast_nomot_parameter                   
000060a1  inv_fast_nomot_parameter_3rd               
000063d9  inv_fast_nomot_parameter_compass           
000063a1  inv_fast_nomot_reset_data_compass          
00006181  inv_fast_nomot_set_gyro_bias               
000062b5  inv_fast_nomot_store_data                  
00006355  inv_fast_nomot_store_data_compass          
0000ae69  inv_filter_correction_angle                
00006bad  inv_fnm_debug_print                        
00007a89  inv_generate_accel_gyro_quaternion         
00006759  inv_generate_fast_nomot                    
00007a4d  inv_generate_gyro_quaternion               
000092c1  inv_generate_hal_outputs                   
0000c541  inv_generate_results                       
0000c469  inv_get_6axis_quaternion                   
0000c329  inv_get_acc_state                          
0000c6c1  inv_get_accel                              
00004ad3  inv_get_accel_accuracy                     
000042c9  inv_get_accel_bias                         
0000c6e5  inv_get_accel_float                        
00003e99  inv_get_accel_on                           
00004af5  inv_get_accel_orient                       
00003e0b  inv_get_accel_sample_rate_ms               
00003d31  inv_get_accel_sensitivity                  
00004981  inv_get_accel_set                          
000040d5  inv_get_compass_bias                       
0000c64f  inv_get_compass_bias_error                 
0000c2f7  inv_get_compass_correction                 
00004141  inv_get_compass_disturbance                
00003e7d  inv_get_compass_on                         
00003e1d  inv_get_compass_sample_rate_ms             
00003d37  inv_get_compass_sensitivity                
00004a45  inv_get_compass_set                        
00004c59  inv_get_compass_soft_iron_input_data       
00004b0d  inv_get_compass_soft_iron_matrix_d         
00004b8d  inv_get_compass_soft_iron_matrix_f         
00004c21  inv_get_compass_soft_iron_output_data      
0000c635  inv_get_compass_state                      
00003ba3  inv_get_cross_product_vec                  
00006295  inv_get_fast_nomot_accel_param             
00006275  inv_get_fast_nomot_compass_param           
00006ba1  inv_get_fnm_gyro_no_motion_param           
0000c3fd  inv_get_gravity                            
00004a2d  inv_get_gyro                               
00004abd  inv_get_gyro_accuracy                      
000042a3  inv_get_gyro_bias                          
00004283  inv_get_gyro_bias_tc_set                   
0000c74b  inv_get_gyro_float                         
00003e8b  inv_get_gyro_on                            
00004add  inv_get_gyro_orient                        
00003df9  inv_get_gyro_sample_rate_ms                
00003d2b  inv_get_gyro_sensitivity                   
000049b9  inv_get_gyro_set                           
000049f1  inv_get_gyro_set_raw                       
000028a9  inv_get_gyro_sum_of_sqr                    
0000cd4d  inv_get_gyro_ts                            
0000c7c5  inv_get_heading_confidence_interval        
0000c313  inv_get_large_mag_field                    
00003ea7  inv_get_last_timestamp                     
0000c66d  inv_get_linear_accel                       
0000c7cd  inv_get_linear_accel_float                 
0000c3c1  inv_get_local_field                        
00004ac3  inv_get_mag_accuracy                       
0000c3e9  inv_get_mag_scale                          
0000bc2d  inv_get_magnetic_disturbance_state         
00010ecf  inv_get_message_level_0                    
0000c33f  inv_get_motion_state                       
0000e58d  inv_get_mpl_state_size                     
0000c47b  inv_get_quaternion                         
0000c4ab  inv_get_quaternion_float                   
0000c4f1  inv_get_quaternion_set                     
000063f1  inv_get_right_shift_by_rounding            
0000bc39  inv_get_sensor_type_accel                  
00008cd9  inv_get_sensor_type_accelerometer          
0000bc7d  inv_get_sensor_type_compass                
0000bdc5  inv_get_sensor_type_euler                  
00008de5  inv_get_sensor_type_gravity                
0000bc5b  inv_get_sensor_type_gyro                   
00008e65  inv_get_sensor_type_gyroscope              
00008ee1  inv_get_sensor_type_gyroscope_raw          
0000bccd  inv_get_sensor_type_heading                
00008d55  inv_get_sensor_type_linear_acceleration    
00009083  inv_get_sensor_type_magnetic_field         
00009271  inv_get_sensor_type_orientation            
0000bc9f  inv_get_sensor_type_quat                   
0000c091  inv_get_sensor_type_rot_mat                
00008f65  inv_get_sensor_type_rotation_vector        
00004a8d  inv_get_temp_set                           
0001025b  inv_get_version                            
0000c5e9  inv_got_accel_bias                         
0000c605  inv_got_compass_bias                       
0000453d  inv_gyro_was_turned_off                    
0000b50d  inv_init_9x_fusion                         
00003a89  inv_init_biquad_filter                     
00003cfd  inv_init_data_builder                      
00006af5  inv_init_fast_nomot                        
0000cce5  inv_init_gyro_ts                           
00009551  inv_init_hal_outputs                       
0000b5e1  inv_init_magnetic_disturbance              
00005fbd  inv_init_maxmin                            
00010203  inv_init_mpl                               
0000822d  inv_init_quaternion                        
0000c581  inv_init_results_holder                    
000103a5  inv_init_start_manager                     
0000e4e1  inv_init_storage_manager                   
00003375  inv_int16_to_big8                          
000032d9  inv_int32_to_big8                          
00003357  inv_little8_to_int16                       
0000e5db  inv_load_mpl_states                        
0000bbf5  inv_magnetic_disturbance_process           
0000350d  inv_matrix_det                             
0000339d  inv_matrix_det_inc                         
0000344d  inv_matrix_det_incd                        
000035d1  inv_matrix_detd                            
00003f8d  inv_matrix_vector_mult                     
0000385d  inv_orientation_matrix_to_scalar           
0000b059  inv_perform_9x_fusion                      
0000cd8d  inv_print_gtc_data                         
0000b475  inv_process_9x_sensor_fusion_cb            
000028e7  inv_q29_mult                               
00002933  inv_q30_div                                
0000290d  inv_q30_mult                               
00002a99  inv_q_add                                  
00002e15  inv_q_addf                                 
00002bed  inv_q_invert                               
00003119  inv_q_invertf                              
00002981  inv_q_mult                                 
00002ce5  inv_q_multf                                
00003057  inv_q_norm4                                
00002bdf  inv_q_normalize                            
00002ea5  inv_q_normalizef                           
00002c99  inv_q_rotate                               
0000295f  inv_q_shift_mult                           
00004531  inv_quaternion_sensor_was_turned_off       
00003155  inv_quaternion_to_rotation                 
00003289  inv_quaternion_to_rotation_vector          
000064d9  inv_record_max_moment_in_no_motion_accel   
000064a5  inv_record_max_moment_in_no_motion_gyro    
00006541  inv_record_min_moment_in_motion_accel      
0000650d  inv_record_min_moment_in_motion_gyro       
00004589  inv_register_data_cb                       
0000e4f7  inv_register_load_store                    
0001041d  inv_register_mpl_start_notification        
00004d05  inv_reset_compass_soft_iron_matrix         
00006471  inv_reset_min_max_gyro_accel_statistics    
0000e6d7  inv_save_mpl_states                        
000066b9  inv_sensor_data_preprocess                 
0000c32f  inv_set_acc_state                          
0000419d  inv_set_accel_accuracy                     
00003e5d  inv_set_accel_bandwidth                    
00004159  inv_set_accel_bias                         
0000c5f5  inv_set_accel_bias_found                   
000041c9  inv_set_accel_bias_mask                    
00003f2b  inv_set_accel_orientation_and_scale        
00003d99  inv_set_accel_sample_rate                  
00003e6d  inv_set_compass_bandwidth                  
000040f5  inv_set_compass_bias                       
0000c63b  inv_set_compass_bias_error                 
0000c615  inv_set_compass_bias_found                 
0000c2cd  inv_set_compass_correction                 
00004131  inv_set_compass_disturbance                
00003f3d  inv_set_compass_orientation_and_scale      
00003dc9  inv_set_compass_sample_rate                
00004c91  inv_set_compass_soft_iron_input_data       
00004b49  inv_set_compass_soft_iron_matrix_d         
00004bc1  inv_set_compass_soft_iron_matrix_f         
0000c625  inv_set_compass_state                      
00006aa5  inv_set_default_number_of_samples          
00006269  inv_set_fast_nomot_accel_threshold         
00006251  inv_set_fast_nomot_compass_threshold       
0000cd1d  inv_set_gtc_max_temp                       
0000cd3d  inv_set_gtc_min_diff                       
0000cd2d  inv_set_gtc_min_temp                       
0000cd75  inv_set_gtc_order                          
00003e4d  inv_set_gyro_bandwidth                     
00004225  inv_set_gyro_bias                          
00003d57  inv_set_gyro_orientation_and_scale         
00003d69  inv_set_gyro_sample_rate                   
0000cd71  inv_set_gyro_ts                            
0000c7b3  inv_set_heading_confidence_interval        
0000c319  inv_set_large_mag_field                    
0000c3ad  inv_set_local_field                        
0000c3d5  inv_set_mag_scale                          
0000b5c9  inv_set_magnetic_disturbance               
00010ea9  inv_set_message                            
0000c355  inv_set_motion_state                       
00003e2f  inv_set_quat_sample_rate                   
00007a59  inv_set_quaternion                         
0000ae59  inv_start_9x_sensor_fusion                 
00006055  inv_start_fast_nomot                       
0000c86d  inv_start_gyro_tc                          
00009535  inv_start_hal_outputs                      
0000b5b9  inv_start_magnetic_disturbance             
0001026d  inv_start_mpl                              
000078e1  inv_start_quaternion                       
0000c559  inv_start_results_holder                   
0000b579  inv_stop_9x_sensor_fusion                  
00006b5d  inv_stop_fast_nomot                        
0000cd91  inv_stop_gyro_tc                           
00009521  inv_stop_hal_outputs                       
0000b62d  inv_stop_magnetic_disturbance              
00008221  inv_stop_quaternion                        
0000c2a3  inv_store_gaming_quaternion                
00004545  inv_temperature_was_turned_off             
0000b69d  inv_track_dip_angle                        
000046d1  inv_unregister_data_cb                     
000103b5  inv_unregister_mpl_start_notification      
00003a3b  inv_vector_norm                            
00002ae5  inv_vector_normalize                       
000036c1  inv_wrap_angle                             
0000fdd5  ldexp                                      
0000fdd5  ldexpl                                     
20000ee0  mag_disturb                                
0000ec6d  main                                       
00011375  malloc                                     
0000fee5  memalign                                   
00011255  memccpy                                    
000111f5  memcmp                                     
0001074d  memcpy                                     
0001117d  memmove                                    
00010993  memset                                     
00003c23  mlMatrixVectorMult                         
000121de  ml_ver                                     
20001778  mpl_key                                    
00001135  mpu_configure_fifo                         
00000d4d  mpu_get_accel_fsr                          
000004fb  mpu_get_accel_reg                          
000010bd  mpu_get_accel_sens                         
00002645  mpu_get_compass_fsr                        
00002635  mpu_get_compass_reg                        
0000103b  mpu_get_compass_sample_rate                
00002621  mpu_get_dmp_state                          
0000111d  mpu_get_fifo_config                        
00000c5f  mpu_get_gyro_fsr                           
00000485  mpu_get_gyro_reg                           
0000106d  mpu_get_gyro_sens                          
000012fd  mpu_get_int_status                         
00000e3d  mpu_get_lpf                                
000011c7  mpu_get_power_state                        
00000f61  mpu_get_sample_rate                        
000005ad  mpu_get_temperature                        
00000253  mpu_init                                   
00002471  mpu_load_firmware                          
00000385  mpu_lp_accel_mode                          
0000265d  mpu_lp_motion_interrupt                    
000006d9  mpu_read_6050_accel_bias                   
00000653  mpu_read_6500_accel_bias                   
00000765  mpu_read_6500_gyro_bias                    
0000135d  mpu_read_fifo                              
000015fd  mpu_read_fifo_stream                       
000023d9  mpu_read_mem                               
00000201  mpu_read_reg                               
000001a1  mpu_reg_dump                               
00000a8d  mpu_reset_fifo                             
000021e1  mpu_run_self_test                          
000008c5  mpu_set_accel_bias_6050_reg                
000009a7  mpu_set_accel_bias_6500_reg                
00000dad  mpu_set_accel_fsr                          
000016e5  mpu_set_bypass                             
00001055  mpu_set_compass_sample_rate                
0000258d  mpu_set_dmp_state                          
000007e7  mpu_set_gyro_bias_reg                      
00000cb5  mpu_set_gyro_fsr                           
00001865  mpu_set_int_latched                        
0000184f  mpu_set_int_level                          
00000eb9  mpu_set_lpf                                
00000f85  mpu_set_sample_rate                        
000011f5  mpu_set_sensors                            
00009bed  mpu_setup                                  
00002345  mpu_write_mem                              
000104d1  pin_int_cb                                 
00010c95  printf                                     
00002c1f  quaternion_to_rotation_angle               
000095ed  read_from_mpl                              
0000ad0d  receiveHandler                             
000121c0  reg                                        
00009981  run_self_test                              
20000cd4  s9axis                                     
0000fdd5  scalbn                                     
0000fdd5  scalbnl                                    
0000a6e9  search                                     
0000ab21  sendEmail                                  
00003d3d  set_sensor_orientation_and_scale           
00010489  setup                                      
000100e1  setup_timer                                
000106a9  sinf                                       
00010fc5  sprintf                                    
0000f679  sqrt                                       
000111a5  sqrtf                                      
0000f679  sqrtl                                      
000112d3  strchr                                     
000112e9  strcpy                                     
000112fd  strlen                                     
000110b9  strncpy                                    
0001016b  systic_handler                             
0001212c  test                                       
00012154  uartConfig                                 
20001774  uartrxCnt                                  
000111cd  vsprintf                                   
00011311  wcslen                                     


GLOBAL SYMBOLS: SORTED BY Symbol Address 

address   name                                       
-------   ----                                       
00000000  __TI_static_base__                         
00000000  interruptVectors                           
000001a1  mpu_reg_dump                               
00000200  __STACK_SIZE                               
00000201  mpu_read_reg                               
00000253  mpu_init                                   
00000385  mpu_lp_accel_mode                          
00000400  __SYSMEM_SIZE                              
00000485  mpu_get_gyro_reg                           
000004fb  mpu_get_accel_reg                          
000005ad  mpu_get_temperature                        
00000653  mpu_read_6500_accel_bias                   
000006d9  mpu_read_6050_accel_bias                   
00000765  mpu_read_6500_gyro_bias                    
000007e7  mpu_set_gyro_bias_reg                      
000008c5  mpu_set_accel_bias_6050_reg                
000009a7  mpu_set_accel_bias_6500_reg                
00000a8d  mpu_reset_fifo                             
00000c5f  mpu_get_gyro_fsr                           
00000cb5  mpu_set_gyro_fsr                           
00000d4d  mpu_get_accel_fsr                          
00000dad  mpu_set_accel_fsr                          
00000e3d  mpu_get_lpf                                
00000eb9  mpu_set_lpf                                
00000f61  mpu_get_sample_rate                        
00000f85  mpu_set_sample_rate                        
0000103b  mpu_get_compass_sample_rate                
00001055  mpu_set_compass_sample_rate                
0000106d  mpu_get_gyro_sens                          
000010bd  mpu_get_accel_sens                         
0000111d  mpu_get_fifo_config                        
00001135  mpu_configure_fifo                         
000011c7  mpu_get_power_state                        
000011f5  mpu_set_sensors                            
000012fd  mpu_get_int_status                         
0000135d  mpu_read_fifo                              
000015fd  mpu_read_fifo_stream                       
000016e5  mpu_set_bypass                             
0000184f  mpu_set_int_level                          
00001865  mpu_set_int_latched                        
000021e1  mpu_run_self_test                          
00002345  mpu_write_mem                              
000023d9  mpu_read_mem                               
00002471  mpu_load_firmware                          
0000258d  mpu_set_dmp_state                          
00002621  mpu_get_dmp_state                          
00002635  mpu_get_compass_reg                        
00002645  mpu_get_compass_fsr                        
0000265d  mpu_lp_motion_interrupt                    
000027e7  inv_compass_angle                          
000028a9  inv_get_gyro_sum_of_sqr                    
000028e7  inv_q29_mult                               
0000290d  inv_q30_mult                               
00002933  inv_q30_div                                
0000295f  inv_q_shift_mult                           
00002981  inv_q_mult                                 
00002a99  inv_q_add                                  
00002ae5  inv_vector_normalize                       
00002bdf  inv_q_normalize                            
00002bed  inv_q_invert                               
00002c1f  quaternion_to_rotation_angle               
00002c99  inv_q_rotate                               
00002ce5  inv_q_multf                                
00002e15  inv_q_addf                                 
00002ea5  inv_q_normalizef                           
00003057  inv_q_norm4                                
00003119  inv_q_invertf                              
00003155  inv_quaternion_to_rotation                 
00003289  inv_quaternion_to_rotation_vector          
000032d9  inv_int32_to_big8                          
0000330f  inv_big8_to_int32                          
00003339  inv_big8_to_int16                          
00003357  inv_little8_to_int16                       
00003375  inv_int16_to_big8                          
0000339d  inv_matrix_det_inc                         
0000344d  inv_matrix_det_incd                        
0000350d  inv_matrix_det                             
000035d1  inv_matrix_detd                            
000036c1  inv_wrap_angle                             
00003711  inv_angle_diff                             
00003793  inv_checksum                               
0000385d  inv_orientation_matrix_to_scalar           
000038a1  inv_convert_to_body                        
0000391d  inv_convert_to_chip                        
000039a9  inv_convert_to_body_with_scale             
00003a3b  inv_vector_norm                            
00003a89  inv_init_biquad_filter                     
00003ac9  inv_calc_state_to_match_output             
00003b11  inv_biquad_filter_process                  
00003ba3  inv_get_cross_product_vec                  
00003c23  mlMatrixVectorMult                         
00003cfd  inv_init_data_builder                      
00003d2b  inv_get_gyro_sensitivity                   
00003d31  inv_get_accel_sensitivity                  
00003d37  inv_get_compass_sensitivity                
00003d3d  set_sensor_orientation_and_scale           
00003d57  inv_set_gyro_orientation_and_scale         
00003d69  inv_set_gyro_sample_rate                   
00003d99  inv_set_accel_sample_rate                  
00003dc9  inv_set_compass_sample_rate                
00003df9  inv_get_gyro_sample_rate_ms                
00003e0b  inv_get_accel_sample_rate_ms               
00003e1d  inv_get_compass_sample_rate_ms             
00003e2f  inv_set_quat_sample_rate                   
00003e4d  inv_set_gyro_bandwidth                     
00003e5d  inv_set_accel_bandwidth                    
00003e6d  inv_set_compass_bandwidth                  
00003e7d  inv_get_compass_on                         
00003e8b  inv_get_gyro_on                            
00003e99  inv_get_accel_on                           
00003ea7  inv_get_last_timestamp                     
00003f2b  inv_set_accel_orientation_and_scale        
00003f3d  inv_set_compass_orientation_and_scale      
00003f8d  inv_matrix_vector_mult                     
0000404d  inv_apply_calibration                      
000040d5  inv_get_compass_bias                       
000040f5  inv_set_compass_bias                       
00004131  inv_set_compass_disturbance                
00004141  inv_get_compass_disturbance                
00004159  inv_set_accel_bias                         
0000419d  inv_set_accel_accuracy                     
000041c9  inv_set_accel_bias_mask                    
00004225  inv_set_gyro_bias                          
00004283  inv_get_gyro_bias_tc_set                   
000042a3  inv_get_gyro_bias                          
000042c9  inv_get_accel_bias                         
000042f5  inv_build_accel                            
0000439d  inv_build_gyro                             
000043e9  inv_build_compass                          
0000449d  inv_build_temp                             
000044d9  inv_build_quat                             
00004519  inv_accel_was_turned_off                   
00004525  inv_compass_was_turned_off                 
00004531  inv_quaternion_sensor_was_turned_off       
0000453d  inv_gyro_was_turned_off                    
00004545  inv_temperature_was_turned_off             
00004589  inv_register_data_cb                       
000046d1  inv_unregister_data_cb                     
00004759  inv_execute_on_data                        
00004981  inv_get_accel_set                          
000049b9  inv_get_gyro_set                           
000049f1  inv_get_gyro_set_raw                       
00004a2d  inv_get_gyro                               
00004a45  inv_get_compass_set                        
00004a8d  inv_get_temp_set                           
00004abd  inv_get_gyro_accuracy                      
00004ac3  inv_get_mag_accuracy                       
00004ad3  inv_get_accel_accuracy                     
00004add  inv_get_gyro_orient                        
00004af5  inv_get_accel_orient                       
00004b0d  inv_get_compass_soft_iron_matrix_d         
00004b49  inv_set_compass_soft_iron_matrix_d         
00004b8d  inv_get_compass_soft_iron_matrix_f         
00004bc1  inv_set_compass_soft_iron_matrix_f         
00004c21  inv_get_compass_soft_iron_output_data      
00004c59  inv_get_compass_soft_iron_input_data       
00004c91  inv_set_compass_soft_iron_input_data       
00004d05  inv_reset_compass_soft_iron_matrix         
00004d69  inv_enable_compass_soft_iron_matrix        
00004d75  inv_disable_compass_soft_iron_matrix       
00004d9d  dmp_load_motion_driver_firmware            
00004db1  dmp_set_orientation                        
00004f39  dmp_set_gyro_bias                          
00005091  dmp_set_accel_bias                         
000051d9  dmp_set_fifo_rate                          
00005259  dmp_get_fifo_rate                          
00005271  dmp_set_tap_thresh                         
00005479  dmp_set_tap_axes                           
000054d1  dmp_set_tap_count                          
00005515  dmp_set_tap_time                           
0000554d  dmp_set_tap_time_multi                     
00005589  dmp_set_shake_reject_thresh                
000055e5  dmp_set_shake_reject_time                  
00005629  dmp_set_shake_reject_timeout               
00005679  dmp_get_pedometer_step_count               
000056c5  dmp_set_pedometer_step_count               
000056ff  dmp_get_pedometer_walk_time                
0000574b  dmp_set_pedometer_walk_time                
0000578f  dmp_enable_feature                         
000059e9  dmp_get_enabled_features                   
000059fd  dmp_enable_gyro_cal                        
00005a4d  dmp_enable_lp_quat                         
00005a8f  dmp_enable_6x_lp_quat                      
00005b47  dmp_set_interrupt_mode                     
00005ba9  dmp_read_fifo                              
00005de9  dmp_register_tap_cb                        
00005dfb  dmp_register_android_orient_cb             
00005fbd  inv_init_maxmin                            
00006055  inv_start_fast_nomot                       
00006095  inv_fast_nomot_parameter                   
000060a1  inv_fast_nomot_parameter_3rd               
00006181  inv_fast_nomot_set_gyro_bias               
00006251  inv_set_fast_nomot_compass_threshold       
0000625d  int_set_fast_nomot_gyro_threshold          
00006269  inv_set_fast_nomot_accel_threshold         
00006275  inv_get_fast_nomot_compass_param           
00006295  inv_get_fast_nomot_accel_param             
000062b5  inv_fast_nomot_store_data                  
00006355  inv_fast_nomot_store_data_compass          
000063a1  inv_fast_nomot_reset_data_compass          
000063cd  inv_fast_nomot_get_time_elaps              
000063d9  inv_fast_nomot_parameter_compass           
000063f1  inv_get_right_shift_by_rounding            
00006471  inv_reset_min_max_gyro_accel_statistics    
000064a5  inv_record_max_moment_in_no_motion_gyro    
000064d9  inv_record_max_moment_in_no_motion_accel   
0000650d  inv_record_min_moment_in_motion_gyro       
00006541  inv_record_min_moment_in_motion_accel      
00006575  inv_detect_motion_by_gyro_accel            
000066b9  inv_sensor_data_preprocess                 
00006759  inv_generate_fast_nomot                    
00006aa5  inv_set_default_number_of_samples          
00006af5  inv_init_fast_nomot                        
00006b5d  inv_stop_fast_nomot                        
00006b75  inv_enable_fast_nomot                      
00006b8d  inv_disable_fast_nomot                     
00006ba1  inv_get_fnm_gyro_no_motion_param           
00006bad  inv_fnm_debug_print                        
00006e15  CS_setExternalClockSourceFrequency         
00006e51  CS_initClockSignal                         
00006f55  CS_startHFXT                               
00006f79  CS_startHFXTWithTimeout                    
0000703d  CS_startLFXT                               
00007061  CS_startLFXTWithTimeout                    
00007131  CS_enableClockRequest                      
00007159  CS_disableClockRequest                     
0000717b  CS_setReferenceOscillatorFrequency         
000071a1  CS_enableDCOExternalResistor               
000071c9  CS_setDCOExternalResistorCalibration       
00007237  CS_disableDCOExternalResistor              
00007255  CS_setDCOCenteredFrequency                 
00007285  CS_tuneDCOFrequency                        
00007315  CS_getDCOFrequency                         
0000742d  CS_setDCOFrequency                         
0000758f  CS_getBCLK                                 
000075ab  CS_getHSMCLK                               
000075cf  CS_getACLK                                 
000075f3  CS_getSMCLK                                
00007615  CS_getMCLK                                 
0000763d  CS_enableFaultCounter                      
00007669  CS_disableFaultCounter                     
00007695  CS_resetFaultCounter                       
000076c1  CS_startFaultCounter                       
00007705  CS_enableInterrupt                         
00007731  CS_disableInterrupt                        
00007753  CS_getInterruptStatus                      
00007761  CS_getEnabledInterruptStatus               
00007781  CS_clearInterruptFlag                      
000077ad  CS_registerInterrupt                       
000077c5  CS_unregisterInterrupt                     
000078e1  inv_start_quaternion                       
00007a4d  inv_generate_gyro_quaternion               
[...]
0000a5c7  I2C_getEnabledInterruptStatus              
0000a5dd  I2C_getMode                                
0000a5f5  I2C_registerInterrupt                      
0000a661  I2C_unregisterInterrupt                    
0000a6bd  I2C_slaveSendNAK                           
0000a6e9  search                                     
0000a755  clearBuffer                                
0000a781  esp_connectWiFi                            
0000a847  esp_rst                                    
0000a875  esp_setMode                                
0000a8cd  esp_StartConnection                        
0000aa0d  esp_sendString                             
0000ab21  sendEmail                                  
0000ac45  init_ESP8266_UART                          
0000ac95  ESP_OutChar                                
0000acbd  ESP_OutString                              
0000ad0d  receiveHandler                             
0000ae59  inv_start_9x_sensor_fusion                 
0000ae69  inv_filter_correction_angle                
0000b059  inv_perform_9x_fusion                      
0000b475  inv_process_9x_sensor_fusion_cb            
0000b50d  inv_init_9x_fusion                         
0000b549  inv_9x_fusion_set_mag_fb                   
0000b559  inv_9x_fusion_enable_jitter_reduction      
0000b569  inv_9x_fusion_use_timestamps               
0000b579  inv_stop_9x_sensor_fusion                  
0000b585  inv_enable_9x_sensor_fusion                
0000b5a9  inv_disable_9x_sensor_fusion               
0000b5b9  inv_start_magnetic_disturbance             
0000b5c9  inv_set_magnetic_disturbance               
0000b5e1  inv_init_magnetic_disturbance              
0000b62d  inv_stop_magnetic_disturbance              
0000b639  inv_enable_magnetic_disturbance            
0000b665  inv_disable_magnetic_disturbance           
0000b67d  inv_disable_dip_tracking                   
0000b68d  inv_enable_dip_tracking                    
0000b69d  inv_track_dip_angle                        
0000b735  ComputeAngleVelocity                       
0000b795  Mag3ofNormalizedLong                       
0000b7e9  MagDisturbSetDisturbance                   
0000b869  MagDisturbCheckSettling                    
0000b8c1  inv_check_magnetic_disturbance             
0000bbf5  inv_magnetic_disturbance_process           
0000bc2d  inv_get_magnetic_disturbance_state         
0000bc39  inv_get_sensor_type_accel                  
0000bc5b  inv_get_sensor_type_gyro                   
0000bc7d  inv_get_sensor_type_compass                
0000bc9f  inv_get_sensor_type_quat                   
0000bccd  inv_get_sensor_type_heading                
0000bdc5  inv_get_sensor_type_euler                  
0000c091  inv_get_sensor_type_rot_mat                
0000c231  inv_enable_eMPL_outputs                    
0000c249  inv_disable_eMPL_outputs                   
0000c2a3  inv_store_gaming_quaternion                
0000c2cd  inv_set_compass_correction                 
0000c2f7  inv_get_compass_correction                 
0000c313  inv_get_large_mag_field                    
0000c319  inv_set_large_mag_field                    
0000c329  inv_get_acc_state                          
0000c32f  inv_set_acc_state                          
0000c33f  inv_get_motion_state                       
0000c355  inv_set_motion_state                       
0000c3ad  inv_set_local_field                        
0000c3c1  inv_get_local_field                        
0000c3d5  inv_set_mag_scale                          
0000c3e9  inv_get_mag_scale                          
0000c3fd  inv_get_gravity                            
0000c469  inv_get_6axis_quaternion                   
0000c47b  inv_get_quaternion                         
0000c4ab  inv_get_quaternion_float                   
0000c4f1  inv_get_quaternion_set                     
0000c541  inv_generate_results                       
0000c559  inv_start_results_holder                   
0000c581  inv_init_results_holder                    
0000c5cd  inv_enable_results_holder                  
0000c5e9  inv_got_accel_bias                         
0000c5f5  inv_set_accel_bias_found                   
0000c605  inv_got_compass_bias                       
0000c615  inv_set_compass_bias_found                 
0000c625  inv_set_compass_state                      
0000c635  inv_get_compass_state                      
0000c63b  inv_set_compass_bias_error                 
0000c64f  inv_get_compass_bias_error                 
0000c66d  inv_get_linear_accel                       
0000c6c1  inv_get_accel                              
0000c6e5  inv_get_accel_float                        
0000c74b  inv_get_gyro_float                         
0000c7b3  inv_set_heading_confidence_interval        
0000c7c5  inv_get_heading_confidence_interval        
0000c7cd  inv_get_linear_accel_float                 
0000c86d  inv_start_gyro_tc                          
0000cce5  inv_init_gyro_ts                           
0000cd1d  inv_set_gtc_max_temp                       
0000cd2d  inv_set_gtc_min_temp                       
0000cd3d  inv_set_gtc_min_diff                       
0000cd4d  inv_get_gyro_ts                            
0000cd71  inv_set_gyro_ts                            
0000cd75  inv_set_gtc_order                          
0000cd8d  inv_print_gtc_data                         
0000cd91  inv_stop_gyro_tc                           
0000cd9d  inv_enable_gyro_tc                         
0000cddd  inv_disable_gyro_tc                        
0000ce0d  UART_initModule                            
0000cf11  UART_transmitData                          
0000cf3b  UART_receiveData                           
0000cf61  UART_enableModule                          
0000cf77  UART_disableModule                         
0000cf8d  UART_queryStatusFlags                      
0000cfa1  UART_setDormant                            
0000cfb5  UART_resetDormant                          
0000cfc9  UART_transmitAddress                       
0000cfe7  UART_transmitBreak                         
0000d02d  UART_getReceiveBufferAddressForDMA         
0000d03b  UART_getTransmitBufferAddressForDMA        
0000d049  UART_selectDeglitchTime                    
0000d065  UART_enableInterrupt                       
0000d095  UART_disableInterrupt                      
0000d0c5  UART_getInterruptStatus                    
0000d0e9  UART_getEnabledInterruptStatus             
0000d151  UART_clearInterruptFlag                    
0000d171  UART_registerInterrupt                     
0000d1e9  UART_unregisterInterrupt                   
0000d255  acos                                       
0000d255  acosl                                      
0000d673  Interrupt_enableMaster                     
0000d683  Interrupt_disableMaster                    
0000d693  Interrupt_registerInterrupt                
0000d6e5  Interrupt_unregisterInterrupt              
0000d6f9  Interrupt_setPriorityGrouping              
0000d731  Interrupt_getPriorityGrouping              
0000d769  Interrupt_setPriority                      
0000d7b9  Interrupt_getPriority                      
0000d7df  Interrupt_enableInterrupt                  
0000d851  Interrupt_disableInterrupt                 
0000d8c3  Interrupt_isEnabled                        
0000d94d  Interrupt_pendInterrupt                    
0000d9bd  Interrupt_unpendInterrupt                  
0000da0b  Interrupt_setPriorityMask                  
0000da1b  Interrupt_getPriorityMask                  
0000da25  Interrupt_setVectorTableAddress            
0000da35  Interrupt_getVectorTableAddress            
0000da3b  Interrupt_enableSleepOnIsrExit             
0000da4d  Interrupt_disableSleepOnIsrExit            
0000da7d  i2c_enable                                 
0000dae1  i2c_disable                                
0000dae5  i2c_write                                  
0000db91  i2c_read                                   
0000dcb9  I2C_IRQHandler                             
0000de45  _MLPrintLog                                
0000df3b  eMPL_send_quat                             
0000dff7  eMPL_send_data                             
0000e1ad  SystemCoreClockUpdate                      
0000e425  SystemInit                                 
0000e4e1  inv_init_storage_manager                   
0000e4f7  inv_register_load_store                    
0000e58d  inv_get_mpl_state_size                     
0000e5db  inv_load_mpl_states                        
0000e6d7  inv_save_mpl_states                        
0000ea25  SysCtl_getTLVInfo                          
0000ea9b  SysCtl_getSRAMSize                         
0000eaa1  SysCtl_getFlashSize                        
0000eaa7  SysCtl_disableNMISource                    
0000eabb  SysCtl_enableNMISource                     
0000eacf  SysCtl_getNMISourceStatus                  
0000ead9  SysCtl_enableSRAMBank                      
0000eaf5  SysCtl_disableSRAMBank                     
0000eb5d  SysCtl_enableSRAMBankRetention             
0000eb79  SysCtl_disableSRAMBankRetention            
0000eb95  SysCtl_rebootDevice                        
0000eb9f  SysCtl_enablePeripheralAtCPUHalt           
0000ebb3  SysCtl_disablePeripheralAtCPUHalt          
0000ebc7  SysCtl_setWDTTimeoutResetType              
0000ebeb  SysCtl_setWDTPasswordViolationResetType    
0000ec0f  SysCtl_enableGlitchFilter                  
0000ec1b  SysCtl_disableGlitchFilter                 
0000ec27  SysCtl_getTempCalibrationConstant          
0000ec6d  main                                       
0000f061  __aeabi_dsub                               
0000f06b  __aeabi_dadd                               
0000f217  __aeabi_idiv0                              
0000f217  __aeabi_ldiv0                              
0000f219  acosf                                      
0000f3b1  asinf                                      
0000f521  atan2f                                     
0000f679  sqrt                                       
0000f679  sqrtl                                      
0000f7d1  atanf                                      
0000fa5d  __aeabi_ddiv                               
0000fcb9  init_mpuUART                               
0000fce1  UART_OutChar                               
0000fcfd  UART_InChar                                
0000fd17  fputc                                      
0000fd31  fgetc                                      
0000fd3b  UART_OutString                             
0000fd79  fputs                                      
0000fdd5  ldexp                                      
0000fdd5  ldexpl                                     
0000fdd5  scalbn                                     
0000fdd5  scalbnl                                    
0000fee5  aligned_alloc                              
0000fee5  memalign                                   
0000ffe5  __aeabi_dmul                               
000100e1  setup_timer                                
0001011b  get_timestamp                              
00010137  delay_ms                                   
0001016b  systic_handler                             
00010203  inv_init_mpl                               
0001025b  inv_get_version                            
0001026d  inv_start_mpl                              
000102c1  free                                       
000103a5  inv_init_start_manager                     
000103b5  inv_unregister_mpl_start_notification      
0001041d  inv_register_mpl_start_notification        
00010449  inv_execute_mpl_start_notification         
00010489  setup                                      
000104d1  pin_int_cb                                 
000104eb  PORT4_IRQHandler                           
000104eb  PORT4_IRQHandler                           
00010541  cosf                                       
000106a9  sinf                                       
0001074d  __aeabi_memcpy                             
0001074d  __aeabi_memcpy4                            
0001074d  __aeabi_memcpy8                            
0001074d  memcpy                                     
000107e9  __aeabi_uldivmod                           
0001087f  __aeabi_cdcmpeq                            
0001087f  __aeabi_cdcmple                            
00010905  __aeabi_cdrcmple                           
0001098b  __aeabi_memclr                             
0001098b  __aeabi_memclr4                            
0001098b  __aeabi_memclr8                            
0001098d  __aeabi_memset                             
0001098d  __aeabi_memset4                            
0001098d  __aeabi_memset8                            
00010993  memset                                     
00010ae3  __aeabi_d2f                                
00010b51  __aeabi_ldivmod                            
00010bbf  __aeabi_f2lz                               
00010c2b  __TI_decompress_lzss                       
00010c95  printf                                     
00010cfd  frexp                                      
00010cfd  frexpl                                     
00010db7  __TI_ltoa                                  
00010e5d  atoi                                       
00010ea9  inv_set_message                            
00010ecf  inv_get_message_level_0                    
00010ef1  __aeabi_d2iz                               
00010f39  __aeabi_l2f                                
00010f81  __TI_auto_init_nobinit_nopinit             
00010fc5  sprintf                                    
00011043  CPU_cpsid                                  
0001104f  CPU_primask                                
00011059  CPU_cpsie                                  
00011065  CPU_wfi                                    
00011069  CPU_basepriSet                             
00011077  CPU_basepriGet                             
00011081  __aeabi_f2d                                
000110b9  strncpy                                    
000110f1  _c_int00_noargs                            
00011125  __aeabi_i2d                                
0001117d  memmove                                    
000111a5  sqrtf                                      
000111cd  vsprintf                                   
000111f5  memcmp                                     
00011219  __aeabi_lasr                               
00011255  memccpy                                    
00011271  copysign                                   
00011271  copysignl                                  
000112bb  __aeabi_lmul                               
000112d3  strchr                                     
000112e9  strcpy                                     
000112fd  strlen                                     
00011311  wcslen                                     
00011323  __aeabi_dcmpgt                             
00011331  __TI_decompress_none                       
0001133f  Reset_Handler                              
0001134b  ADC14_IRQHandler                           
0001134b  AES256_IRQHandler                          
0001134b  BusFault_Handler                           
0001134b  COMP_E0_IRQHandler                         
0001134b  COMP_E1_IRQHandler                         
0001134b  CS_IRQHandler                              
0001134b  DMA_ERR_IRQHandler                         
0001134b  DMA_INT0_IRQHandler                        
0001134b  DMA_INT1_IRQHandler                        
0001134b  DMA_INT2_IRQHandler                        
0001134b  DMA_INT3_IRQHandler                        
0001134b  DebugMon_Handler                           
0001134b  Default_Handler                            
0001134b  EUSCIA0_IRQHandler                         
0001134b  EUSCIA1_IRQHandler                         
0001134b  EUSCIA2_IRQHandler                         
0001134b  EUSCIA3_IRQHandler                         
0001134b  EUSCIB0_IRQHandler                         
0001134b  EUSCIB1_IRQHandler                         
0001134b  EUSCIB2_IRQHandler                         
0001134b  EUSCIB3_IRQHandler                         
0001134b  FLCTL_IRQHandler                           
0001134b  FPU_IRQHandler                             
0001134b  HardFault_Handler                          
0001134b  MemManage_Handler                          
0001134b  NMI_Handler                                
0001134b  PCM_IRQHandler                             
0001134b  PORT1_IRQHandler                           
0001134b  PORT2_IRQHandler                           
0001134b  PORT3_IRQHandler                           
0001134b  PORT5_IRQHandler                           
0001134b  PORT6_IRQHandler                           
0001134b  PSS_IRQHandler                             
0001134b  PendSV_Handler                             
0001134b  RTC_C_IRQHandler                           
0001134b  SVC_Handler                                
0001134b  SysTick_Handler                            
0001134b  T32_INT1_IRQHandler                        
0001134b  T32_INT2_IRQHandler                        
0001134b  T32_INTC_IRQHandler                        
0001134b  TA0_0_IRQHandler                           
0001134b  TA0_N_IRQHandler                           
0001134b  TA1_0_IRQHandler                           
0001134b  TA1_N_IRQHandler                           
0001134b  TA2_0_IRQHandler                           
0001134b  TA2_N_IRQHandler                           
0001134b  TA3_0_IRQHandler                           
0001134b  TA3_N_IRQHandler                           
0001134b  UsageFault_Handler                         
0001134b  WDT_A_IRQHandler                           
0001134d  __TI_zero_init                             
0001136d  __aeabi_errno_addr                         
00011375  malloc                                     
00011381  _system_pre_init                           
00011385  C$$EXIT                                    
00011385  abort                                      
00011f7e  _ctypes_                                   
00012104  espConfig                                  
0001212c  test                                       
00012154  uartConfig                                 
000121c0  reg                                        
000121de  ml_ver                                     
000121f4  i2cConfig                                  
00012248  hw                                         
00012328  __TI_Handler_Table_Base                    
00012334  __TI_Handler_Table_Limit                   
00012348  __TI_CINIT_Base                            
00012360  __TI_CINIT_Limit                           
20000000  __start___llvm_prf_cnts                    
20000000  __stop___llvm_prf_cnts                     
20000000  g_pfnRAMVectors                            
20000408  fnm                                        
20000cd4  s9axis                                     
20000ee0  mag_disturb                                
20001200  _sys_memory                                
20001600  _ftable                                    
2000171c  compass_low_pass_filter_coeff              
20001764  _lock                                      
20001768  _unlock                                    
20001774  uartrxCnt                                  
20001778  mpl_key                                    
2000177c  errno                                      
20001780  SystemCoreClock                            
2000fe00  __stack                                    
20010000  __STACK_END                                
4000480c  WDTCTL_SYM                                 
ffffffff  __TI_pprof_out_hndl                        
ffffffff  __TI_prof_data_size                        
ffffffff  __TI_prof_data_start                       
ffffffff  __binit__                                  
ffffffff  __c_args__                                 
ffffffff  binit                                      
UNDEFED   __mpu_init                                 
UNDEFED   _system_post_cinit                         

[685 symbols]
