******************************************************************************
                  MSP430 Linker PC v20.2.1                     
******************************************************************************
>> Linked Mon Jul 27 10:42:49 2020

OUTPUT FILE NAME:   <oled_spi.out>
ENTRY POINT SYMBOL: "_c_int00_noinit_noargs"  address: 0000ca20


MEMORY CONFIGURATION

         name            origin    length      used     unused   attr    fill
----------------------  --------  ---------  --------  --------  ----  --------
  SFR                   00000000   00000010  00000000  00000010  RWIX
  PERIPHERALS_8BIT      00000010   000000f0  00000000  000000f0  RWIX
  PERIPHERALS_16BIT     00000100   00000100  00000000  00000100  RWIX
  RAM                   00000200   00000200  00000050  000001b0  RWIX
  INFOD                 00001000   00000040  00000000  00000040  RWIX
  INFOC                 00001040   00000040  00000000  00000040  RWIX
  INFOB                 00001080   00000040  00000000  00000040  RWIX
  INFOA                 000010c0   00000040  00000000  00000040  RWIX
  FLASH                 0000c000   00003fde  000010ba  00002f24  RWIX
  BSLSIGNATURE          0000ffde   00000002  00000002  00000000  RWIX  ffff 
  INT00                 0000ffe0   00000002  00000002  00000000  RWIX
  INT01                 0000ffe2   00000002  00000000  00000002  RWIX
  INT02                 0000ffe4   00000002  00000002  00000000  RWIX
  INT03                 0000ffe6   00000002  00000002  00000000  RWIX
  INT04                 0000ffe8   00000002  00000000  00000002  RWIX
  INT05                 0000ffea   00000002  00000002  00000000  RWIX
  INT06                 0000ffec   00000002  00000002  00000000  RWIX
  INT07                 0000ffee   00000002  00000002  00000000  RWIX
  INT08                 0000fff0   00000002  00000002  00000000  RWIX
  INT09                 0000fff2   00000002  00000002  00000000  RWIX
  INT10                 0000fff4   00000002  00000002  00000000  RWIX
  INT11                 0000fff6   00000002  00000002  00000000  RWIX
  INT12                 0000fff8   00000002  00000002  00000000  RWIX
  INT13                 0000fffa   00000002  00000002  00000000  RWIX
  INT14                 0000fffc   00000002  00000002  00000000  RWIX
  RESET                 0000fffe   00000002  00000002  00000000  RWIX


SECTION ALLOCATION MAP

 output                                  attributes/
section   page    origin      length       input sections
--------  ----  ----------  ----------   ----------------
.stack     0    000003b0    00000050     UNINITIALIZED
                  000003b0    00000002     rts430_eabi.lib : boot.c.obj (.stack)
                  000003b2    0000004e     --HOLE--

.text      0    0000c000    00000ab0     
                  0000c000    00000132     rts430_eabi.lib : fs_add.asm.obj (.text)
                  0000c132    00000116                     : _printfi_min.c.obj (.text:_setfield)
                  0000c248    000000f6     12864.obj (.text:LCD_Init)
                  0000c33e    000000ec     rts430_eabi.lib : _printfi_min.c.obj (.text:__TI_printfi_minimal)
                  0000c42a    000000ca                     : _printfi_min.c.obj (.text:_pproc_diouxp)
                  0000c4f4    000000c4                     : fs_mpy.asm.obj (.text)
                  0000c5b8    00000094     12864.obj (.text:decimal_show)
                  0000c64c    00000088     12864.obj (.text:LCD_P8x16Str)
                  0000c6d4    00000068     rts430_eabi.lib : fs_toi.asm.obj (.text)
                  0000c73c    0000004c                     : lsr16.asm.obj (.text)
                  0000c788    00000048     12864.obj (.text:decimal)
                  0000c7d0    00000042     12864.obj (.text:LCD_Fill)
                  0000c812    0000003c     12864.obj (.text:LCD_CLS)
                  0000c84e    00000038     rts430_eabi.lib : sprintf.c.obj (.text:sprintf)
                  0000c886    00000036                     : fs_itof.asm.obj (.text)
                  0000c8bc    00000032     main.obj (.text:main)
                  0000c8ee    00000030     12864.obj (.text:LCD_WrCmd)
                  0000c91e    00000030     12864.obj (.text:LCD_WrDat)
                  0000c94e    0000002c     rts430_eabi.lib : asr16.asm.obj (.text)
                  0000c97a    0000002c                     : lsl16.asm.obj (.text)
                  0000c9a6    00000028     12864.obj (.text:LCD_Set_Pos)
                  0000c9ce    00000022     rts430_eabi.lib : memccpy.c.obj (.text:memccpy)
                  0000c9f0    0000001a                     : sprintf.c.obj (.text:_outs)
                  0000ca0a    00000016                     : div16u.asm.obj (.text)
                  0000ca20    00000014                     : boot.c.obj (.text:_c_int00_noinit_noargs)
                  0000ca34    00000014                     : memset.c.obj (.text:memset)
                  0000ca48    00000014                     : mult16.asm.obj (.text)
                  0000ca5c    00000012                     : sprintf.c.obj (.text:_outc)
                  0000ca6e    00000012                     : memcpy.c.obj (.text:memcpy)
                  0000ca80    00000010                     : epilog.asm.obj (.text)
                  0000ca90    0000000e                     : strlen.c.obj (.text:strlen)
                  0000ca9e    00000008                     : isr_trap.asm.obj (.text:_isr:__TI_ISR_TRAP)
                  0000caa6    00000006                     : exit.c.obj (.text:abort)
                  0000caac    00000004                     : pre_init.c.obj (.text:_system_pre_init)

.cinit     0    0000c000    00000000     UNINITIALIZED

.const     0    0000cab0    0000060a     
                  0000cab0    000005f0     12864.obj (.const:.string:F8X16)
                  0000d0a0    00000014     rts430_eabi.lib : _printfi_min.c.obj (.const:.string)
                  0000d0b4    00000006     12864.obj (.const:.string)

.binit     0    0000c000    00000000     

.init_array 
*          0    0000c000    00000000     UNINITIALIZED

TRAPINT    0    0000ffe0    00000002     
                  0000ffe0    00000002     rts430_eabi.lib : int00.asm.obj (.int00)

PORT1      0    0000ffe4    00000002     
                  0000ffe4    00000002     rts430_eabi.lib : int02.asm.obj (.int02)

PORT2      0    0000ffe6    00000002     
                  0000ffe6    00000002     rts430_eabi.lib : int03.asm.obj (.int03)

ADC10      0    0000ffea    00000002     
                  0000ffea    00000002     rts430_eabi.lib : int05.asm.obj (.int05)

USCIAB0TX 
*          0    0000ffec    00000002     
                  0000ffec    00000002     rts430_eabi.lib : int06.asm.obj (.int06)

USCIAB0RX 
*          0    0000ffee    00000002     
                  0000ffee    00000002     rts430_eabi.lib : int07.asm.obj (.int07)

TIMER0_A1 
*          0    0000fff0    00000002     
                  0000fff0    00000002     rts430_eabi.lib : int08.asm.obj (.int08)

TIMER0_A0 
*          0    0000fff2    00000002     
                  0000fff2    00000002     rts430_eabi.lib : int09.asm.obj (.int09)

WDT        0    0000fff4    00000002     
                  0000fff4    00000002     rts430_eabi.lib : int10.asm.obj (.int10)

COMPARATORA 
*          0    0000fff6    00000002     
                  0000fff6    00000002     rts430_eabi.lib : int11.asm.obj (.int11)

TIMER1_A1 
*          0    0000fff8    00000002     
                  0000fff8    00000002     rts430_eabi.lib : int12.asm.obj (.int12)

TIMER1_A0 
*          0    0000fffa    00000002     
                  0000fffa    00000002     rts430_eabi.lib : int13.asm.obj (.int13)

NMI        0    0000fffc    00000002     
                  0000fffc    00000002     rts430_eabi.lib : int14.asm.obj (.int14)

.reset     0    0000fffe    00000002     
                  0000fffe    00000002     rts430_eabi.lib : boot.c.obj (.reset)

$fill000   0    0000ffde    00000002     
                  0000ffde    00000002     --HOLE-- [fill = ffff]

MODULE SUMMARY

       Module               code   ro data   rw data
       ------               ----   -------   -------
    .\
       12864.obj            864    1526      0      
       main.obj             50     0         0      
    +--+--------------------+------+---------+---------+
       Total:               914    1526      0      
                                                    
    D:\ccs\tools\compiler\ti-cgt-msp430_20.2.1.LTS\lib\rts430_eabi.lib
       _printfi_min.c.obj   716    20        0      
       fs_add.asm.obj       306    0         0      
       fs_mpy.asm.obj       196    0         0      
       fs_toi.asm.obj       104    0         0      
       sprintf.c.obj        100    0         0      
       lsr16.asm.obj        76     0         0      
       fs_itof.asm.obj      54     0         0      
       asr16.asm.obj        44     0         0      
       lsl16.asm.obj        44     0         0      
       memccpy.c.obj        34     0         0      
       boot.c.obj           20     2         0      
       div16u.asm.obj       22     0         0      
       memset.c.obj         20     0         0      
       mult16.asm.obj       20     0         0      
       memcpy.c.obj         18     0         0      
       epilog.asm.obj       16     0         0      
       strlen.c.obj         14     0         0      
       isr_trap.asm.obj     8      0         0      
       exit.c.obj           6      0         0      
       pre_init.c.obj       4      0         0      
       int00.asm.obj        0      2         0      
       int02.asm.obj        0      2         0      
       int03.asm.obj        0      2         0      
       int05.asm.obj        0      2         0      
       int06.asm.obj        0      2         0      
       int07.asm.obj        0      2         0      
       int08.asm.obj        0      2         0      
       int09.asm.obj        0      2         0      
       int10.asm.obj        0      2         0      
       int11.asm.obj        0      2         0      
       int12.asm.obj        0      2         0      
       int13.asm.obj        0      2         0      
       int14.asm.obj        0      2         0      
    +--+--------------------+------+---------+---------+
       Total:               1822   48        0      
                                                    
       Stack:               0      0         80     
    +--+--------------------+------+---------+---------+
       Grand Total:         2736   1574      80     


GLOBAL SYMBOLS: SORTED ALPHABETICALLY BY Name 

address   name                  
-------   ----                  
0000004a  ADC10AE0              
000001b0  ADC10CTL0             
000001b2  ADC10CTL1             
00000048  ADC10DTC0             
00000049  ADC10DTC1             
000001b4  ADC10MEM              
000001bc  ADC10SA               
00000057  BCSCTL1               
00000058  BCSCTL2               
00000053  BCSCTL3               
0000caa6  C$$EXIT               
00000059  CACTL1                
0000005a  CACTL2                
000010fb  CALBC1_12MHZ          
000010f9  CALBC1_16MHZ          
000010ff  CALBC1_1MHZ           
000010fd  CALBC1_8MHZ           
000010fa  CALDCO_12MHZ          
000010f8  CALDCO_16MHZ          
000010fe  CALDCO_1MHZ           
000010fc  CALDCO_8MHZ           
0000005b  CAPD                  
00000056  DCOCTL                
0000cab0  F8X16                 
00000128  FCTL1                 
0000012a  FCTL2                 
0000012c  FCTL3                 
00000000  IE1                   
00000001  IE2                   
00000002  IFG1                  
00000003  IFG2                  
0000c812  LCD_CLS               
0000c7d0  LCD_Fill              
0000c248  LCD_Init              
0000c64c  LCD_P8x16Str          
0000c9a6  LCD_Set_Pos           
0000c8ee  LCD_WrCmd             
0000c91e  LCD_WrDat             
00000022  P1DIR                 
00000025  P1IE                  
00000024  P1IES                 
00000023  P1IFG                 
00000020  P1IN                  
00000021  P1OUT                 
00000027  P1REN                 
00000026  P1SEL                 
00000041  P1SEL2                
0000002a  P2DIR                 
0000002d  P2IE                  
0000002c  P2IES                 
0000002b  P2IFG                 
00000028  P2IN                  
00000029  P2OUT                 
0000002f  P2REN                 
0000002e  P2SEL                 
00000042  P2SEL2                
0000001a  P3DIR                 
00000018  P3IN                  
00000019  P3OUT                 
00000010  P3REN                 
0000001b  P3SEL                 
00000043  P3SEL2                
00000172  TA0CCR0               
00000174  TA0CCR1               
00000176  TA0CCR2               
00000162  TA0CCTL0              
00000164  TA0CCTL1              
00000166  TA0CCTL2              
00000160  TA0CTL                
0000012e  TA0IV                 
00000170  TA0R                  
00000192  TA1CCR0               
00000194  TA1CCR1               
00000196  TA1CCR2               
00000182  TA1CCTL0              
00000184  TA1CCTL1              
00000186  TA1CCTL2              
00000180  TA1CTL                
0000011e  TA1IV                 
00000190  TA1R                  
000010db  TLV_ADC10_1_LEN       
000010da  TLV_ADC10_1_TAG       
000010c0  TLV_CHECKSUM          
000010f7  TLV_DCO_30_LEN        
000010f6  TLV_DCO_30_TAG        
0000005d  UCA0ABCTL             
00000062  UCA0BR0               
00000063  UCA0BR1               
00000060  UCA0CTL0              
00000061  UCA0CTL1              
0000005f  UCA0IRRCTL            
0000005e  UCA0IRTCTL            
00000064  UCA0MCTL              
00000066  UCA0RXBUF             
00000065  UCA0STAT              
00000067  UCA0TXBUF             
0000006a  UCB0BR0               
0000006b  UCB0BR1               
00000068  UCB0CTL0              
00000069  UCB0CTL1              
0000006c  UCB0I2CIE             
00000118  UCB0I2COA             
0000011a  UCB0I2CSA             
0000006e  UCB0RXBUF             
0000006d  UCB0STAT              
0000006f  UCB0TXBUF             
00000120  WDTCTL                
00000400  __STACK_END           
00000050  __STACK_SIZE          
0000ca9e  __TI_ISR_TRAP         
0000ffe0  __TI_int00            
0000ffe4  __TI_int02            
0000ffe6  __TI_int03            
0000ffea  __TI_int05            
0000ffec  __TI_int06            
0000ffee  __TI_int07            
0000fff0  __TI_int08            
0000fff2  __TI_int09            
0000fff4  __TI_int10            
0000fff6  __TI_int11            
0000fff8  __TI_int12            
0000fffa  __TI_int13            
0000fffc  __TI_int14            
ffffffff  __TI_pprof_out_hndl   
0000c33e  __TI_printfi_minimal  
ffffffff  __TI_prof_data_size   
ffffffff  __TI_prof_data_start  
ffffffff  __c_args__            
0000c006  __mspabi_addf         
0000ca0a  __mspabi_divu         
0000c6d4  __mspabi_fixfi        
0000c886  __mspabi_fltif        
0000ca8c  __mspabi_func_epilog_1
0000ca8a  __mspabi_func_epilog_2
0000ca88  __mspabi_func_epilog_3
0000ca86  __mspabi_func_epilog_4
0000ca84  __mspabi_func_epilog_5
0000ca82  __mspabi_func_epilog_6
0000ca80  __mspabi_func_epilog_7
0000c4f4  __mspabi_mpyf         
0000ca48  __mspabi_mpyi         
0000ca48  __mspabi_mpyi_sw      
0000ca0a  __mspabi_remu         
0000c97a  __mspabi_slli         
0000c9a2  __mspabi_slli_1       
0000c990  __mspabi_slli_10      
0000c98e  __mspabi_slli_11      
0000c98c  __mspabi_slli_12      
0000c98a  __mspabi_slli_13      
0000c988  __mspabi_slli_14      
0000c986  __mspabi_slli_15      
0000c9a0  __mspabi_slli_2       
0000c99e  __mspabi_slli_3       
0000c99c  __mspabi_slli_4       
0000c99a  __mspabi_slli_5       
0000c998  __mspabi_slli_6       
0000c996  __mspabi_slli_7       
0000c994  __mspabi_slli_8       
0000c992  __mspabi_slli_9       
0000c94e  __mspabi_srai         
0000c976  __mspabi_srai_1       
0000c964  __mspabi_srai_10      
0000c962  __mspabi_srai_11      
0000c960  __mspabi_srai_12      
0000c95e  __mspabi_srai_13      
0000c95c  __mspabi_srai_14      
0000c95a  __mspabi_srai_15      
0000c974  __mspabi_srai_2       
0000c972  __mspabi_srai_3       
0000c970  __mspabi_srai_4       
0000c96e  __mspabi_srai_5       
0000c96c  __mspabi_srai_6       
0000c96a  __mspabi_srai_7       
0000c968  __mspabi_srai_8       
0000c966  __mspabi_srai_9       
0000c73c  __mspabi_srli         
0000c782  __mspabi_srli_1       
0000c75e  __mspabi_srli_10      
0000c75a  __mspabi_srli_11      
0000c756  __mspabi_srli_12      
0000c752  __mspabi_srli_13      
0000c74e  __mspabi_srli_14      
0000c74a  __mspabi_srli_15      
0000c77e  __mspabi_srli_2       
0000c77a  __mspabi_srli_3       
0000c776  __mspabi_srli_4       
0000c772  __mspabi_srli_5       
0000c76e  __mspabi_srli_6       
0000c76a  __mspabi_srli_7       
0000c766  __mspabi_srli_8       
0000c762  __mspabi_srli_9       
0000c000  __mspabi_subf         
0000ca20  _c_int00_noinit_noargs
0000fffe  _reset_vector         
000003b0  _stack                
0000caac  _system_pre_init      
0000caa6  abort                 
0000c788  decimal               
0000c5b8  decimal_show          
0000c8bc  main                  
0000c9ce  memccpy               
0000ca6e  memcpy                
0000ca34  memset                
0000c84e  sprintf               
0000ca90  strlen                


GLOBAL SYMBOLS: SORTED BY Symbol Address 

address   name                  
-------   ----                  
00000000  IE1                   
00000001  IE2                   
00000002  IFG1                  
00000003  IFG2                  
00000010  P3REN                 
00000018  P3IN                  
00000019  P3OUT                 
0000001a  P3DIR                 
0000001b  P3SEL                 
00000020  P1IN                  
00000021  P1OUT                 
00000022  P1DIR                 
00000023  P1IFG                 
00000024  P1IES                 
00000025  P1IE                  
00000026  P1SEL                 
00000027  P1REN                 
00000028  P2IN                  
00000029  P2OUT                 
0000002a  P2DIR                 
0000002b  P2IFG                 
0000002c  P2IES                 
0000002d  P2IE                  
0000002e  P2SEL                 
0000002f  P2REN                 
00000041  P1SEL2                
00000042  P2SEL2                
00000043  P3SEL2                
00000048  ADC10DTC0             
00000049  ADC10DTC1             
0000004a  ADC10AE0              
00000050  __STACK_SIZE          
00000053  BCSCTL3               
00000056  DCOCTL                
00000057  BCSCTL1               
00000058  BCSCTL2               
00000059  CACTL1                
0000005a  CACTL2                
0000005b  CAPD                  
0000005d  UCA0ABCTL             
0000005e  UCA0IRTCTL            
0000005f  UCA0IRRCTL            
00000060  UCA0CTL0              
00000061  UCA0CTL1              
00000062  UCA0BR0               
00000063  UCA0BR1               
00000064  UCA0MCTL              
00000065  UCA0STAT              
00000066  UCA0RXBUF             
00000067  UCA0TXBUF             
00000068  UCB0CTL0              
00000069  UCB0CTL1              
0000006a  UCB0BR0               
0000006b  UCB0BR1               
0000006c  UCB0I2CIE             
0000006d  UCB0STAT              
0000006e  UCB0RXBUF             
0000006f  UCB0TXBUF             
00000118  UCB0I2COA             
0000011a  UCB0I2CSA             
0000011e  TA1IV                 
00000120  WDTCTL                
00000128  FCTL1                 
0000012a  FCTL2                 
0000012c  FCTL3                 
0000012e  TA0IV                 
00000160  TA0CTL                
00000162  TA0CCTL0              
00000164  TA0CCTL1              
00000166  TA0CCTL2              
00000170  TA0R                  
00000172  TA0CCR0               
00000174  TA0CCR1               
00000176  TA0CCR2               
00000180  TA1CTL                
00000182  TA1CCTL0              
00000184  TA1CCTL1              
00000186  TA1CCTL2              
00000190  TA1R                  
00000192  TA1CCR0               
00000194  TA1CCR1               
00000196  TA1CCR2               
000001b0  ADC10CTL0             
000001b2  ADC10CTL1             
000001b4  ADC10MEM              
000001bc  ADC10SA               
000003b0  _stack                
00000400  __STACK_END           
000010c0  TLV_CHECKSUM          
000010da  TLV_ADC10_1_TAG       
000010db  TLV_ADC10_1_LEN       
000010f6  TLV_DCO_30_TAG        
000010f7  TLV_DCO_30_LEN        
000010f8  CALDCO_16MHZ          
000010f9  CALBC1_16MHZ          
000010fa  CALDCO_12MHZ          
000010fb  CALBC1_12MHZ          
000010fc  CALDCO_8MHZ           
000010fd  CALBC1_8MHZ           
000010fe  CALDCO_1MHZ           
000010ff  CALBC1_1MHZ           
0000c000  __mspabi_subf         
0000c006  __mspabi_addf         
0000c248  LCD_Init              
0000c33e  __TI_printfi_minimal  
0000c4f4  __mspabi_mpyf         
0000c5b8  decimal_show          
0000c64c  LCD_P8x16Str          
0000c6d4  __mspabi_fixfi        
0000c73c  __mspabi_srli         
0000c74a  __mspabi_srli_15      
0000c74e  __mspabi_srli_14      
0000c752  __mspabi_srli_13      
0000c756  __mspabi_srli_12      
0000c75a  __mspabi_srli_11      
0000c75e  __mspabi_srli_10      
0000c762  __mspabi_srli_9       
0000c766  __mspabi_srli_8       
0000c76a  __mspabi_srli_7       
0000c76e  __mspabi_srli_6       
0000c772  __mspabi_srli_5       
0000c776  __mspabi_srli_4       
0000c77a  __mspabi_srli_3       
0000c77e  __mspabi_srli_2       
0000c782  __mspabi_srli_1       
0000c788  decimal               
0000c7d0  LCD_Fill              
0000c812  LCD_CLS               
0000c84e  sprintf               
0000c886  __mspabi_fltif        
0000c8bc  main                  
0000c8ee  LCD_WrCmd             
0000c91e  LCD_WrDat             
0000c94e  __mspabi_srai         
0000c95a  __mspabi_srai_15      
0000c95c  __mspabi_srai_14      
0000c95e  __mspabi_srai_13      
0000c960  __mspabi_srai_12      
0000c962  __mspabi_srai_11      
0000c964  __mspabi_srai_10      
0000c966  __mspabi_srai_9       
0000c968  __mspabi_srai_8       
0000c96a  __mspabi_srai_7       
0000c96c  __mspabi_srai_6       
0000c96e  __mspabi_srai_5       
0000c970  __mspabi_srai_4       
0000c972  __mspabi_srai_3       
0000c974  __mspabi_srai_2       
0000c976  __mspabi_srai_1       
0000c97a  __mspabi_slli         
0000c986  __mspabi_slli_15      
0000c988  __mspabi_slli_14      
0000c98a  __mspabi_slli_13      
0000c98c  __mspabi_slli_12      
0000c98e  __mspabi_slli_11      
0000c990  __mspabi_slli_10      
0000c992  __mspabi_slli_9       
0000c994  __mspabi_slli_8       
0000c996  __mspabi_slli_7       
0000c998  __mspabi_slli_6       
0000c99a  __mspabi_slli_5       
0000c99c  __mspabi_slli_4       
0000c99e  __mspabi_slli_3       
0000c9a0  __mspabi_slli_2       
0000c9a2  __mspabi_slli_1       
0000c9a6  LCD_Set_Pos           
0000c9ce  memccpy               
0000ca0a  __mspabi_divu         
0000ca0a  __mspabi_remu         
0000ca20  _c_int00_noinit_noargs
0000ca34  memset                
0000ca48  __mspabi_mpyi         
0000ca48  __mspabi_mpyi_sw      
0000ca6e  memcpy                
0000ca80  __mspabi_func_epilog_7
0000ca82  __mspabi_func_epilog_6
0000ca84  __mspabi_func_epilog_5
0000ca86  __mspabi_func_epilog_4
0000ca88  __mspabi_func_epilog_3
0000ca8a  __mspabi_func_epilog_2
0000ca8c  __mspabi_func_epilog_1
0000ca90  strlen                
0000ca9e  __TI_ISR_TRAP         
0000caa6  C$$EXIT               
0000caa6  abort                 
0000caac  _system_pre_init      
0000cab0  F8X16                 
0000ffe0  __TI_int00            
0000ffe4  __TI_int02            
0000ffe6  __TI_int03            
0000ffea  __TI_int05            
0000ffec  __TI_int06            
0000ffee  __TI_int07            
0000fff0  __TI_int08            
0000fff2  __TI_int09            
0000fff4  __TI_int10            
0000fff6  __TI_int11            
0000fff8  __TI_int12            
0000fffa  __TI_int13            
0000fffc  __TI_int14            
0000fffe  _reset_vector         
ffffffff  __TI_pprof_out_hndl   
ffffffff  __TI_prof_data_size   
ffffffff  __TI_prof_data_start  
ffffffff  __c_args__            

[205 symbols]
