<?xml version="1.0" encoding="ISO-8859-1" ?>
<link_info>
   <banner>TI ARM Linker PC v20.2.4.LTS</banner>
   <copyright>Copyright (c) 1996-2018 Texas Instruments Incorporated</copyright>
   <link_time>0x608b90c5</link_time>
   <link_errors>0x0</link_errors>
   <output_file>KEY_SCAN.out</output_file>
   <entry_point>
      <name>_c_int00_noargs</name>
      <address>0x4af9</address>
   </entry_point>
   <input_file_list>
      <input_file id="fl-2">
         <path>.\</path>
         <kind>object</kind>
         <file>main.obj</file>
         <name>main.obj</name>
      </input_file>
      <input_file id="fl-3">
         <path>.\</path>
         <kind>object</kind>
         <file>startup_msp432p401r_ccs.obj</file>
         <name>startup_msp432p401r_ccs.obj</name>
      </input_file>
      <input_file id="fl-4">
         <path>.\</path>
         <kind>object</kind>
         <file>system_msp432p401r.obj</file>
         <name>system_msp432p401r.obj</name>
      </input_file>
      <input_file id="fl-5">
         <path>.\delay\</path>
         <kind>object</kind>
         <file>delay.obj</file>
         <name>delay.obj</name>
      </input_file>
      <input_file id="fl-6">
         <path>.\driverlib\MSP432P4xx\</path>
         <kind>object</kind>
         <file>adc14.obj</file>
         <name>adc14.obj</name>
      </input_file>
      <input_file id="fl-7">
         <path>.\driverlib\MSP432P4xx\</path>
         <kind>object</kind>
         <file>aes256.obj</file>
         <name>aes256.obj</name>
      </input_file>
      <input_file id="fl-8">
         <path>.\driverlib\MSP432P4xx\</path>
         <kind>object</kind>
         <file>comp_e.obj</file>
         <name>comp_e.obj</name>
      </input_file>
      <input_file id="fl-9">
         <path>.\driverlib\MSP432P4xx\</path>
         <kind>object</kind>
         <file>cpu.obj</file>
         <name>cpu.obj</name>
      </input_file>
      <input_file id="fl-a">
         <path>.\driverlib\MSP432P4xx\</path>
         <kind>object</kind>
         <file>crc32.obj</file>
         <name>crc32.obj</name>
      </input_file>
      <input_file id="fl-b">
         <path>.\driverlib\MSP432P4xx\</path>
         <kind>object</kind>
         <file>cs.obj</file>
         <name>cs.obj</name>
      </input_file>
      <input_file id="fl-c">
         <path>.\driverlib\MSP432P4xx\</path>
         <kind>object</kind>
         <file>dma.obj</file>
         <name>dma.obj</name>
      </input_file>
      <input_file id="fl-d">
         <path>.\driverlib\MSP432P4xx\</path>
         <kind>object</kind>
         <file>flash.obj</file>
         <name>flash.obj</name>
      </input_file>
      <input_file id="fl-e">
         <path>.\driverlib\MSP432P4xx\</path>
         <kind>object</kind>
         <file>fpu.obj</file>
         <name>fpu.obj</name>
      </input_file>
      <input_file id="fl-f">
         <path>.\driverlib\MSP432P4xx\</path>
         <kind>object</kind>
         <file>gpio.obj</file>
         <name>gpio.obj</name>
      </input_file>
      <input_file id="fl-10">
         <path>.\driverlib\MSP432P4xx\</path>
         <kind>object</kind>
         <file>i2c.obj</file>
         <name>i2c.obj</name>
      </input_file>
      <input_file id="fl-11">
         <path>.\driverlib\MSP432P4xx\</path>
         <kind>object</kind>
         <file>interrupt.obj</file>
         <name>interrupt.obj</name>
      </input_file>
      <input_file id="fl-12">
         <path>.\driverlib\MSP432P4xx\</path>
         <kind>object</kind>
         <file>mpu.obj</file>
         <name>mpu.obj</name>
      </input_file>
      <input_file id="fl-13">
         <path>.\driverlib\MSP432P4xx\</path>
         <kind>object</kind>
         <file>pcm.obj</file>
         <name>pcm.obj</name>
      </input_file>
      <input_file id="fl-14">
         <path>.\driverlib\MSP432P4xx\</path>
         <kind>object</kind>
         <file>pmap.obj</file>
         <name>pmap.obj</name>
      </input_file>
      <input_file id="fl-15">
         <path>.\driverlib\MSP432P4xx\</path>
         <kind>object</kind>
         <file>pss.obj</file>
         <name>pss.obj</name>
      </input_file>
      <input_file id="fl-16">
         <path>.\driverlib\MSP432P4xx\</path>
         <kind>object</kind>
         <file>ref_a.obj</file>
         <name>ref_a.obj</name>
      </input_file>
      <input_file id="fl-17">
         <path>.\driverlib\MSP432P4xx\</path>
         <kind>object</kind>
         <file>reset.obj</file>
         <name>reset.obj</name>
      </input_file>
      <input_file id="fl-18">
         <path>.\driverlib\MSP432P4xx\</path>
         <kind>object</kind>
         <file>rtc_c.obj</file>
         <name>rtc_c.obj</name>
      </input_file>
      <input_file id="fl-19">
         <path>.\driverlib\MSP432P4xx\</path>
         <kind>object</kind>
         <file>spi.obj</file>
         <name>spi.obj</name>
      </input_file>
      <input_file id="fl-1a">
         <path>.\driverlib\MSP432P4xx\</path>
         <kind>object</kind>
         <file>sysctl.obj</file>
         <name>sysctl.obj</name>
      </input_file>
      <input_file id="fl-1b">
         <path>.\driverlib\MSP432P4xx\</path>
         <kind>object</kind>
         <file>systick.obj</file>
         <name>systick.obj</name>
      </input_file>
      <input_file id="fl-1c">
         <path>.\driverlib\MSP432P4xx\</path>
         <kind>object</kind>
         <file>timer32.obj</file>
         <name>timer32.obj</name>
      </input_file>
      <input_file id="fl-1d">
         <path>.\driverlib\MSP432P4xx\</path>
         <kind>object</kind>
         <file>timer_a.obj</file>
         <name>timer_a.obj</name>
      </input_file>
      <input_file id="fl-1e">
         <path>.\driverlib\MSP432P4xx\</path>
         <kind>object</kind>
         <file>uart.obj</file>
         <name>uart.obj</name>
      </input_file>
      <input_file id="fl-1f">
         <path>.\driverlib\MSP432P4xx\</path>
         <kind>object</kind>
         <file>wdt_a.obj</file>
         <name>wdt_a.obj</name>
      </input_file>
      <input_file id="fl-20">
         <path>.\oled\</path>
         <kind>object</kind>
         <file>oled_i2c.obj</file>
         <name>oled_i2c.obj</name>
      </input_file>
      <input_file id="fl-25">
         <kind>object</kind>
         <file>&lt;internal&gt;</file>
         <name>&lt;internal&gt;</name>
      </input_file>
      <input_file id="fl-db">
         <path>C:\ti\ccs1030\ccs\tools\compiler\ti-cgt-arm_20.2.4.LTS\lib\</path>
         <kind>archive</kind>
         <file>rtsv7M4_T_le_v4SPD16_eabi.lib</file>
         <name>sprintf.c.obj</name>
      </input_file>
      <input_file id="fl-dc">
         <path>C:\ti\ccs1030\ccs\tools\compiler\ti-cgt-arm_20.2.4.LTS\lib\</path>
         <kind>archive</kind>
         <file>rtsv7M4_T_le_v4SPD16_eabi.lib</file>
         <name>memset_t2.asm.obj</name>
      </input_file>
      <input_file id="fl-dd">
         <path>C:\ti\ccs1030\ccs\tools\compiler\ti-cgt-arm_20.2.4.LTS\lib\</path>
         <kind>archive</kind>
         <file>rtsv7M4_T_le_v4SPD16_eabi.lib</file>
         <name>memcpy_t2.asm.obj</name>
      </input_file>
      <input_file id="fl-de">
         <path>C:\ti\ccs1030\ccs\tools\compiler\ti-cgt-arm_20.2.4.LTS\lib\</path>
         <kind>archive</kind>
         <file>rtsv7M4_T_le_v4SPD16_eabi.lib</file>
         <name>copy_zero_init.c.obj</name>
      </input_file>
      <input_file id="fl-df">
         <path>C:\ti\ccs1030\ccs\tools\compiler\ti-cgt-arm_20.2.4.LTS\lib\</path>
         <kind>archive</kind>
         <file>rtsv7M4_T_le_v4SPD16_eabi.lib</file>
         <name>copy_decompress_none.c.obj</name>
      </input_file>
      <input_file id="fl-e0">
         <path>C:\ti\ccs1030\ccs\tools\compiler\ti-cgt-arm_20.2.4.LTS\lib\</path>
         <kind>archive</kind>
         <file>rtsv7M4_T_le_v4SPD16_eabi.lib</file>
         <name>copy_decompress_lzss.c.obj</name>
      </input_file>
      <input_file id="fl-e1">
         <path>C:\ti\ccs1030\ccs\tools\compiler\ti-cgt-arm_20.2.4.LTS\lib\</path>
         <kind>archive</kind>
         <file>rtsv7M4_T_le_v4SPD16_eabi.lib</file>
         <name>boot_cortex_m.c.obj</name>
      </input_file>
      <input_file id="fl-e2">
         <path>C:\ti\ccs1030\ccs\tools\compiler\ti-cgt-arm_20.2.4.LTS\lib\</path>
         <kind>archive</kind>
         <file>rtsv7M4_T_le_v4SPD16_eabi.lib</file>
         <name>_printfi.c.obj</name>
      </input_file>
      <input_file id="fl-e3">
         <path>C:\ti\ccs1030\ccs\tools\compiler\ti-cgt-arm_20.2.4.LTS\lib\</path>
         <kind>archive</kind>
         <file>rtsv7M4_T_le_v4SPD16_eabi.lib</file>
         <name>s_frexp.c.obj</name>
      </input_file>
      <input_file id="fl-e4">
         <path>C:\ti\ccs1030\ccs\tools\compiler\ti-cgt-arm_20.2.4.LTS\lib\</path>
         <kind>archive</kind>
         <file>rtsv7M4_T_le_v4SPD16_eabi.lib</file>
         <name>s_scalbn.c.obj</name>
      </input_file>
      <input_file id="fl-e5">
         <path>C:\ti\ccs1030\ccs\tools\compiler\ti-cgt-arm_20.2.4.LTS\lib\</path>
         <kind>archive</kind>
         <file>rtsv7M4_T_le_v4SPD16_eabi.lib</file>
         <name>s_copysign.c.obj</name>
      </input_file>
      <input_file id="fl-e6">
         <path>C:\ti\ccs1030\ccs\tools\compiler\ti-cgt-arm_20.2.4.LTS\lib\</path>
         <kind>archive</kind>
         <file>rtsv7M4_T_le_v4SPD16_eabi.lib</file>
         <name>ull_div_t2.asm.obj</name>
      </input_file>
      <input_file id="fl-e7">
         <path>C:\ti\ccs1030\ccs\tools\compiler\ti-cgt-arm_20.2.4.LTS\lib\</path>
         <kind>archive</kind>
         <file>rtsv7M4_T_le_v4SPD16_eabi.lib</file>
         <name>fd_add_t2.asm.obj</name>
      </input_file>
      <input_file id="fl-e8">
         <path>C:\ti\ccs1030\ccs\tools\compiler\ti-cgt-arm_20.2.4.LTS\lib\</path>
         <kind>archive</kind>
         <file>rtsv7M4_T_le_v4SPD16_eabi.lib</file>
         <name>fd_cmp_t2.asm.obj</name>
      </input_file>
      <input_file id="fl-e9">
         <path>C:\ti\ccs1030\ccs\tools\compiler\ti-cgt-arm_20.2.4.LTS\lib\</path>
         <kind>archive</kind>
         <file>rtsv7M4_T_le_v4SPD16_eabi.lib</file>
         <name>fd_div_t2.asm.obj</name>
      </input_file>
      <input_file id="fl-ea">
         <path>C:\ti\ccs1030\ccs\tools\compiler\ti-cgt-arm_20.2.4.LTS\lib\</path>
         <kind>archive</kind>
         <file>rtsv7M4_T_le_v4SPD16_eabi.lib</file>
         <name>fd_mul_t2.asm.obj</name>
      </input_file>
      <input_file id="fl-eb">
         <path>C:\ti\ccs1030\ccs\tools\compiler\ti-cgt-arm_20.2.4.LTS\lib\</path>
         <kind>archive</kind>
         <file>rtsv7M4_T_le_v4SPD16_eabi.lib</file>
         <name>fd_toi_t2.asm.obj</name>
      </input_file>
      <input_file id="fl-ec">
         <path>C:\ti\ccs1030\ccs\tools\compiler\ti-cgt-arm_20.2.4.LTS\lib\</path>
         <kind>archive</kind>
         <file>rtsv7M4_T_le_v4SPD16_eabi.lib</file>
         <name>i_tofd_t2.asm.obj</name>
      </input_file>
      <input_file id="fl-ed">
         <path>C:\ti\ccs1030\ccs\tools\compiler\ti-cgt-arm_20.2.4.LTS\lib\</path>
         <kind>archive</kind>
         <file>rtsv7M4_T_le_v4SPD16_eabi.lib</file>
         <name>autoinit.c.obj</name>
      </input_file>
      <input_file id="fl-ee">
         <path>C:\ti\ccs1030\ccs\tools\compiler\ti-cgt-arm_20.2.4.LTS\lib\</path>
         <kind>archive</kind>
         <file>rtsv7M4_T_le_v4SPD16_eabi.lib</file>
         <name>pre_init.c.obj</name>
      </input_file>
      <input_file id="fl-ef">
         <path>C:\ti\ccs1030\ccs\tools\compiler\ti-cgt-arm_20.2.4.LTS\lib\</path>
         <kind>archive</kind>
         <file>rtsv7M4_T_le_v4SPD16_eabi.lib</file>
         <name>cpy_tbl.c.obj</name>
      </input_file>
      <input_file id="fl-f0">
         <path>C:\ti\ccs1030\ccs\tools\compiler\ti-cgt-arm_20.2.4.LTS\lib\</path>
         <kind>archive</kind>
         <file>rtsv7M4_T_le_v4SPD16_eabi.lib</file>
         <name>exit.c.obj</name>
      </input_file>
      <input_file id="fl-f1">
         <path>C:\ti\ccs1030\ccs\tools\compiler\ti-cgt-arm_20.2.4.LTS\lib\</path>
         <kind>archive</kind>
         <file>rtsv7M4_T_le_v4SPD16_eabi.lib</file>
         <name>_lock.c.obj</name>
      </input_file>
      <input_file id="fl-f2">
         <path>C:\ti\ccs1030\ccs\tools\compiler\ti-cgt-arm_20.2.4.LTS\lib\</path>
         <kind>archive</kind>
         <file>rtsv7M4_T_le_v4SPD16_eabi.lib</file>
         <name>_ltoa.c.obj</name>
      </input_file>
      <input_file id="fl-f3">
         <path>C:\ti\ccs1030\ccs\tools\compiler\ti-cgt-arm_20.2.4.LTS\lib\</path>
         <kind>archive</kind>
         <file>rtsv7M4_T_le_v4SPD16_eabi.lib</file>
         <name>args_main.c.obj</name>
      </input_file>
      <input_file id="fl-f4">
         <path>C:\ti\ccs1030\ccs\tools\compiler\ti-cgt-arm_20.2.4.LTS\lib\</path>
         <kind>archive</kind>
         <file>rtsv7M4_T_le_v4SPD16_eabi.lib</file>
         <name>atoi.c.obj</name>
      </input_file>
      <input_file id="fl-f5">
         <path>C:\ti\ccs1030\ccs\tools\compiler\ti-cgt-arm_20.2.4.LTS\lib\</path>
         <kind>archive</kind>
         <file>rtsv7M4_T_le_v4SPD16_eabi.lib</file>
         <name>ctype.c.obj</name>
      </input_file>
      <input_file id="fl-f6">
         <path>C:\ti\ccs1030\ccs\tools\compiler\ti-cgt-arm_20.2.4.LTS\lib\</path>
         <kind>archive</kind>
         <file>rtsv7M4_T_le_v4SPD16_eabi.lib</file>
         <name>memccpy.c.obj</name>
      </input_file>
      <input_file id="fl-f7">
         <path>C:\ti\ccs1030\ccs\tools\compiler\ti-cgt-arm_20.2.4.LTS\lib\</path>
         <kind>archive</kind>
         <file>rtsv7M4_T_le_v4SPD16_eabi.lib</file>
         <name>strchr.c.obj</name>
      </input_file>
      <input_file id="fl-f8">
         <path>C:\ti\ccs1030\ccs\tools\compiler\ti-cgt-arm_20.2.4.LTS\lib\</path>
         <kind>archive</kind>
         <file>rtsv7M4_T_le_v4SPD16_eabi.lib</file>
         <name>strlen.c.obj</name>
      </input_file>
      <input_file id="fl-f9">
         <path>C:\ti\ccs1030\ccs\tools\compiler\ti-cgt-arm_20.2.4.LTS\lib\</path>
         <kind>archive</kind>
         <file>rtsv7M4_T_le_v4SPD16_eabi.lib</file>
         <name>errno.c.obj</name>
      </input_file>
      <input_file id="fl-fa">
         <path>C:\ti\ccs1030\ccs\tools\compiler\ti-cgt-arm_20.2.4.LTS\lib\</path>
         <kind>archive</kind>
         <file>rtsv7M4_T_le_v4SPD16_eabi.lib</file>
         <name>wcslen.c.obj</name>
      </input_file>
      <input_file id="fl-fb">
         <path>C:\ti\ccs1030\ccs\tools\compiler\ti-cgt-arm_20.2.4.LTS\lib\</path>
         <kind>archive</kind>
         <file>rtsv7M4_T_le_v4SPD16_eabi.lib</file>
         <name>div0.asm.obj</name>
      </input_file>
   </input_file_list>
   <object_component_list>
      <object_component id="oc-26">
         <name>.intvecs:retain</name>
         <load_address>0x0</load_address>
         <run_address>0x0</run_address>
         <size>0xe4</size>
         <input_file_ref idref="fl-3"/>
      </object_component>
      <object_component id="oc-153">
         <name>.text</name>
         <load_address>0xe4</load_address>
         <run_address>0xe4</run_address>
         <size>0x1598</size>
         <input_file_ref idref="fl-d"/>
      </object_component>
      <object_component id="oc-be">
         <name>.text</name>
         <load_address>0x167c</load_address>
         <run_address>0x167c</run_address>
         <size>0xd7c</size>
         <input_file_ref idref="fl-b"/>
      </object_component>
      <object_component id="oc-159">
         <name>.text</name>
         <load_address>0x23f8</load_address>
         <run_address>0x23f8</run_address>
         <size>0x838</size>
         <input_file_ref idref="fl-13"/>
      </object_component>
      <object_component id="oc-c4">
         <name>.text</name>
         <load_address>0x2c30</load_address>
         <run_address>0x2c30</run_address>
         <size>0x798</size>
         <input_file_ref idref="fl-1d"/>
      </object_component>
      <object_component id="oc-1d6">
         <name>.text</name>
         <load_address>0x33c8</load_address>
         <run_address>0x33c8</run_address>
         <size>0x508</size>
         <input_file_ref idref="fl-18"/>
      </object_component>
      <object_component id="oc-b8">
         <name>.text</name>
         <load_address>0x38d0</load_address>
         <run_address>0x38d0</run_address>
         <size>0x480</size>
         <input_file_ref idref="fl-f"/>
      </object_component>
      <object_component id="oc-ca">
         <name>.text</name>
         <load_address>0x3d50</load_address>
         <run_address>0x3d50</run_address>
         <size>0x3f0</size>
         <input_file_ref idref="fl-11"/>
      </object_component>
      <object_component id="oc-a5">
         <name>.text</name>
         <load_address>0x4140</load_address>
         <run_address>0x4140</run_address>
         <size>0x334</size>
         <input_file_ref idref="fl-4"/>
      </object_component>
      <object_component id="oc-140">
         <name>.text</name>
         <load_address>0x4474</load_address>
         <run_address>0x4474</run_address>
         <size>0x244</size>
         <input_file_ref idref="fl-1a"/>
      </object_component>
      <object_component id="oc-ac">
         <name>.text</name>
         <load_address>0x46b8</load_address>
         <run_address>0x46b8</run_address>
         <size>0xd8</size>
         <input_file_ref idref="fl-1f"/>
      </object_component>
      <object_component id="oc-b2">
         <name>.text</name>
         <load_address>0x4790</load_address>
         <run_address>0x4790</run_address>
         <size>0xc8</size>
         <input_file_ref idref="fl-5"/>
      </object_component>
      <object_component id="oc-6d">
         <name>.text</name>
         <load_address>0x4858</load_address>
         <run_address>0x4858</run_address>
         <size>0xa4</size>
         <input_file_ref idref="fl-2"/>
      </object_component>
      <object_component id="oc-37">
         <name>.text</name>
         <load_address>0x48fc</load_address>
         <run_address>0x48fc</run_address>
         <size>0x9c</size>
         <input_file_ref idref="fl-dd"/>
      </object_component>
      <object_component id="oc-14d">
         <name>.text</name>
         <load_address>0x4998</load_address>
         <run_address>0x4998</run_address>
         <size>0x74</size>
         <input_file_ref idref="fl-1b"/>
      </object_component>
      <object_component id="oc-17">
         <name>.text:decompress:lzss:__TI_decompress_lzss</name>
         <load_address>0x4a0c</load_address>
         <run_address>0x4a0c</run_address>
         <size>0x68</size>
         <input_file_ref idref="fl-e0"/>
      </object_component>
      <object_component id="oc-105">
         <name>.text:__TI_auto_init_nobinit_nopinit:__TI_auto_init_nobinit_nopinit</name>
         <load_address>0x4a74</load_address>
         <run_address>0x4a74</run_address>
         <size>0x44</size>
         <input_file_ref idref="fl-ed"/>
      </object_component>
      <object_component id="oc-172">
         <name>.text</name>
         <load_address>0x4ab8</load_address>
         <run_address>0x4ab8</run_address>
         <size>0x3e</size>
         <input_file_ref idref="fl-9"/>
      </object_component>
      <object_component id="oc-55">
         <name>.text:_c_int00_noargs:_c_int00_noargs</name>
         <load_address>0x4af8</load_address>
         <run_address>0x4af8</run_address>
         <size>0x34</size>
         <input_file_ref idref="fl-e1"/>
      </object_component>
      <object_component id="oc-43">
         <name>.text:decompress:ZI:__TI_zero_init_nomemset:__TI_zero_init_nomemset</name>
         <load_address>0x4b2c</load_address>
         <run_address>0x4b2c</run_address>
         <size>0x1c</size>
         <input_file_ref idref="fl-de"/>
      </object_component>
      <object_component id="oc-1d">
         <name>.text:decompress:none:__TI_decompress_none</name>
         <load_address>0x4b48</load_address>
         <run_address>0x4b48</run_address>
         <size>0xe</size>
         <input_file_ref idref="fl-df"/>
      </object_component>
      <object_component id="oc-67">
         <name>.text</name>
         <load_address>0x4b56</load_address>
         <run_address>0x4b56</run_address>
         <size>0xe</size>
         <input_file_ref idref="fl-3"/>
      </object_component>
      <object_component id="oc-93">
         <name>.text:_system_pre_init</name>
         <load_address>0x4b64</load_address>
         <run_address>0x4b64</run_address>
         <size>0x4</size>
         <input_file_ref idref="fl-ee"/>
      </object_component>
      <object_component id="oc-f9">
         <name>.text:abort:abort</name>
         <load_address>0x4b68</load_address>
         <run_address>0x4b68</run_address>
         <size>0x4</size>
         <input_file_ref idref="fl-f0"/>
      </object_component>
      <object_component id="oc-17e">
         <name>.const:g_pulRegs</name>
         <load_address>0x4b6c</load_address>
         <run_address>0x4b6c</run_address>
         <size>0x50</size>
         <input_file_ref idref="fl-11"/>
      </object_component>
      <object_component id="oc-17b">
         <name>.const:g_pulPriority</name>
         <load_address>0x4bbc</load_address>
         <run_address>0x4bbc</run_address>
         <size>0x20</size>
         <input_file_ref idref="fl-11"/>
      </object_component>
      <object_component id="oc-166">
         <name>.const:GPIO_PORT_TO_INT</name>
         <load_address>0x4bdc</load_address>
         <run_address>0x4bdc</run_address>
         <size>0x1c</size>
         <input_file_ref idref="fl-f"/>
      </object_component>
      <object_component id="oc-d0">
         <name>.const:continuousModeConfig</name>
         <load_address>0x4bf8</load_address>
         <run_address>0x4bf8</run_address>
         <size>0x10</size>
         <input_file_ref idref="fl-2"/>
      </object_component>
      <object_component id="oc-184">
         <name>.const:g_pulDisRegs</name>
         <load_address>0x4c08</load_address>
         <run_address>0x4c08</run_address>
         <size>0x8</size>
         <input_file_ref idref="fl-11"/>
      </object_component>
      <object_component id="oc-181">
         <name>.const:g_pulEnRegs</name>
         <load_address>0x4c10</load_address>
         <run_address>0x4c10</run_address>
         <size>0x8</size>
         <input_file_ref idref="fl-11"/>
      </object_component>
      <object_component id="oc-187">
         <name>.const:g_pulPendRegs</name>
         <load_address>0x4c18</load_address>
         <run_address>0x4c18</run_address>
         <size>0x8</size>
         <input_file_ref idref="fl-11"/>
      </object_component>
      <object_component id="oc-18a">
         <name>.const:g_pulUnpendRegs</name>
         <load_address>0x4c20</load_address>
         <run_address>0x4c20</run_address>
         <size>0x8</size>
         <input_file_ref idref="fl-11"/>
      </object_component>
      <object_component id="oc-277">
         <name>.cinit..data.load</name>
         <load_address>0x4c28</load_address>
         <run_address>0x4c28</run_address>
         <size>0x6a</size>
      </object_component>
      <object_component id="oc-274">
         <name>__TI_handler_table</name>
         <load_address>0x4c94</load_address>
         <run_address>0x4c94</run_address>
         <size>0xc</size>
      </object_component>
      <object_component id="oc-278">
         <name>.cinit..bss.load</name>
         <load_address>0x4ca0</load_address>
         <run_address>0x4ca0</run_address>
         <size>0x8</size>
      </object_component>
      <object_component id="oc-276">
         <name>.cinit..vtable.load</name>
         <load_address>0x4ca8</load_address>
         <run_address>0x4ca8</run_address>
         <size>0x8</size>
      </object_component>
      <object_component id="oc-275">
         <name>__TI_cinit_table</name>
         <load_address>0x4cb0</load_address>
         <run_address>0x4cb0</run_address>
         <size>0x18</size>
      </object_component>
      <object_component id="oc-248">
         <name>.binit</name>
         <load_address>0x0</load_address>
         <run_address>0x0</run_address>
         <size>0x0</size>
      </object_component>
      <object_component id="oc-178">
         <name>.vtable</name>
         <uninitialized>true</uninitialized>
         <run_address>0x20000000</run_address>
         <size>0xe4</size>
         <input_file_ref idref="fl-11"/>
      </object_component>
      <object_component id="oc-d9">
         <name>.data</name>
         <load_address>0x20000158</load_address>
         <run_address>0x20000158</run_address>
         <size>0x4</size>
         <input_file_ref idref="fl-2"/>
      </object_component>
      <object_component id="oc-137">
         <name>.data</name>
         <load_address>0x2000015c</load_address>
         <run_address>0x2000015c</run_address>
         <size>0x4</size>
         <input_file_ref idref="fl-4"/>
      </object_component>
      <object_component id="oc-15f">
         <name>.data</name>
         <load_address>0x20000154</load_address>
         <run_address>0x20000154</run_address>
         <size>0x4</size>
         <input_file_ref idref="fl-5"/>
      </object_component>
      <object_component id="oc-1d1">
         <name>.data:__getBurstProgramRegs</name>
         <load_address>0x200000e4</load_address>
         <run_address>0x200000e4</run_address>
         <size>0x40</size>
         <input_file_ref idref="fl-d"/>
      </object_component>
      <object_component id="oc-163">
         <name>.data:GPIO_PORT_TO_BASE</name>
         <load_address>0x20000124</load_address>
         <run_address>0x20000124</run_address>
         <size>0x30</size>
         <input_file_ref idref="fl-f"/>
      </object_component>
      <object_component id="oc-16b">
         <name>.bss</name>
         <uninitialized>true</uninitialized>
         <run_address>0x20000160</run_address>
         <size>0x8</size>
         <input_file_ref idref="fl-b"/>
      </object_component>
      <object_component id="oc-d3">
         <name>.common:aclk</name>
         <uninitialized>true</uninitialized>
         <run_address>0x20000168</run_address>
         <size>0x4</size>
      </object_component>
      <object_component id="oc-d6">
         <name>.common:mclk</name>
         <uninitialized>true</uninitialized>
         <run_address>0x20000170</run_address>
         <size>0x4</size>
      </object_component>
      <object_component id="oc-d7">
         <name>.common:smclk</name>
         <uninitialized>true</uninitialized>
         <run_address>0x20000174</run_address>
         <size>0x4</size>
      </object_component>
      <object_component id="oc-d8">
         <name>.common:hsmclk</name>
         <uninitialized>true</uninitialized>
         <run_address>0x2000016c</run_address>
         <size>0x4</size>
      </object_component>
      <object_component id="oc-29">
         <name>.stack</name>
         <uninitialized>true</uninitialized>
         <run_address>0x2000fe00</run_address>
         <size>0x4</size>
         <input_file_ref idref="fl-e1"/>
      </object_component>
      <object_component id="oc-27a">
         <name>.stack</name>
         <uninitialized>true</uninitialized>
         <run_address>0x2000fe00</run_address>
         <size>0x0</size>
      </object_component>
      <object_component id="oc-d4">
         <name>.debug_info</name>
         <load_address>0x0</load_address>
         <run_address>0x0</run_address>
         <size>0xa03</size>
         <input_file_ref idref="fl-2"/>
      </object_component>
      <object_component id="oc-da">
         <name>.debug_info</name>
         <load_address>0xa03</load_address>
         <run_address>0xa03</run_address>
         <size>0xc4</size>
         <input_file_ref idref="fl-2"/>
      </object_component>
      <object_component id="oc-d1">
         <name>.debug_info</name>
         <load_address>0xac7</load_address>
         <run_address>0xac7</run_address>
         <size>0xe4</size>
         <input_file_ref idref="fl-2"/>
      </object_component>
      <object_component id="oc-70">
         <name>.debug_info</name>
         <load_address>0xbab</load_address>
         <run_address>0xbab</run_address>
         <size>0x318</size>
         <input_file_ref idref="fl-2"/>
      </object_component>
      <object_component id="oc-e4">
         <name>.debug_info</name>
         <load_address>0xec3</load_address>
         <run_address>0xec3</run_address>
         <size>0x26b</size>
         <input_file_ref idref="fl-2"/>
      </object_component>
      <object_component id="oc-198">
         <name>.debug_info</name>
         <load_address>0x112e</load_address>
         <run_address>0x112e</run_address>
         <size>0x1055</size>
         <input_file_ref idref="fl-2"/>
      </object_component>
      <object_component id="oc-193">
         <name>.debug_info</name>
         <load_address>0x2183</load_address>
         <run_address>0x2183</run_address>
         <size>0x37e2</size>
         <input_file_ref idref="fl-2"/>
      </object_component>
      <object_component id="oc-1ea">
         <name>.debug_info</name>
         <load_address>0x5965</load_address>
         <run_address>0x5965</run_address>
         <size>0x1b5</size>
         <input_file_ref idref="fl-2"/>
      </object_component>
      <object_component id="oc-22d">
         <name>.debug_info</name>
         <load_address>0x5b1a</load_address>
         <run_address>0x5b1a</run_address>
         <size>0xc6</size>
         <input_file_ref idref="fl-2"/>
      </object_component>
      <object_component id="oc-19d">
         <name>.debug_info</name>
         <load_address>0x5be0</load_address>
         <run_address>0x5be0</run_address>
         <size>0x341</size>
         <input_file_ref idref="fl-2"/>
      </object_component>
      <object_component id="oc-dd">
         <name>.debug_info</name>
         <load_address>0x5f21</load_address>
         <run_address>0x5f21</run_address>
         <size>0x8b</size>
         <input_file_ref idref="fl-2"/>
      </object_component>
      <object_component id="oc-1a4">
         <name>.debug_info</name>
         <load_address>0x5fac</load_address>
         <run_address>0x5fac</run_address>
         <size>0x2a4</size>
         <input_file_ref idref="fl-2"/>
      </object_component>
      <object_component id="oc-147">
         <name>.debug_info</name>
         <load_address>0x6250</load_address>
         <run_address>0x6250</run_address>
         <size>0xef</size>
         <input_file_ref idref="fl-2"/>
      </object_component>
      <object_component id="oc-13b">
         <name>.debug_info</name>
         <load_address>0x633f</load_address>
         <run_address>0x633f</run_address>
         <size>0xbb</size>
         <input_file_ref idref="fl-2"/>
      </object_component>
      <object_component id="oc-f0">
         <name>.debug_info</name>
         <load_address>0x63fa</load_address>
         <run_address>0x63fa</run_address>
         <size>0x2c</size>
         <input_file_ref idref="fl-2"/>
      </object_component>
      <object_component id="oc-75">
         <name>.debug_info</name>
         <load_address>0x6426</load_address>
         <run_address>0x6426</run_address>
         <size>0x2c3</size>
         <input_file_ref idref="fl-3"/>
      </object_component>
      <object_component id="oc-27">
         <name>.debug_info</name>
         <load_address>0x66e9</load_address>
         <run_address>0x66e9</run_address>
         <size>0xef</size>
         <input_file_ref idref="fl-3"/>
      </object_component>
      <object_component id="oc-69">
         <name>.debug_info</name>
         <load_address>0x67d8</load_address>
         <run_address>0x67d8</run_address>
         <size>0x1b6</size>
         <input_file_ref idref="fl-3"/>
      </object_component>
      <object_component id="oc-32">
         <name>.debug_info</name>
         <load_address>0x698e</load_address>
         <run_address>0x698e</run_address>
         <size>0x84</size>
         <input_file_ref idref="fl-3"/>
      </object_component>
      <object_component id="oc-138">
         <name>.debug_info</name>
         <load_address>0x6a12</load_address>
         <run_address>0x6a12</run_address>
         <size>0xe8</size>
         <input_file_ref idref="fl-4"/>
      </object_component>
      <object_component id="oc-a6">
         <name>.debug_info</name>
         <load_address>0x6afa</load_address>
         <run_address>0x6afa</run_address>
         <size>0x25a</size>
         <input_file_ref idref="fl-4"/>
      </object_component>
      <object_component id="oc-160">
         <name>.debug_info</name>
         <load_address>0x6d54</load_address>
         <run_address>0x6d54</run_address>
         <size>0xea</size>
         <input_file_ref idref="fl-5"/>
      </object_component>
      <object_component id="oc-b3">
         <name>.debug_info</name>
         <load_address>0x6e3e</load_address>
         <run_address>0x6e3e</run_address>
         <size>0x32d</size>
         <input_file_ref idref="fl-5"/>
      </object_component>
      <object_component id="oc-174">
         <name>.debug_info</name>
         <load_address>0x716b</load_address>
         <run_address>0x716b</run_address>
         <size>0x3be</size>
         <input_file_ref idref="fl-9"/>
      </object_component>
      <object_component id="oc-16f">
         <name>.debug_info</name>
         <load_address>0x7529</load_address>
         <run_address>0x7529</run_address>
         <size>0x77d</size>
         <input_file_ref idref="fl-b"/>
      </object_component>
      <object_component id="oc-16c">
         <name>.debug_info</name>
         <load_address>0x7ca6</load_address>
         <run_address>0x7ca6</run_address>
         <size>0xfe</size>
         <input_file_ref idref="fl-b"/>
      </object_component>
      <object_component id="oc-c2">
         <name>.debug_info</name>
         <load_address>0x7da4</load_address>
         <run_address>0x7da4</run_address>
         <size>0x22d8</size>
         <input_file_ref idref="fl-b"/>
      </object_component>
      <object_component id="oc-1d5">
         <name>.debug_info</name>
         <load_address>0xa07c</load_address>
         <run_address>0xa07c</run_address>
         <size>0x79b</size>
         <input_file_ref idref="fl-d"/>
      </object_component>
      <object_component id="oc-1d2">
         <name>.debug_info</name>
         <load_address>0xa817</load_address>
         <run_address>0xa817</run_address>
         <size>0xfb</size>
         <input_file_ref idref="fl-d"/>
      </object_component>
      <object_component id="oc-154">
         <name>.debug_info</name>
         <load_address>0xa912</load_address>
         <run_address>0xa912</run_address>
         <size>0x3bcd</size>
         <input_file_ref idref="fl-d"/>
      </object_component>
      <object_component id="oc-16a">
         <name>.debug_info</name>
         <load_address>0xe4df</load_address>
         <run_address>0xe4df</run_address>
         <size>0x686</size>
         <input_file_ref idref="fl-f"/>
      </object_component>
      <object_component id="oc-167">
         <name>.debug_info</name>
         <load_address>0xeb65</load_address>
         <run_address>0xeb65</run_address>
         <size>0xf0</size>
         <input_file_ref idref="fl-f"/>
      </object_component>
      <object_component id="oc-164">
         <name>.debug_info</name>
         <load_address>0xec55</load_address>
         <run_address>0xec55</run_address>
         <size>0xf2</size>
         <input_file_ref idref="fl-f"/>
      </object_component>
      <object_component id="oc-b9">
         <name>.debug_info</name>
         <load_address>0xed47</load_address>
         <run_address>0xed47</run_address>
         <size>0x19f3</size>
         <input_file_ref idref="fl-f"/>
      </object_component>
      <object_component id="oc-18e">
         <name>.debug_info</name>
         <load_address>0x1073a</load_address>
         <run_address>0x1073a</run_address>
         <size>0x614</size>
         <input_file_ref idref="fl-11"/>
      </object_component>
      <object_component id="oc-17c">
         <name>.debug_info</name>
         <load_address>0x10d4e</load_address>
         <run_address>0x10d4e</run_address>
         <size>0xef</size>
         <input_file_ref idref="fl-11"/>
      </object_component>
      <object_component id="oc-17f">
         <name>.debug_info</name>
         <load_address>0x10e3d</load_address>
         <run_address>0x10e3d</run_address>
         <size>0xe7</size>
         <input_file_ref idref="fl-11"/>
      </object_component>
      <object_component id="oc-182">
         <name>.debug_info</name>
         <load_address>0x10f24</load_address>
         <run_address>0x10f24</run_address>
         <size>0xeb</size>
         <input_file_ref idref="fl-11"/>
      </object_component>
      <object_component id="oc-185">
         <name>.debug_info</name>
         <load_address>0x1100f</load_address>
         <run_address>0x1100f</run_address>
         <size>0xed</size>
         <input_file_ref idref="fl-11"/>
      </object_component>
      <object_component id="oc-188">
         <name>.debug_info</name>
         <load_address>0x110fc</load_address>
         <run_address>0x110fc</run_address>
         <size>0xef</size>
         <input_file_ref idref="fl-11"/>
      </object_component>
      <object_component id="oc-18b">
         <name>.debug_info</name>
         <load_address>0x111eb</load_address>
         <run_address>0x111eb</run_address>
         <size>0xf3</size>
         <input_file_ref idref="fl-11"/>
      </object_component>
      <object_component id="oc-179">
         <name>.debug_info</name>
         <load_address>0x112de</load_address>
         <run_address>0x112de</run_address>
         <size>0xf4</size>
         <input_file_ref idref="fl-11"/>
      </object_component>
      <object_component id="oc-cd">
         <name>.debug_info</name>
         <load_address>0x113d2</load_address>
         <run_address>0x113d2</run_address>
         <size>0x1197</size>
         <input_file_ref idref="fl-11"/>
      </object_component>
      <object_component id="oc-1dd">
         <name>.debug_info</name>
         <load_address>0x12569</load_address>
         <run_address>0x12569</run_address>
         <size>0x738</size>
         <input_file_ref idref="fl-13"/>
      </object_component>
      <object_component id="oc-15c">
         <name>.debug_info</name>
         <load_address>0x12ca1</load_address>
         <run_address>0x12ca1</run_address>
         <size>0x2386</size>
         <input_file_ref idref="fl-13"/>
      </object_component>
      <object_component id="oc-22c">
         <name>.debug_info</name>
         <load_address>0x15027</load_address>
         <run_address>0x15027</run_address>
         <size>0x671</size>
         <input_file_ref idref="fl-18"/>
      </object_component>
      <object_component id="oc-1d8">
         <name>.debug_info</name>
         <load_address>0x15698</load_address>
         <run_address>0x15698</run_address>
         <size>0x1468</size>
         <input_file_ref idref="fl-18"/>
      </object_component>
      <object_component id="oc-1cc">
         <name>.debug_info</name>
         <load_address>0x16b00</load_address>
         <run_address>0x16b00</run_address>
         <size>0x54c</size>
         <input_file_ref idref="fl-1a"/>
      </object_component>
      <object_component id="oc-142">
         <name>.debug_info</name>
         <load_address>0x1704c</load_address>
         <run_address>0x1704c</run_address>
         <size>0xe96</size>
         <input_file_ref idref="fl-1a"/>
      </object_component>
      <object_component id="oc-1d0">
         <name>.debug_info</name>
         <load_address>0x17ee2</load_address>
         <run_address>0x17ee2</run_address>
         <size>0x5dc</size>
         <input_file_ref idref="fl-1b"/>
      </object_component>
      <object_component id="oc-151">
         <name>.debug_info</name>
         <load_address>0x184be</load_address>
         <run_address>0x184be</run_address>
         <size>0x676</size>
         <input_file_ref idref="fl-1b"/>
      </object_component>
      <object_component id="oc-171">
         <name>.debug_info</name>
         <load_address>0x18b34</load_address>
         <run_address>0x18b34</run_address>
         <size>0x6aa</size>
         <input_file_ref idref="fl-1d"/>
      </object_component>
      <object_component id="oc-c7">
         <name>.debug_info</name>
         <load_address>0x191de</load_address>
         <run_address>0x191de</run_address>
         <size>0x249c</size>
         <input_file_ref idref="fl-1d"/>
      </object_component>
      <object_component id="oc-14c">
         <name>.debug_info</name>
         <load_address>0x1b67a</load_address>
         <run_address>0x1b67a</run_address>
         <size>0x714</size>
         <input_file_ref idref="fl-1f"/>
      </object_component>
      <object_component id="oc-ae">
         <name>.debug_info</name>
         <load_address>0x1bd8e</load_address>
         <run_address>0x1bd8e</run_address>
         <size>0x8a6</size>
         <input_file_ref idref="fl-1f"/>
      </object_component>
      <object_component id="oc-38">
         <name>.debug_info</name>
         <load_address>0x1c634</load_address>
         <run_address>0x1c634</run_address>
         <size>0x119</size>
         <input_file_ref idref="fl-dd"/>
      </object_component>
      <object_component id="oc-8c">
         <name>.debug_info</name>
         <load_address>0x1c74d</load_address>
         <run_address>0x1c74d</run_address>
         <size>0x2d4</size>
         <input_file_ref idref="fl-de"/>
      </object_component>
      <object_component id="oc-45">
         <name>.debug_info</name>
         <load_address>0x1ca21</load_address>
         <run_address>0x1ca21</run_address>
         <size>0x1d2</size>
         <input_file_ref idref="fl-de"/>
      </object_component>
      <object_component id="oc-87">
         <name>.debug_info</name>
         <load_address>0x1cbf3</load_address>
         <run_address>0x1cbf3</run_address>
         <size>0x46</size>
         <input_file_ref idref="fl-de"/>
      </object_component>
      <object_component id="oc-42">
         <name>.debug_info</name>
         <load_address>0x1cc39</load_address>
         <run_address>0x1cc39</run_address>
         <size>0x2a8</size>
         <input_file_ref idref="fl-df"/>
      </object_component>
      <object_component id="oc-1e">
         <name>.debug_info</name>
         <load_address>0x1cee1</load_address>
         <run_address>0x1cee1</run_address>
         <size>0x1ea</size>
         <input_file_ref idref="fl-df"/>
      </object_component>
      <object_component id="oc-3d">
         <name>.debug_info</name>
         <load_address>0x1d0cb</load_address>
         <run_address>0x1d0cb</run_address>
         <size>0x46</size>
         <input_file_ref idref="fl-df"/>
      </object_component>
      <object_component id="oc-7f">
         <name>.debug_info</name>
         <load_address>0x1d111</load_address>
         <run_address>0x1d111</run_address>
         <size>0x2c</size>
         <input_file_ref idref="fl-df"/>
      </object_component>
      <object_component id="oc-7d">
         <name>.debug_info</name>
         <load_address>0x1d13d</load_address>
         <run_address>0x1d13d</run_address>
         <size>0x29e</size>
         <input_file_ref idref="fl-e0"/>
      </object_component>
      <object_component id="oc-18">
         <name>.debug_info</name>
         <load_address>0x1d3db</load_address>
         <run_address>0x1d3db</run_address>
         <size>0x250</size>
         <input_file_ref idref="fl-e0"/>
      </object_component>
      <object_component id="oc-2d">
         <name>.debug_info</name>
         <load_address>0x1d62b</load_address>
         <run_address>0x1d62b</run_address>
         <size>0x60</size>
         <input_file_ref idref="fl-e0"/>
      </object_component>
      <object_component id="oc-e9">
         <name>.debug_info</name>
         <load_address>0x1d68b</load_address>
         <run_address>0x1d68b</run_address>
         <size>0x46</size>
         <input_file_ref idref="fl-e0"/>
      </object_component>
      <object_component id="oc-78">
         <name>.debug_info</name>
         <load_address>0x1d6d1</load_address>
         <run_address>0x1d6d1</run_address>
         <size>0x39</size>
         <input_file_ref idref="fl-e0"/>
      </object_component>
      <object_component id="oc-2a">
         <name>.debug_info</name>
         <load_address>0x1d70a</load_address>
         <run_address>0x1d70a</run_address>
         <size>0x10b</size>
         <input_file_ref idref="fl-e1"/>
      </object_component>
      <object_component id="oc-58">
         <name>.debug_info</name>
         <load_address>0x1d815</load_address>
         <run_address>0x1d815</run_address>
         <size>0x1a9</size>
         <input_file_ref idref="fl-e1"/>
      </object_component>
      <object_component id="oc-1b4">
         <name>.debug_info</name>
         <load_address>0x1d9be</load_address>
         <run_address>0x1d9be</run_address>
         <size>0x4b3</size>
         <input_file_ref idref="fl-ed"/>
      </object_component>
      <object_component id="oc-106">
         <name>.debug_info</name>
         <load_address>0x1de71</load_address>
         <run_address>0x1de71</run_address>
         <size>0x1a6</size>
         <input_file_ref idref="fl-ed"/>
      </object_component>
      <object_component id="oc-212">
         <name>.debug_info</name>
         <load_address>0x1e017</load_address>
         <run_address>0x1e017</run_address>
         <size>0x39</size>
         <input_file_ref idref="fl-ed"/>
      </object_component>
      <object_component id="oc-237">
         <name>.debug_info</name>
         <load_address>0x1e050</load_address>
         <run_address>0x1e050</run_address>
         <size>0x39</size>
         <input_file_ref idref="fl-ed"/>
      </object_component>
      <object_component id="oc-217">
         <name>.debug_info</name>
         <load_address>0x1e089</load_address>
         <run_address>0x1e089</run_address>
         <size>0x39</size>
         <input_file_ref idref="fl-ed"/>
      </object_component>
      <object_component id="oc-21c">
         <name>.debug_info</name>
         <load_address>0x1e0c2</load_address>
         <run_address>0x1e0c2</run_address>
         <size>0xcd</size>
         <input_file_ref idref="fl-ed"/>
      </object_component>
      <object_component id="oc-97">
         <name>.debug_info</name>
         <load_address>0x1e18f</load_address>
         <run_address>0x1e18f</run_address>
         <size>0x153</size>
         <input_file_ref idref="fl-ee"/>
      </object_component>
      <object_component id="oc-fd">
         <name>.debug_info</name>
         <load_address>0x1e2e2</load_address>
         <run_address>0x1e2e2</run_address>
         <size>0x122</size>
         <input_file_ref idref="fl-f0"/>
      </object_component>
      <object_component id="oc-27b">
         <name>.debug_info</name>
         <load_address>0x1e404</load_address>
         <run_address>0x1e404</run_address>
         <size>0x9b</size>
      </object_component>
      <object_component id="oc-192">
         <name>.debug_line</name>
         <load_address>0x0</load_address>
         <run_address>0x0</run_address>
         <size>0x1ca</size>
         <input_file_ref idref="fl-2"/>
      </object_component>
      <object_component id="oc-1a3">
         <name>.debug_line</name>
         <load_address>0x1ca</load_address>
         <run_address>0x1ca</run_address>
         <size>0x2d</size>
         <input_file_ref idref="fl-2"/>
      </object_component>
      <object_component id="oc-190">
         <name>.debug_line</name>
         <load_address>0x1f7</load_address>
         <run_address>0x1f7</run_address>
         <size>0x2d</size>
         <input_file_ref idref="fl-2"/>
      </object_component>
      <object_component id="oc-6e">
         <name>.debug_line</name>
         <load_address>0x224</load_address>
         <run_address>0x224</run_address>
         <size>0x75</size>
         <input_file_ref idref="fl-2"/>
      </object_component>
      <object_component id="oc-e7">
         <name>.debug_line</name>
         <load_address>0x299</load_address>
         <run_address>0x299</run_address>
         <size>0x6f</size>
         <input_file_ref idref="fl-2"/>
      </object_component>
      <object_component id="oc-19b">
         <name>.debug_line</name>
         <load_address>0x308</load_address>
         <run_address>0x308</run_address>
         <size>0x5b</size>
         <input_file_ref idref="fl-2"/>
      </object_component>
      <object_component id="oc-196">
         <name>.debug_line</name>
         <load_address>0x363</load_address>
         <run_address>0x363</run_address>
         <size>0x58</size>
         <input_file_ref idref="fl-2"/>
      </object_component>
      <object_component id="oc-1ed">
         <name>.debug_line</name>
         <load_address>0x3bb</load_address>
         <run_address>0x3bb</run_address>
         <size>0x68</size>
         <input_file_ref idref="fl-2"/>
      </object_component>
      <object_component id="oc-230">
         <name>.debug_line</name>
         <load_address>0x423</load_address>
         <run_address>0x423</run_address>
         <size>0x67</size>
         <input_file_ref idref="fl-2"/>
      </object_component>
      <object_component id="oc-1a0">
         <name>.debug_line</name>
         <load_address>0x48a</load_address>
         <run_address>0x48a</run_address>
         <size>0x69</size>
         <input_file_ref idref="fl-2"/>
      </object_component>
      <object_component id="oc-e0">
         <name>.debug_line</name>
         <load_address>0x4f3</load_address>
         <run_address>0x4f3</run_address>
         <size>0x20</size>
         <input_file_ref idref="fl-2"/>
      </object_component>
      <object_component id="oc-1a7">
         <name>.debug_line</name>
         <load_address>0x513</load_address>
         <run_address>0x513</run_address>
         <size>0x73</size>
         <input_file_ref idref="fl-2"/>
      </object_component>
      <object_component id="oc-14a">
         <name>.debug_line</name>
         <load_address>0x586</load_address>
         <run_address>0x586</run_address>
         <size>0x6f</size>
         <input_file_ref idref="fl-2"/>
      </object_component>
      <object_component id="oc-13e">
         <name>.debug_line</name>
         <load_address>0x5f5</load_address>
         <run_address>0x5f5</run_address>
         <size>0x70</size>
         <input_file_ref idref="fl-2"/>
      </object_component>
      <object_component id="oc-f3">
         <name>.debug_line</name>
         <load_address>0x665</load_address>
         <run_address>0x665</run_address>
         <size>0x6b</size>
         <input_file_ref idref="fl-2"/>
      </object_component>
      <object_component id="oc-e3">
         <name>.debug_line</name>
         <load_address>0x6d0</load_address>
         <run_address>0x6d0</run_address>
         <size>0x40</size>
         <input_file_ref idref="fl-3"/>
      </object_component>
      <object_component id="oc-74">
         <name>.debug_line</name>
         <load_address>0x710</load_address>
         <run_address>0x710</run_address>
         <size>0x40</size>
         <input_file_ref idref="fl-3"/>
      </object_component>
      <object_component id="oc-6c">
         <name>.debug_line</name>
         <load_address>0x750</load_address>
         <run_address>0x750</run_address>
         <size>0x71</size>
         <input_file_ref idref="fl-3"/>
      </object_component>
      <object_component id="oc-35">
         <name>.debug_line</name>
         <load_address>0x7c1</load_address>
         <run_address>0x7c1</run_address>
         <size>0x20</size>
         <input_file_ref idref="fl-3"/>
      </object_component>
      <object_component id="oc-1ca">
         <name>.debug_line</name>
         <load_address>0x7e1</load_address>
         <run_address>0x7e1</run_address>
         <size>0x3b</size>
         <input_file_ref idref="fl-4"/>
      </object_component>
      <object_component id="oc-a9">
         <name>.debug_line</name>
         <load_address>0x81c</load_address>
         <run_address>0x81c</run_address>
         <size>0x134</size>
         <input_file_ref idref="fl-4"/>
      </object_component>
      <object_component id="oc-1df">
         <name>.debug_line</name>
         <load_address>0x950</load_address>
         <run_address>0x950</run_address>
         <size>0x34</size>
         <input_file_ref idref="fl-5"/>
      </object_component>
      <object_component id="oc-b6">
         <name>.debug_line</name>
         <load_address>0x984</load_address>
         <run_address>0x984</run_address>
         <size>0xa0</size>
         <input_file_ref idref="fl-5"/>
      </object_component>
      <object_component id="oc-176">
         <name>.debug_line</name>
         <load_address>0xa24</load_address>
         <run_address>0xa24</run_address>
         <size>0xe4</size>
         <input_file_ref idref="fl-9"/>
      </object_component>
      <object_component id="oc-1e9">
         <name>.debug_line</name>
         <load_address>0xb08</load_address>
         <run_address>0xb08</run_address>
         <size>0xb3</size>
         <input_file_ref idref="fl-b"/>
      </object_component>
      <object_component id="oc-1e7">
         <name>.debug_line</name>
         <load_address>0xbbb</load_address>
         <run_address>0xbbb</run_address>
         <size>0x40</size>
         <input_file_ref idref="fl-b"/>
      </object_component>
      <object_component id="oc-bf">
         <name>.debug_line</name>
         <load_address>0xbfb</load_address>
         <run_address>0xbfb</run_address>
         <size>0x834</size>
         <input_file_ref idref="fl-b"/>
      </object_component>
      <object_component id="oc-22a">
         <name>.debug_line</name>
         <load_address>0x142f</load_address>
         <run_address>0x142f</run_address>
         <size>0xf8</size>
         <input_file_ref idref="fl-d"/>
      </object_component>
      <object_component id="oc-228">
         <name>.debug_line</name>
         <load_address>0x1527</load_address>
         <run_address>0x1527</run_address>
         <size>0x43</size>
         <input_file_ref idref="fl-d"/>
      </object_component>
      <object_component id="oc-157">
         <name>.debug_line</name>
         <load_address>0x156a</load_address>
         <run_address>0x156a</run_address>
         <size>0xcf1</size>
         <input_file_ref idref="fl-d"/>
      </object_component>
      <object_component id="oc-1e5">
         <name>.debug_line</name>
         <load_address>0x225b</load_address>
         <run_address>0x225b</run_address>
         <size>0x6b</size>
         <input_file_ref idref="fl-f"/>
      </object_component>
      <object_component id="oc-1e3">
         <name>.debug_line</name>
         <load_address>0x22c6</load_address>
         <run_address>0x22c6</run_address>
         <size>0x42</size>
         <input_file_ref idref="fl-f"/>
      </object_component>
      <object_component id="oc-1e1">
         <name>.debug_line</name>
         <load_address>0x2308</load_address>
         <run_address>0x2308</run_address>
         <size>0x42</size>
         <input_file_ref idref="fl-f"/>
      </object_component>
      <object_component id="oc-bd">
         <name>.debug_line</name>
         <load_address>0x234a</load_address>
         <run_address>0x234a</run_address>
         <size>0x2d1</size>
         <input_file_ref idref="fl-f"/>
      </object_component>
      <object_component id="oc-201">
         <name>.debug_line</name>
         <load_address>0x261b</load_address>
         <run_address>0x261b</run_address>
         <size>0x65</size>
         <input_file_ref idref="fl-11"/>
      </object_component>
      <object_component id="oc-1f5">
         <name>.debug_line</name>
         <load_address>0x2680</load_address>
         <run_address>0x2680</run_address>
         <size>0x47</size>
         <input_file_ref idref="fl-11"/>
      </object_component>
      <object_component id="oc-1f7">
         <name>.debug_line</name>
         <load_address>0x26c7</load_address>
         <run_address>0x26c7</run_address>
         <size>0x47</size>
         <input_file_ref idref="fl-11"/>
      </object_component>
      <object_component id="oc-1f9">
         <name>.debug_line</name>
         <load_address>0x270e</load_address>
         <run_address>0x270e</run_address>
         <size>0x47</size>
         <input_file_ref idref="fl-11"/>
      </object_component>
      <object_component id="oc-1fb">
         <name>.debug_line</name>
         <load_address>0x2755</load_address>
         <run_address>0x2755</run_address>
         <size>0x47</size>
         <input_file_ref idref="fl-11"/>
      </object_component>
      <object_component id="oc-1fd">
         <name>.debug_line</name>
         <load_address>0x279c</load_address>
         <run_address>0x279c</run_address>
         <size>0x47</size>
         <input_file_ref idref="fl-11"/>
      </object_component>
      <object_component id="oc-1ff">
         <name>.debug_line</name>
         <load_address>0x27e3</load_address>
         <run_address>0x27e3</run_address>
         <size>0x47</size>
         <input_file_ref idref="fl-11"/>
      </object_component>
      <object_component id="oc-1f3">
         <name>.debug_line</name>
         <load_address>0x282a</load_address>
         <run_address>0x282a</run_address>
         <size>0x47</size>
         <input_file_ref idref="fl-11"/>
      </object_component>
      <object_component id="oc-cc">
         <name>.debug_line</name>
         <load_address>0x2871</load_address>
         <run_address>0x2871</run_address>
         <size>0x316</size>
         <input_file_ref idref="fl-11"/>
      </object_component>
      <object_component id="oc-233">
         <name>.debug_line</name>
         <load_address>0x2b87</load_address>
         <run_address>0x2b87</run_address>
         <size>0x13e</size>
         <input_file_ref idref="fl-13"/>
      </object_component>
      <object_component id="oc-15a">
         <name>.debug_line</name>
         <load_address>0x2cc5</load_address>
         <run_address>0x2cc5</run_address>
         <size>0x54c</size>
         <input_file_ref idref="fl-13"/>
      </object_component>
      <object_component id="oc-244">
         <name>.debug_line</name>
         <load_address>0x3211</load_address>
         <run_address>0x3211</run_address>
         <size>0x6b</size>
         <input_file_ref idref="fl-18"/>
      </object_component>
      <object_component id="oc-1d7">
         <name>.debug_line</name>
         <load_address>0x327c</load_address>
         <run_address>0x327c</run_address>
         <size>0x331</size>
         <input_file_ref idref="fl-18"/>
      </object_component>
      <object_component id="oc-224">
         <name>.debug_line</name>
         <load_address>0x35ad</load_address>
         <run_address>0x35ad</run_address>
         <size>0x20</size>
         <input_file_ref idref="fl-1a"/>
      </object_component>
      <object_component id="oc-141">
         <name>.debug_line</name>
         <load_address>0x35cd</load_address>
         <run_address>0x35cd</run_address>
         <size>0x283</size>
         <input_file_ref idref="fl-1a"/>
      </object_component>
      <object_component id="oc-226">
         <name>.debug_line</name>
         <load_address>0x3850</load_address>
         <run_address>0x3850</run_address>
         <size>0x6b</size>
         <input_file_ref idref="fl-1b"/>
      </object_component>
      <object_component id="oc-150">
         <name>.debug_line</name>
         <load_address>0x38bb</load_address>
         <run_address>0x38bb</run_address>
         <size>0x132</size>
         <input_file_ref idref="fl-1b"/>
      </object_component>
      <object_component id="oc-1f0">
         <name>.debug_line</name>
         <load_address>0x39ed</load_address>
         <run_address>0x39ed</run_address>
         <size>0x6b</size>
         <input_file_ref idref="fl-1d"/>
      </object_component>
      <object_component id="oc-c6">
         <name>.debug_line</name>
         <load_address>0x3a58</load_address>
         <run_address>0x3a58</run_address>
         <size>0x4ac</size>
         <input_file_ref idref="fl-1d"/>
      </object_component>
      <object_component id="oc-1ce">
         <name>.debug_line</name>
         <load_address>0x3f04</load_address>
         <run_address>0x3f04</run_address>
         <size>0xb3</size>
         <input_file_ref idref="fl-1f"/>
      </object_component>
      <object_component id="oc-b1">
         <name>.debug_line</name>
         <load_address>0x3fb7</load_address>
         <run_address>0x3fb7</run_address>
         <size>0x13b</size>
         <input_file_ref idref="fl-1f"/>
      </object_component>
      <object_component id="oc-3b">
         <name>.debug_line</name>
         <load_address>0x40f2</load_address>
         <run_address>0x40f2</run_address>
         <size>0x88</size>
         <input_file_ref idref="fl-dd"/>
      </object_component>
      <object_component id="oc-f6">
         <name>.debug_line</name>
         <load_address>0x417a</load_address>
         <run_address>0x417a</run_address>
         <size>0x92</size>
         <input_file_ref idref="fl-de"/>
      </object_component>
      <object_component id="oc-48">
         <name>.debug_line</name>
         <load_address>0x420c</load_address>
         <run_address>0x420c</run_address>
         <size>0x56</size>
         <input_file_ref idref="fl-de"/>
      </object_component>
      <object_component id="oc-8a">
         <name>.debug_line</name>
         <load_address>0x4262</load_address>
         <run_address>0x4262</run_address>
         <size>0x34</size>
         <input_file_ref idref="fl-de"/>
      </object_component>
      <object_component id="oc-85">
         <name>.debug_line</name>
         <load_address>0x4296</load_address>
         <run_address>0x4296</run_address>
         <size>0x20</size>
         <input_file_ref idref="fl-df"/>
      </object_component>
      <object_component id="oc-21">
         <name>.debug_line</name>
         <load_address>0x42b6</load_address>
         <run_address>0x42b6</run_address>
         <size>0x55</size>
         <input_file_ref idref="fl-df"/>
      </object_component>
      <object_component id="oc-40">
         <name>.debug_line</name>
         <load_address>0x430b</load_address>
         <run_address>0x430b</run_address>
         <size>0x3a</size>
         <input_file_ref idref="fl-df"/>
      </object_component>
      <object_component id="oc-82">
         <name>.debug_line</name>
         <load_address>0x4345</load_address>
         <run_address>0x4345</run_address>
         <size>0x92</size>
         <input_file_ref idref="fl-df"/>
      </object_component>
      <object_component id="oc-ef">
         <name>.debug_line</name>
         <load_address>0x43d7</load_address>
         <run_address>0x43d7</run_address>
         <size>0x20</size>
         <input_file_ref idref="fl-e0"/>
      </object_component>
      <object_component id="oc-1c">
         <name>.debug_line</name>
         <load_address>0x43f7</load_address>
         <run_address>0x43f7</run_address>
         <size>0xa9</size>
         <input_file_ref idref="fl-e0"/>
      </object_component>
      <object_component id="oc-30">
         <name>.debug_line</name>
         <load_address>0x44a0</load_address>
         <run_address>0x44a0</run_address>
         <size>0x3a</size>
         <input_file_ref idref="fl-e0"/>
      </object_component>
      <object_component id="oc-ec">
         <name>.debug_line</name>
         <load_address>0x44da</load_address>
         <run_address>0x44da</run_address>
         <size>0x9a</size>
         <input_file_ref idref="fl-e0"/>
      </object_component>
      <object_component id="oc-7b">
         <name>.debug_line</name>
         <load_address>0x4574</load_address>
         <run_address>0x4574</run_address>
         <size>0x96</size>
         <input_file_ref idref="fl-e0"/>
      </object_component>
      <object_component id="oc-77">
         <name>.debug_line</name>
         <load_address>0x460a</load_address>
         <run_address>0x460a</run_address>
         <size>0x33</size>
         <input_file_ref idref="fl-e1"/>
      </object_component>
      <object_component id="oc-57">
         <name>.debug_line</name>
         <load_address>0x463d</load_address>
         <run_address>0x463d</run_address>
         <size>0x45</size>
         <input_file_ref idref="fl-e1"/>
      </object_component>
      <object_component id="oc-211">
         <name>.debug_line</name>
         <load_address>0x4682</load_address>
         <run_address>0x4682</run_address>
         <size>0xbf</size>
         <input_file_ref idref="fl-ed"/>
      </object_component>
      <object_component id="oc-109">
         <name>.debug_line</name>
         <load_address>0x4741</load_address>
         <run_address>0x4741</run_address>
         <size>0x6f</size>
         <input_file_ref idref="fl-ed"/>
      </object_component>
      <object_component id="oc-215">
         <name>.debug_line</name>
         <load_address>0x47b0</load_address>
         <run_address>0x47b0</run_address>
         <size>0x2e</size>
         <input_file_ref idref="fl-ed"/>
      </object_component>
      <object_component id="oc-23a">
         <name>.debug_line</name>
         <load_address>0x47de</load_address>
         <run_address>0x47de</run_address>
         <size>0x9a</size>
         <input_file_ref idref="fl-ed"/>
      </object_component>
      <object_component id="oc-21a">
         <name>.debug_line</name>
         <load_address>0x4878</load_address>
         <run_address>0x4878</run_address>
         <size>0x97</size>
         <input_file_ref idref="fl-ed"/>
      </object_component>
      <object_component id="oc-21f">
         <name>.debug_line</name>
         <load_address>0x490f</load_address>
         <run_address>0x490f</run_address>
         <size>0x93</size>
         <input_file_ref idref="fl-ed"/>
      </object_component>
      <object_component id="oc-94">
         <name>.debug_line</name>
         <load_address>0x49a2</load_address>
         <run_address>0x49a2</run_address>
         <size>0x40</size>
         <input_file_ref idref="fl-ee"/>
      </object_component>
      <object_component id="oc-fc">
         <name>.debug_line</name>
         <load_address>0x49e2</load_address>
         <run_address>0x49e2</run_address>
         <size>0x3c</size>
         <input_file_ref idref="fl-f0"/>
      </object_component>
      <object_component id="oc-6f">
         <name>.debug_frame</name>
         <load_address>0x0</load_address>
         <run_address>0x0</run_address>
         <size>0x70</size>
         <input_file_ref idref="fl-2"/>
      </object_component>
      <object_component id="oc-6b">
         <name>.debug_frame</name>
         <load_address>0x70</load_address>
         <run_address>0x70</run_address>
         <size>0x6c</size>
         <input_file_ref idref="fl-3"/>
      </object_component>
      <object_component id="oc-aa">
         <name>.debug_frame</name>
         <load_address>0xdc</load_address>
         <run_address>0xdc</run_address>
         <size>0x70</size>
         <input_file_ref idref="fl-4"/>
      </object_component>
      <object_component id="oc-b7">
         <name>.debug_frame</name>
         <load_address>0x14c</load_address>
         <run_address>0x14c</run_address>
         <size>0x90</size>
         <input_file_ref idref="fl-5"/>
      </object_component>
      <object_component id="oc-177">
         <name>.debug_frame</name>
         <load_address>0x1dc</load_address>
         <run_address>0x1dc</run_address>
         <size>0xbc</size>
         <input_file_ref idref="fl-9"/>
      </object_component>
      <object_component id="oc-c0">
         <name>.debug_frame</name>
         <load_address>0x298</load_address>
         <run_address>0x298</run_address>
         <size>0x3e0</size>
         <input_file_ref idref="fl-b"/>
      </object_component>
      <object_component id="oc-158">
         <name>.debug_frame</name>
         <load_address>0x678</load_address>
         <run_address>0x678</run_address>
         <size>0x42c</size>
         <input_file_ref idref="fl-d"/>
      </object_component>
      <object_component id="oc-bc">
         <name>.debug_frame</name>
         <load_address>0xaa4</load_address>
         <run_address>0xaa4</run_address>
         <size>0x22c</size>
         <input_file_ref idref="fl-f"/>
      </object_component>
      <object_component id="oc-cb">
         <name>.debug_frame</name>
         <load_address>0xcd0</load_address>
         <run_address>0xcd0</run_address>
         <size>0x210</size>
         <input_file_ref idref="fl-11"/>
      </object_component>
      <object_component id="oc-15b">
         <name>.debug_frame</name>
         <load_address>0xee0</load_address>
         <run_address>0xee0</run_address>
         <size>0x348</size>
         <input_file_ref idref="fl-13"/>
      </object_component>
      <object_component id="oc-1db">
         <name>.debug_frame</name>
         <load_address>0x1228</load_address>
         <run_address>0x1228</run_address>
         <size>0x23c</size>
         <input_file_ref idref="fl-18"/>
      </object_component>
      <object_component id="oc-145">
         <name>.debug_frame</name>
         <load_address>0x1464</load_address>
         <run_address>0x1464</run_address>
         <size>0x1d8</size>
         <input_file_ref idref="fl-1a"/>
      </object_component>
      <object_component id="oc-14e">
         <name>.debug_frame</name>
         <load_address>0x163c</load_address>
         <run_address>0x163c</run_address>
         <size>0x100</size>
         <input_file_ref idref="fl-1b"/>
      </object_component>
      <object_component id="oc-c5">
         <name>.debug_frame</name>
         <load_address>0x173c</load_address>
         <run_address>0x173c</run_address>
         <size>0x31c</size>
         <input_file_ref idref="fl-1d"/>
      </object_component>
      <object_component id="oc-ad">
         <name>.debug_frame</name>
         <load_address>0x1a58</load_address>
         <run_address>0x1a58</run_address>
         <size>0x118</size>
         <input_file_ref idref="fl-1f"/>
      </object_component>
      <object_component id="oc-44">
         <name>.debug_frame</name>
         <load_address>0x1b70</load_address>
         <run_address>0x1b70</run_address>
         <size>0x54</size>
         <input_file_ref idref="fl-de"/>
      </object_component>
      <object_component id="oc-22">
         <name>.debug_frame</name>
         <load_address>0x1bc4</load_address>
         <run_address>0x1bc4</run_address>
         <size>0x54</size>
         <input_file_ref idref="fl-df"/>
      </object_component>
      <object_component id="oc-1b">
         <name>.debug_frame</name>
         <load_address>0x1c18</load_address>
         <run_address>0x1c18</run_address>
         <size>0x60</size>
         <input_file_ref idref="fl-e0"/>
      </object_component>
      <object_component id="oc-5a">
         <name>.debug_frame</name>
         <load_address>0x1c78</load_address>
         <run_address>0x1c78</run_address>
         <size>0x50</size>
         <input_file_ref idref="fl-e1"/>
      </object_component>
      <object_component id="oc-10a">
         <name>.debug_frame</name>
         <load_address>0x1cc8</load_address>
         <run_address>0x1cc8</run_address>
         <size>0x5c</size>
         <input_file_ref idref="fl-ed"/>
      </object_component>
      <object_component id="oc-95">
         <name>.debug_frame</name>
         <load_address>0x1d24</load_address>
         <run_address>0x1d24</run_address>
         <size>0x54</size>
         <input_file_ref idref="fl-ee"/>
      </object_component>
      <object_component id="oc-fb">
         <name>.debug_frame</name>
         <load_address>0x1d78</load_address>
         <run_address>0x1d78</run_address>
         <size>0x54</size>
         <input_file_ref idref="fl-f0"/>
      </object_component>
      <object_component id="oc-191">
         <name>.debug_abbrev</name>
         <load_address>0x0</load_address>
         <run_address>0x0</run_address>
         <size>0x11e</size>
         <input_file_ref idref="fl-2"/>
      </object_component>
      <object_component id="oc-1a2">
         <name>.debug_abbrev</name>
         <load_address>0x11e</load_address>
         <run_address>0x11e</run_address>
         <size>0x29</size>
         <input_file_ref idref="fl-2"/>
      </object_component>
      <object_component id="oc-18f">
         <name>.debug_abbrev</name>
         <load_address>0x147</load_address>
         <run_address>0x147</run_address>
         <size>0x29</size>
         <input_file_ref idref="fl-2"/>
      </object_component>
      <object_component id="oc-dc">
         <name>.debug_abbrev</name>
         <load_address>0x170</load_address>
         <run_address>0x170</run_address>
         <size>0x8d</size>
         <input_file_ref idref="fl-2"/>
      </object_component>
      <object_component id="oc-e6">
         <name>.debug_abbrev</name>
         <load_address>0x1fd</load_address>
         <run_address>0x1fd</run_address>
         <size>0x69</size>
         <input_file_ref idref="fl-2"/>
      </object_component>
      <object_component id="oc-19a">
         <name>.debug_abbrev</name>
         <load_address>0x266</load_address>
         <run_address>0x266</run_address>
         <size>0x97</size>
         <input_file_ref idref="fl-2"/>
      </object_component>
      <object_component id="oc-195">
         <name>.debug_abbrev</name>
         <load_address>0x2fd</load_address>
         <run_address>0x2fd</run_address>
         <size>0xbd</size>
         <input_file_ref idref="fl-2"/>
      </object_component>
      <object_component id="oc-1ec">
         <name>.debug_abbrev</name>
         <load_address>0x3ba</load_address>
         <run_address>0x3ba</run_address>
         <size>0x49</size>
         <input_file_ref idref="fl-2"/>
      </object_component>
      <object_component id="oc-22f">
         <name>.debug_abbrev</name>
         <load_address>0x403</load_address>
         <run_address>0x403</run_address>
         <size>0x4b</size>
         <input_file_ref idref="fl-2"/>
      </object_component>
      <object_component id="oc-19f">
         <name>.debug_abbrev</name>
         <load_address>0x44e</load_address>
         <run_address>0x44e</run_address>
         <size>0x4b</size>
         <input_file_ref idref="fl-2"/>
      </object_component>
      <object_component id="oc-df">
         <name>.debug_abbrev</name>
         <load_address>0x499</load_address>
         <run_address>0x499</run_address>
         <size>0x1f</size>
         <input_file_ref idref="fl-2"/>
      </object_component>
      <object_component id="oc-1a6">
         <name>.debug_abbrev</name>
         <load_address>0x4b8</load_address>
         <run_address>0x4b8</run_address>
         <size>0x5c</size>
         <input_file_ref idref="fl-2"/>
      </object_component>
      <object_component id="oc-149">
         <name>.debug_abbrev</name>
         <load_address>0x514</load_address>
         <run_address>0x514</run_address>
         <size>0x24</size>
         <input_file_ref idref="fl-2"/>
      </object_component>
      <object_component id="oc-13d">
         <name>.debug_abbrev</name>
         <load_address>0x538</load_address>
         <run_address>0x538</run_address>
         <size>0x24</size>
         <input_file_ref idref="fl-2"/>
      </object_component>
      <object_component id="oc-f2">
         <name>.debug_abbrev</name>
         <load_address>0x55c</load_address>
         <run_address>0x55c</run_address>
         <size>0x24</size>
         <input_file_ref idref="fl-2"/>
      </object_component>
      <object_component id="oc-e2">
         <name>.debug_abbrev</name>
         <load_address>0x580</load_address>
         <run_address>0x580</run_address>
         <size>0x7c</size>
         <input_file_ref idref="fl-3"/>
      </object_component>
      <object_component id="oc-73">
         <name>.debug_abbrev</name>
         <load_address>0x5fc</load_address>
         <run_address>0x5fc</run_address>
         <size>0x29</size>
         <input_file_ref idref="fl-3"/>
      </object_component>
      <object_component id="oc-ab">
         <name>.debug_abbrev</name>
         <load_address>0x625</load_address>
         <run_address>0x625</run_address>
         <size>0x89</size>
         <input_file_ref idref="fl-3"/>
      </object_component>
      <object_component id="oc-34">
         <name>.debug_abbrev</name>
         <load_address>0x6ae</load_address>
         <run_address>0x6ae</run_address>
         <size>0x1f</size>
         <input_file_ref idref="fl-3"/>
      </object_component>
      <object_component id="oc-1c9">
         <name>.debug_abbrev</name>
         <load_address>0x6cd</load_address>
         <run_address>0x6cd</run_address>
         <size>0x29</size>
         <input_file_ref idref="fl-4"/>
      </object_component>
      <object_component id="oc-13a">
         <name>.debug_abbrev</name>
         <load_address>0x6f6</load_address>
         <run_address>0x6f6</run_address>
         <size>0x8b</size>
         <input_file_ref idref="fl-4"/>
      </object_component>
      <object_component id="oc-1de">
         <name>.debug_abbrev</name>
         <load_address>0x781</load_address>
         <run_address>0x781</run_address>
         <size>0x27</size>
         <input_file_ref idref="fl-5"/>
      </object_component>
      <object_component id="oc-162">
         <name>.debug_abbrev</name>
         <load_address>0x7a8</load_address>
         <run_address>0x7a8</run_address>
         <size>0x7a</size>
         <input_file_ref idref="fl-5"/>
      </object_component>
      <object_component id="oc-1f1">
         <name>.debug_abbrev</name>
         <load_address>0x822</load_address>
         <run_address>0x822</run_address>
         <size>0xf9</size>
         <input_file_ref idref="fl-9"/>
      </object_component>
      <object_component id="oc-1e8">
         <name>.debug_abbrev</name>
         <load_address>0x91b</load_address>
         <run_address>0x91b</run_address>
         <size>0xd1</size>
         <input_file_ref idref="fl-b"/>
      </object_component>
      <object_component id="oc-1e6">
         <name>.debug_abbrev</name>
         <load_address>0x9ec</load_address>
         <run_address>0x9ec</run_address>
         <size>0x27</size>
         <input_file_ref idref="fl-b"/>
      </object_component>
      <object_component id="oc-16e">
         <name>.debug_abbrev</name>
         <load_address>0xa13</load_address>
         <run_address>0xa13</run_address>
         <size>0x130</size>
         <input_file_ref idref="fl-b"/>
      </object_component>
      <object_component id="oc-229">
         <name>.debug_abbrev</name>
         <load_address>0xb43</load_address>
         <run_address>0xb43</run_address>
         <size>0xd1</size>
         <input_file_ref idref="fl-d"/>
      </object_component>
      <object_component id="oc-227">
         <name>.debug_abbrev</name>
         <load_address>0xc14</load_address>
         <run_address>0xc14</run_address>
         <size>0x27</size>
         <input_file_ref idref="fl-d"/>
      </object_component>
      <object_component id="oc-1d4">
         <name>.debug_abbrev</name>
[...]
         <value>0x35cb</value>
         <object_component_ref idref="oc-1d6"/>
      </symbol>
      <symbol id="sm-640">
         <name>RTC_C_holdClock</name>
         <value>0x33e7</value>
         <object_component_ref idref="oc-1d6"/>
      </symbol>
      <symbol id="sm-641">
         <name>RTC_C_getEnabledInterruptStatus</name>
         <value>0x37c5</value>
         <object_component_ref idref="oc-1d6"/>
      </symbol>
      <symbol id="sm-642">
         <name>RTC_C_disableInterrupt</name>
         <value>0x36f5</value>
         <object_component_ref idref="oc-1d6"/>
      </symbol>
      <symbol id="sm-643">
         <name>RTC_C_enableInterrupt</name>
         <value>0x369f</value>
         <object_component_ref idref="oc-1d6"/>
      </symbol>
      <symbol id="sm-644">
         <name>RTC_C_convertBinaryToBCD</name>
         <value>0x3687</value>
         <object_component_ref idref="oc-1d6"/>
      </symbol>
      <symbol id="sm-645">
         <name>RTC_C_clearInterruptFlag</name>
         <value>0x3825</value>
         <object_component_ref idref="oc-1d6"/>
      </symbol>
      <symbol id="sm-689">
         <name>SysCtl_disableSRAMBankRetention</name>
         <value>0x45c5</value>
         <object_component_ref idref="oc-140"/>
      </symbol>
      <symbol id="sm-68a">
         <name>SysCtl_getTempCalibrationConstant</name>
         <value>0x4673</value>
         <object_component_ref idref="oc-140"/>
      </symbol>
      <symbol id="sm-68b">
         <name>SysCtl_enablePeripheralAtCPUHalt</name>
         <value>0x45eb</value>
         <object_component_ref idref="oc-140"/>
      </symbol>
      <symbol id="sm-68c">
         <name>SysCtl_getSRAMSize</name>
         <value>0x44eb</value>
         <object_component_ref idref="oc-140"/>
      </symbol>
      <symbol id="sm-68d">
         <name>SysCtl_enableSRAMBank</name>
         <value>0x4525</value>
         <object_component_ref idref="oc-140"/>
      </symbol>
      <symbol id="sm-68e">
         <name>SysCtl_disablePeripheralAtCPUHalt</name>
         <value>0x45ff</value>
         <object_component_ref idref="oc-140"/>
      </symbol>
      <symbol id="sm-68f">
         <name>SysCtl_setWDTTimeoutResetType</name>
         <value>0x4613</value>
         <object_component_ref idref="oc-140"/>
      </symbol>
      <symbol id="sm-690">
         <name>SysCtl_getNMISourceStatus</name>
         <value>0x451f</value>
         <object_component_ref idref="oc-140"/>
      </symbol>
      <symbol id="sm-691">
         <name>SysCtl_enableNMISource</name>
         <value>0x450b</value>
         <object_component_ref idref="oc-140"/>
      </symbol>
      <symbol id="sm-692">
         <name>SysCtl_disableSRAMBank</name>
         <value>0x4541</value>
         <object_component_ref idref="oc-140"/>
      </symbol>
      <symbol id="sm-693">
         <name>SysCtl_disableGlitchFilter</name>
         <value>0x4667</value>
         <object_component_ref idref="oc-140"/>
      </symbol>
      <symbol id="sm-694">
         <name>SysCtl_disableNMISource</name>
         <value>0x44f7</value>
         <object_component_ref idref="oc-140"/>
      </symbol>
      <symbol id="sm-695">
         <name>SysCtl_setWDTPasswordViolationResetType</name>
         <value>0x4637</value>
         <object_component_ref idref="oc-140"/>
      </symbol>
      <symbol id="sm-696">
         <name>SysCtl_rebootDevice</name>
         <value>0x45e1</value>
         <object_component_ref idref="oc-140"/>
      </symbol>
      <symbol id="sm-697">
         <name>SysCtl_getFlashSize</name>
         <value>0x44f1</value>
         <object_component_ref idref="oc-140"/>
      </symbol>
      <symbol id="sm-698">
         <name>SysCtl_getTLVInfo</name>
         <value>0x4475</value>
         <object_component_ref idref="oc-140"/>
      </symbol>
      <symbol id="sm-699">
         <name>SysCtl_enableGlitchFilter</name>
         <value>0x465b</value>
         <object_component_ref idref="oc-140"/>
      </symbol>
      <symbol id="sm-69a">
         <name>SysCtl_enableSRAMBankRetention</name>
         <value>0x45a9</value>
         <object_component_ref idref="oc-140"/>
      </symbol>
      <symbol id="sm-6b3">
         <name>SysTick_setPeriod</name>
         <value>0x49e1</value>
         <object_component_ref idref="oc-14d"/>
      </symbol>
      <symbol id="sm-6b4">
         <name>SysTick_disableModule</name>
         <value>0x49a5</value>
         <object_component_ref idref="oc-14d"/>
      </symbol>
      <symbol id="sm-6b5">
         <name>SysTick_disableInterrupt</name>
         <value>0x49d5</value>
         <object_component_ref idref="oc-14d"/>
      </symbol>
      <symbol id="sm-6b6">
         <name>SysTick_getPeriod</name>
         <value>0x49f3</value>
         <object_component_ref idref="oc-14d"/>
      </symbol>
      <symbol id="sm-6b7">
         <name>SysTick_registerInterrupt</name>
         <value>0x49b1</value>
         <object_component_ref idref="oc-14d"/>
      </symbol>
      <symbol id="sm-6b8">
         <name>SysTick_getValue</name>
         <value>0x49fb</value>
         <object_component_ref idref="oc-14d"/>
      </symbol>
      <symbol id="sm-6b9">
         <name>SysTick_enableInterrupt</name>
         <value>0x49c9</value>
         <object_component_ref idref="oc-14d"/>
      </symbol>
      <symbol id="sm-6ba">
         <name>SysTick_unregisterInterrupt</name>
         <value>0x49bf</value>
         <object_component_ref idref="oc-14d"/>
      </symbol>
      <symbol id="sm-6bb">
         <name>SysTick_enableModule</name>
         <value>0x4999</value>
         <object_component_ref idref="oc-14d"/>
      </symbol>
      <symbol id="sm-72a">
         <name>Timer_A_setOutputForOutputModeOutBitValue</name>
         <value>0x2ff7</value>
         <object_component_ref idref="oc-c4"/>
      </symbol>
      <symbol id="sm-72b">
         <name>Timer_A_getOutputForOutputModeOutBitValue</name>
         <value>0x2fa7</value>
         <object_component_ref idref="oc-c4"/>
      </symbol>
      <symbol id="sm-72c">
         <name>Timer_A_enableCaptureCompareInterrupt</name>
         <value>0x315d</value>
         <object_component_ref idref="oc-c4"/>
      </symbol>
      <symbol id="sm-72d">
         <name>Timer_A_getCounterValue</name>
         <value>0x2f17</value>
         <object_component_ref idref="oc-c4"/>
      </symbol>
      <symbol id="sm-72e">
         <name>Timer_A_setCompareValue</name>
         <value>0x30b9</value>
         <object_component_ref idref="oc-c4"/>
      </symbol>
      <symbol id="sm-72f">
         <name>Timer_A_clearCaptureCompareInterrupt</name>
         <value>0x30fb</value>
         <object_component_ref idref="oc-c4"/>
      </symbol>
      <symbol id="sm-730">
         <name>Timer_A_registerInterrupt</name>
         <value>0x322d</value>
         <object_component_ref idref="oc-c4"/>
      </symbol>
      <symbol id="sm-731">
         <name>Timer_A_initCompare</name>
         <value>0x2ec9</value>
         <object_component_ref idref="oc-c4"/>
      </symbol>
      <symbol id="sm-732">
         <name>Timer_A_generatePWM</name>
         <value>0x302f</value>
         <object_component_ref idref="oc-c4"/>
      </symbol>
      <symbol id="sm-733">
         <name>Timer_A_startCounter</name>
         <value>0x2d75</value>
         <object_component_ref idref="oc-c4"/>
      </symbol>
      <symbol id="sm-734">
         <name>Timer_A_initCapture</name>
         <value>0x2e77</value>
         <object_component_ref idref="oc-c4"/>
      </symbol>
      <symbol id="sm-735">
         <name>Timer_A_getCaptureCompareCount</name>
         <value>0x2fd5</value>
         <object_component_ref idref="oc-c4"/>
      </symbol>
      <symbol id="sm-736">
         <name>Timer_A_disableCaptureCompareInterrupt</name>
         <value>0x3189</value>
         <object_component_ref idref="oc-c4"/>
      </symbol>
      <symbol id="sm-737">
         <name>Timer_A_stopTimer</name>
         <value>0x30a5</value>
         <object_component_ref idref="oc-c4"/>
      </symbol>
      <symbol id="sm-738">
         <name>Timer_A_getCaptureCompareInterruptStatus</name>
         <value>0x31b1</value>
         <object_component_ref idref="oc-c4"/>
      </symbol>
      <symbol id="sm-739">
         <name>Timer_A_clearTimer</name>
         <value>0x2f63</value>
         <object_component_ref idref="oc-c4"/>
      </symbol>
      <symbol id="sm-73a">
         <name>Timer_A_clearInterruptFlag</name>
         <value>0x30e5</value>
         <object_component_ref idref="oc-c4"/>
      </symbol>
      <symbol id="sm-73b">
         <name>Timer_A_configureUpDownMode</name>
         <value>0x2e19</value>
         <object_component_ref idref="oc-c4"/>
      </symbol>
      <symbol id="sm-73c">
         <name>Timer_A_getSynchronizedCaptureCompareInput</name>
         <value>0x2f77</value>
         <object_component_ref idref="oc-c4"/>
      </symbol>
      <symbol id="sm-73d">
         <name>Timer_A_configureUpMode</name>
         <value>0x2dbb</value>
         <object_component_ref idref="oc-c4"/>
      </symbol>
      <symbol id="sm-73e">
         <name>Timer_A_getEnabledInterruptStatus</name>
         <value>0x31d9</value>
         <object_component_ref idref="oc-c4"/>
      </symbol>
      <symbol id="sm-73f">
         <name>Timer_A_disableInterrupt</name>
         <value>0x3137</value>
         <object_component_ref idref="oc-c4"/>
      </symbol>
      <symbol id="sm-740">
         <name>Timer_A_configureContinuousMode</name>
         <value>0x2d8b</value>
         <object_component_ref idref="oc-c4"/>
      </symbol>
      <symbol id="sm-741">
         <name>Timer_A_getCaptureCompareEnabledInterruptStatus</name>
         <value>0x31f1</value>
         <object_component_ref idref="oc-c4"/>
      </symbol>
      <symbol id="sm-742">
         <name>Timer_A_getInterruptStatus</name>
         <value>0x314b</value>
         <object_component_ref idref="oc-c4"/>
      </symbol>
      <symbol id="sm-743">
         <name>Timer_A_enableInterrupt</name>
         <value>0x3123</value>
         <object_component_ref idref="oc-c4"/>
      </symbol>
      <symbol id="sm-744">
         <name>Timer_A_unregisterInterrupt</name>
         <value>0x32ff</value>
         <object_component_ref idref="oc-c4"/>
      </symbol>
      <symbol id="sm-75c">
         <name>WDT_A_setTimeoutReset</name>
         <value>0x475d</value>
         <object_component_ref idref="oc-ac"/>
      </symbol>
      <symbol id="sm-75d">
         <name>WDT_A_registerInterrupt</name>
         <value>0x4769</value>
         <object_component_ref idref="oc-ac"/>
      </symbol>
      <symbol id="sm-75e">
         <name>WDT_A_setPasswordViolationReset</name>
         <value>0x4751</value>
         <object_component_ref idref="oc-ac"/>
      </symbol>
      <symbol id="sm-75f">
         <name>WDT_A_initIntervalTimer</name>
         <value>0x4735</value>
         <object_component_ref idref="oc-ac"/>
      </symbol>
      <symbol id="sm-760">
         <name>WDT_A_clearTimer</name>
         <value>0x46f9</value>
         <object_component_ref idref="oc-ac"/>
      </symbol>
      <symbol id="sm-761">
         <name>WDT_A_holdTimer</name>
         <value>0x46b9</value>
         <object_component_ref idref="oc-ac"/>
      </symbol>
      <symbol id="sm-762">
         <name>WDT_A_initWatchdogTimer</name>
         <value>0x4719</value>
         <object_component_ref idref="oc-ac"/>
      </symbol>
      <symbol id="sm-763">
         <name>WDT_A_startTimer</name>
         <value>0x46d9</value>
         <object_component_ref idref="oc-ac"/>
      </symbol>
      <symbol id="sm-764">
         <name>WDT_A_unregisterInterrupt</name>
         <value>0x477d</value>
         <object_component_ref idref="oc-ac"/>
      </symbol>
      <symbol id="sm-782">
         <name>memcpy</name>
         <value>0x48fd</value>
         <object_component_ref idref="oc-37"/>
      </symbol>
      <symbol id="sm-783">
         <name>__aeabi_memcpy</name>
         <value>0x48fd</value>
         <object_component_ref idref="oc-37"/>
      </symbol>
      <symbol id="sm-784">
         <name>__aeabi_memcpy8</name>
         <value>0x48fd</value>
         <object_component_ref idref="oc-37"/>
      </symbol>
      <symbol id="sm-785">
         <name>__aeabi_memcpy4</name>
         <value>0x48fd</value>
         <object_component_ref idref="oc-37"/>
      </symbol>
      <symbol id="sm-799">
         <name>__TI_zero_init_nomemset</name>
         <value>0x4b2d</value>
         <object_component_ref idref="oc-43"/>
      </symbol>
      <symbol id="sm-7b0">
         <name>__TI_decompress_none</name>
         <value>0x4b49</value>
         <object_component_ref idref="oc-1d"/>
      </symbol>
      <symbol id="sm-7d3">
         <name>__TI_decompress_lzss</name>
         <value>0x4a0d</value>
         <object_component_ref idref="oc-17"/>
      </symbol>
      <symbol id="sm-7e6">
         <name>__stack</name>
         <value>0x2000fe00</value>
         <object_component_ref idref="oc-29"/>
      </symbol>
      <symbol id="sm-7e7">
         <name>_c_int00_noargs</name>
         <value>0x4af9</value>
         <object_component_ref idref="oc-55"/>
      </symbol>
      <symbol id="sm-81a">
         <name>__TI_auto_init_nobinit_nopinit</name>
         <value>0x4a75</value>
         <object_component_ref idref="oc-105"/>
      </symbol>
      <symbol id="sm-824">
         <name>_system_pre_init</name>
         <value>0x4b65</value>
         <object_component_ref idref="oc-93"/>
      </symbol>
      <symbol id="sm-830">
         <name>C$$EXIT</name>
         <value>0x4b69</value>
         <object_component_ref idref="oc-f9"/>
      </symbol>
      <symbol id="sm-831">
         <name>abort</name>
         <value>0x4b69</value>
         <object_component_ref idref="oc-f9"/>
      </symbol>
      <symbol id="sm-83d">
         <name>__TI_static_base__</name>
         <value>0x0</value>
      </symbol>
      <symbol id="sm-840">
         <name>__mpu_init</name>
         <value>0x0</value>
      </symbol>
      <symbol id="sm-841">
         <name>_system_post_cinit</name>
         <value>0x0</value>
      </symbol>
      <symbol id="sm-842">
         <name>NMI_Handler</name>
         <value>0x4b63</value>
      </symbol>
      <symbol id="sm-843">
         <name>HardFault_Handler</name>
         <value>0x4b63</value>
      </symbol>
      <symbol id="sm-844">
         <name>MemManage_Handler</name>
         <value>0x4b63</value>
      </symbol>
      <symbol id="sm-845">
         <name>BusFault_Handler</name>
         <value>0x4b63</value>
      </symbol>
      <symbol id="sm-846">
         <name>UsageFault_Handler</name>
         <value>0x4b63</value>
      </symbol>
      <symbol id="sm-847">
         <name>SVC_Handler</name>
         <value>0x4b63</value>
      </symbol>
      <symbol id="sm-848">
         <name>DebugMon_Handler</name>
         <value>0x4b63</value>
      </symbol>
      <symbol id="sm-849">
         <name>PendSV_Handler</name>
         <value>0x4b63</value>
      </symbol>
      <symbol id="sm-84a">
         <name>SysTick_Handler</name>
         <value>0x4b63</value>
      </symbol>
      <symbol id="sm-84b">
         <name>PSS_IRQHandler</name>
         <value>0x4b63</value>
      </symbol>
      <symbol id="sm-84c">
         <name>CS_IRQHandler</name>
         <value>0x4b63</value>
      </symbol>
      <symbol id="sm-84d">
         <name>PCM_IRQHandler</name>
         <value>0x4b63</value>
      </symbol>
      <symbol id="sm-84e">
         <name>WDT_A_IRQHandler</name>
         <value>0x4b63</value>
      </symbol>
      <symbol id="sm-84f">
         <name>FPU_IRQHandler</name>
         <value>0x4b63</value>
      </symbol>
      <symbol id="sm-850">
         <name>FLCTL_IRQHandler</name>
         <value>0x4b63</value>
      </symbol>
      <symbol id="sm-851">
         <name>COMP_E0_IRQHandler</name>
         <value>0x4b63</value>
      </symbol>
      <symbol id="sm-852">
         <name>COMP_E1_IRQHandler</name>
         <value>0x4b63</value>
      </symbol>
      <symbol id="sm-853">
         <name>TA0_0_IRQHandler</name>
         <value>0x4b63</value>
      </symbol>
      <symbol id="sm-854">
         <name>TA0_N_IRQHandler</name>
         <value>0x48d1</value>
      </symbol>
      <symbol id="sm-855">
         <name>TA1_0_IRQHandler</name>
         <value>0x4b63</value>
      </symbol>
      <symbol id="sm-856">
         <name>TA1_N_IRQHandler</name>
         <value>0x4b63</value>
      </symbol>
      <symbol id="sm-857">
         <name>TA2_0_IRQHandler</name>
         <value>0x4b63</value>
      </symbol>
      <symbol id="sm-858">
         <name>TA2_N_IRQHandler</name>
         <value>0x4b63</value>
      </symbol>
      <symbol id="sm-859">
         <name>TA3_0_IRQHandler</name>
         <value>0x4b63</value>
      </symbol>
      <symbol id="sm-85a">
         <name>TA3_N_IRQHandler</name>
         <value>0x4b63</value>
      </symbol>
      <symbol id="sm-85b">
         <name>EUSCIA0_IRQHandler</name>
         <value>0x4b63</value>
      </symbol>
      <symbol id="sm-85c">
         <name>EUSCIA1_IRQHandler</name>
         <value>0x4b63</value>
      </symbol>
      <symbol id="sm-85d">
         <name>EUSCIA2_IRQHandler</name>
         <value>0x4b63</value>
      </symbol>
      <symbol id="sm-85e">
         <name>EUSCIA3_IRQHandler</name>
         <value>0x4b63</value>
      </symbol>
      <symbol id="sm-85f">
         <name>EUSCIB0_IRQHandler</name>
         <value>0x4b63</value>
      </symbol>
      <symbol id="sm-860">
         <name>EUSCIB1_IRQHandler</name>
         <value>0x4b63</value>
      </symbol>
      <symbol id="sm-861">
         <name>EUSCIB2_IRQHandler</name>
         <value>0x4b63</value>
      </symbol>
      <symbol id="sm-862">
         <name>EUSCIB3_IRQHandler</name>
         <value>0x4b63</value>
      </symbol>
      <symbol id="sm-863">
         <name>ADC14_IRQHandler</name>
         <value>0x4b63</value>
      </symbol>
      <symbol id="sm-864">
         <name>T32_INT1_IRQHandler</name>
         <value>0x4b63</value>
      </symbol>
      <symbol id="sm-865">
         <name>T32_INT2_IRQHandler</name>
         <value>0x4b63</value>
      </symbol>
      <symbol id="sm-866">
         <name>T32_INTC_IRQHandler</name>
         <value>0x4b63</value>
      </symbol>
      <symbol id="sm-867">
         <name>AES256_IRQHandler</name>
         <value>0x4b63</value>
      </symbol>
      <symbol id="sm-868">
         <name>RTC_C_IRQHandler</name>
         <value>0x4b63</value>
      </symbol>
      <symbol id="sm-869">
         <name>DMA_ERR_IRQHandler</name>
         <value>0x4b63</value>
      </symbol>
      <symbol id="sm-86a">
         <name>DMA_INT3_IRQHandler</name>
         <value>0x4b63</value>
      </symbol>
      <symbol id="sm-86b">
         <name>DMA_INT2_IRQHandler</name>
         <value>0x4b63</value>
      </symbol>
      <symbol id="sm-86c">
         <name>DMA_INT1_IRQHandler</name>
         <value>0x4b63</value>
      </symbol>
      <symbol id="sm-86d">
         <name>DMA_INT0_IRQHandler</name>
         <value>0x4b63</value>
      </symbol>
      <symbol id="sm-86e">
         <name>PORT1_IRQHandler</name>
         <value>0x4b63</value>
      </symbol>
      <symbol id="sm-86f">
         <name>PORT2_IRQHandler</name>
         <value>0x4b63</value>
      </symbol>
      <symbol id="sm-870">
         <name>PORT3_IRQHandler</name>
         <value>0x4b63</value>
      </symbol>
      <symbol id="sm-871">
         <name>PORT4_IRQHandler</name>
         <value>0x4b63</value>
      </symbol>
      <symbol id="sm-872">
         <name>PORT5_IRQHandler</name>
         <value>0x4b63</value>
      </symbol>
      <symbol id="sm-873">
         <name>PORT6_IRQHandler</name>
         <value>0x4b63</value>
      </symbol>
   </symbol_table>
   <title>Link successful</title>
</link_info>
