<?xml version="1.0" encoding="ISO-8859-1" ?>
<link_info>
   <banner>TI ARM Linker PC v20.2.1.LTS</banner>
   <copyright>Copyright (c) 1996-2018 Texas Instruments Incorporated</copyright>
   <link_time>0x5f81d887</link_time>
   <link_errors>0x0</link_errors>
   <output_file>6050_432.out</output_file>
   <entry_point>
      <name>_c_int00_noargs</name>
      <address>0xa121</address>
   </entry_point>
   <input_file_list>
      <input_file id="fl-2">
         <path>.\</path>
         <kind>object</kind>
         <file>inv_mpu.obj</file>
         <name>inv_mpu.obj</name>
      </input_file>
      <input_file id="fl-3">
         <path>.\</path>
         <kind>object</kind>
         <file>inv_mpu_dmp_motion_driver.obj</file>
         <name>inv_mpu_dmp_motion_driver.obj</name>
      </input_file>
      <input_file id="fl-4">
         <path>.\</path>
         <kind>object</kind>
         <file>main.obj</file>
         <name>main.obj</name>
      </input_file>
      <input_file id="fl-5">
         <path>.\</path>
         <kind>object</kind>
         <file>startup_msp432p401r_ccs.obj</file>
         <name>startup_msp432p401r_ccs.obj</name>
      </input_file>
      <input_file id="fl-6">
         <path>.\</path>
         <kind>object</kind>
         <file>system_msp432p401r.obj</file>
         <name>system_msp432p401r.obj</name>
      </input_file>
      <input_file id="fl-7">
         <path>.\delay\</path>
         <kind>object</kind>
         <file>delay.obj</file>
         <name>delay.obj</name>
      </input_file>
      <input_file id="fl-8">
         <path>.\driverlib\MSP432P4xx\</path>
         <kind>object</kind>
         <file>adc14.obj</file>
         <name>adc14.obj</name>
      </input_file>
      <input_file id="fl-9">
         <path>.\driverlib\MSP432P4xx\</path>
         <kind>object</kind>
         <file>aes256.obj</file>
         <name>aes256.obj</name>
      </input_file>
      <input_file id="fl-a">
         <path>.\driverlib\MSP432P4xx\</path>
         <kind>object</kind>
         <file>comp_e.obj</file>
         <name>comp_e.obj</name>
      </input_file>
      <input_file id="fl-b">
         <path>.\driverlib\MSP432P4xx\</path>
         <kind>object</kind>
         <file>cpu.obj</file>
         <name>cpu.obj</name>
      </input_file>
      <input_file id="fl-c">
         <path>.\driverlib\MSP432P4xx\</path>
         <kind>object</kind>
         <file>crc32.obj</file>
         <name>crc32.obj</name>
      </input_file>
      <input_file id="fl-d">
         <path>.\driverlib\MSP432P4xx\</path>
         <kind>object</kind>
         <file>cs.obj</file>
         <name>cs.obj</name>
      </input_file>
      <input_file id="fl-e">
         <path>.\driverlib\MSP432P4xx\</path>
         <kind>object</kind>
         <file>dma.obj</file>
         <name>dma.obj</name>
      </input_file>
      <input_file id="fl-f">
         <path>.\driverlib\MSP432P4xx\</path>
         <kind>object</kind>
         <file>flash.obj</file>
         <name>flash.obj</name>
      </input_file>
      <input_file id="fl-10">
         <path>.\driverlib\MSP432P4xx\</path>
         <kind>object</kind>
         <file>fpu.obj</file>
         <name>fpu.obj</name>
      </input_file>
      <input_file id="fl-11">
         <path>.\driverlib\MSP432P4xx\</path>
         <kind>object</kind>
         <file>gpio.obj</file>
         <name>gpio.obj</name>
      </input_file>
      <input_file id="fl-12">
         <path>.\driverlib\MSP432P4xx\</path>
         <kind>object</kind>
         <file>i2c.obj</file>
         <name>i2c.obj</name>
      </input_file>
      <input_file id="fl-13">
         <path>.\driverlib\MSP432P4xx\</path>
         <kind>object</kind>
         <file>interrupt.obj</file>
         <name>interrupt.obj</name>
      </input_file>
      <input_file id="fl-14">
         <path>.\driverlib\MSP432P4xx\</path>
         <kind>object</kind>
         <file>mpu.obj</file>
         <name>mpu.obj</name>
      </input_file>
      <input_file id="fl-15">
         <path>.\driverlib\MSP432P4xx\</path>
         <kind>object</kind>
         <file>pcm.obj</file>
         <name>pcm.obj</name>
      </input_file>
      <input_file id="fl-16">
         <path>.\driverlib\MSP432P4xx\</path>
         <kind>object</kind>
         <file>pmap.obj</file>
         <name>pmap.obj</name>
      </input_file>
      <input_file id="fl-17">
         <path>.\driverlib\MSP432P4xx\</path>
         <kind>object</kind>
         <file>pss.obj</file>
         <name>pss.obj</name>
      </input_file>
      <input_file id="fl-18">
         <path>.\driverlib\MSP432P4xx\</path>
         <kind>object</kind>
         <file>ref_a.obj</file>
         <name>ref_a.obj</name>
      </input_file>
      <input_file id="fl-19">
         <path>.\driverlib\MSP432P4xx\</path>
         <kind>object</kind>
         <file>reset.obj</file>
         <name>reset.obj</name>
      </input_file>
      <input_file id="fl-1a">
         <path>.\driverlib\MSP432P4xx\</path>
         <kind>object</kind>
         <file>rtc_c.obj</file>
         <name>rtc_c.obj</name>
      </input_file>
      <input_file id="fl-1b">
         <path>.\driverlib\MSP432P4xx\</path>
         <kind>object</kind>
         <file>spi.obj</file>
         <name>spi.obj</name>
      </input_file>
      <input_file id="fl-1c">
         <path>.\driverlib\MSP432P4xx\</path>
         <kind>object</kind>
         <file>sysctl.obj</file>
         <name>sysctl.obj</name>
      </input_file>
      <input_file id="fl-1d">
         <path>.\driverlib\MSP432P4xx\</path>
         <kind>object</kind>
         <file>systick.obj</file>
         <name>systick.obj</name>
      </input_file>
      <input_file id="fl-1e">
         <path>.\driverlib\MSP432P4xx\</path>
         <kind>object</kind>
         <file>timer32.obj</file>
         <name>timer32.obj</name>
      </input_file>
      <input_file id="fl-1f">
         <path>.\driverlib\MSP432P4xx\</path>
         <kind>object</kind>
         <file>timer_a.obj</file>
         <name>timer_a.obj</name>
      </input_file>
      <input_file id="fl-20">
         <path>.\driverlib\MSP432P4xx\</path>
         <kind>object</kind>
         <file>uart.obj</file>
         <name>uart.obj</name>
      </input_file>
      <input_file id="fl-21">
         <path>.\driverlib\MSP432P4xx\</path>
         <kind>object</kind>
         <file>wdt_a.obj</file>
         <name>wdt_a.obj</name>
      </input_file>
      <input_file id="fl-22">
         <path>.\mpu6050\</path>
         <kind>object</kind>
         <file>mpu6050.obj</file>
         <name>mpu6050.obj</name>
      </input_file>
      <input_file id="fl-27">
         <kind>object</kind>
         <file>&lt;internal&gt;</file>
         <name>&lt;internal&gt;</name>
      </input_file>
      <input_file id="fl-dd">
         <path>D:\ccs\tools\compiler\ti-cgt-arm_20.2.1.LTS\lib\</path>
         <kind>archive</kind>
         <file>rtsv7M4_T_le_v4SPD16_eabi.lib</file>
         <name>e_asin.c.obj</name>
      </input_file>
      <input_file id="fl-de">
         <path>D:\ccs\tools\compiler\ti-cgt-arm_20.2.1.LTS\lib\</path>
         <kind>archive</kind>
         <file>rtsv7M4_T_le_v4SPD16_eabi.lib</file>
         <name>e_atan2.c.obj</name>
      </input_file>
      <input_file id="fl-df">
         <path>D:\ccs\tools\compiler\ti-cgt-arm_20.2.1.LTS\lib\</path>
         <kind>archive</kind>
         <file>rtsv7M4_T_le_v4SPD16_eabi.lib</file>
         <name>e_sqrt.c.obj</name>
      </input_file>
      <input_file id="fl-e0">
         <path>D:\ccs\tools\compiler\ti-cgt-arm_20.2.1.LTS\lib\</path>
         <kind>archive</kind>
         <file>rtsv7M4_T_le_v4SPD16_eabi.lib</file>
         <name>s_atan.c.obj</name>
      </input_file>
      <input_file id="fl-e1">
         <path>D:\ccs\tools\compiler\ti-cgt-arm_20.2.1.LTS\lib\</path>
         <kind>archive</kind>
         <file>rtsv7M4_T_le_v4SPD16_eabi.lib</file>
         <name>memset_t2.asm.obj</name>
      </input_file>
      <input_file id="fl-e2">
         <path>D:\ccs\tools\compiler\ti-cgt-arm_20.2.1.LTS\lib\</path>
         <kind>archive</kind>
         <file>rtsv7M4_T_le_v4SPD16_eabi.lib</file>
         <name>fd_add_t2.asm.obj</name>
      </input_file>
      <input_file id="fl-e3">
         <path>D:\ccs\tools\compiler\ti-cgt-arm_20.2.1.LTS\lib\</path>
         <kind>archive</kind>
         <file>rtsv7M4_T_le_v4SPD16_eabi.lib</file>
         <name>fd_cmp_t2.asm.obj</name>
      </input_file>
      <input_file id="fl-e4">
         <path>D:\ccs\tools\compiler\ti-cgt-arm_20.2.1.LTS\lib\</path>
         <kind>archive</kind>
         <file>rtsv7M4_T_le_v4SPD16_eabi.lib</file>
         <name>fd_div_t2.asm.obj</name>
      </input_file>
      <input_file id="fl-e5">
         <path>D:\ccs\tools\compiler\ti-cgt-arm_20.2.1.LTS\lib\</path>
         <kind>archive</kind>
         <file>rtsv7M4_T_le_v4SPD16_eabi.lib</file>
         <name>fd_mul_t2.asm.obj</name>
      </input_file>
      <input_file id="fl-e6">
         <path>D:\ccs\tools\compiler\ti-cgt-arm_20.2.1.LTS\lib\</path>
         <kind>archive</kind>
         <file>rtsv7M4_T_le_v4SPD16_eabi.lib</file>
         <name>fd_tos_t2.asm.obj</name>
      </input_file>
      <input_file id="fl-e7">
         <path>D:\ccs\tools\compiler\ti-cgt-arm_20.2.1.LTS\lib\</path>
         <kind>archive</kind>
         <file>rtsv7M4_T_le_v4SPD16_eabi.lib</file>
         <name>fs_tod_t2.asm.obj</name>
      </input_file>
      <input_file id="fl-e8">
         <path>D:\ccs\tools\compiler\ti-cgt-arm_20.2.1.LTS\lib\</path>
         <kind>archive</kind>
         <file>rtsv7M4_T_le_v4SPD16_eabi.lib</file>
         <name>ll_mul_t2.asm.obj</name>
      </input_file>
      <input_file id="fl-e9">
         <path>D:\ccs\tools\compiler\ti-cgt-arm_20.2.1.LTS\lib\</path>
         <kind>archive</kind>
         <file>rtsv7M4_T_le_v4SPD16_eabi.lib</file>
         <name>memcpy_t2.asm.obj</name>
      </input_file>
      <input_file id="fl-ea">
         <path>D:\ccs\tools\compiler\ti-cgt-arm_20.2.1.LTS\lib\</path>
         <kind>archive</kind>
         <file>rtsv7M4_T_le_v4SPD16_eabi.lib</file>
         <name>ll_div_t2.asm.obj</name>
      </input_file>
      <input_file id="fl-eb">
         <path>D:\ccs\tools\compiler\ti-cgt-arm_20.2.1.LTS\lib\</path>
         <kind>archive</kind>
         <file>rtsv7M4_T_le_v4SPD16_eabi.lib</file>
         <name>ull_div_t2.asm.obj</name>
      </input_file>
      <input_file id="fl-ec">
         <path>D:\ccs\tools\compiler\ti-cgt-arm_20.2.1.LTS\lib\</path>
         <kind>archive</kind>
         <file>rtsv7M4_T_le_v4SPD16_eabi.lib</file>
         <name>copy_zero_init.c.obj</name>
      </input_file>
      <input_file id="fl-ed">
         <path>D:\ccs\tools\compiler\ti-cgt-arm_20.2.1.LTS\lib\</path>
         <kind>archive</kind>
         <file>rtsv7M4_T_le_v4SPD16_eabi.lib</file>
         <name>copy_decompress_none.c.obj</name>
      </input_file>
      <input_file id="fl-ee">
         <path>D:\ccs\tools\compiler\ti-cgt-arm_20.2.1.LTS\lib\</path>
         <kind>archive</kind>
         <file>rtsv7M4_T_le_v4SPD16_eabi.lib</file>
         <name>copy_decompress_lzss.c.obj</name>
      </input_file>
      <input_file id="fl-ef">
         <path>D:\ccs\tools\compiler\ti-cgt-arm_20.2.1.LTS\lib\</path>
         <kind>archive</kind>
         <file>rtsv7M4_T_le_v4SPD16_eabi.lib</file>
         <name>memcmp.c.obj</name>
      </input_file>
      <input_file id="fl-f0">
         <path>D:\ccs\tools\compiler\ti-cgt-arm_20.2.1.LTS\lib\</path>
         <kind>archive</kind>
         <file>rtsv7M4_T_le_v4SPD16_eabi.lib</file>
         <name>strlen.c.obj</name>
      </input_file>
      <input_file id="fl-f1">
         <path>D:\ccs\tools\compiler\ti-cgt-arm_20.2.1.LTS\lib\</path>
         <kind>archive</kind>
         <file>rtsv7M4_T_le_v4SPD16_eabi.lib</file>
         <name>errno.c.obj</name>
      </input_file>
      <input_file id="fl-f2">
         <path>D:\ccs\tools\compiler\ti-cgt-arm_20.2.1.LTS\lib\</path>
         <kind>archive</kind>
         <file>rtsv7M4_T_le_v4SPD16_eabi.lib</file>
         <name>boot_cortex_m.c.obj</name>
      </input_file>
      <input_file id="fl-f3">
         <path>D:\ccs\tools\compiler\ti-cgt-arm_20.2.1.LTS\lib\</path>
         <kind>archive</kind>
         <file>rtsv7M4_T_le_v4SPD16_eabi.lib</file>
         <name>div0.asm.obj</name>
      </input_file>
      <input_file id="fl-f4">
         <path>D:\ccs\tools\compiler\ti-cgt-arm_20.2.1.LTS\lib\</path>
         <kind>archive</kind>
         <file>rtsv7M4_T_le_v4SPD16_eabi.lib</file>
         <name>autoinit.c.obj</name>
      </input_file>
      <input_file id="fl-f5">
         <path>D:\ccs\tools\compiler\ti-cgt-arm_20.2.1.LTS\lib\</path>
         <kind>archive</kind>
         <file>rtsv7M4_T_le_v4SPD16_eabi.lib</file>
         <name>pre_init.c.obj</name>
      </input_file>
      <input_file id="fl-f6">
         <path>D:\ccs\tools\compiler\ti-cgt-arm_20.2.1.LTS\lib\</path>
         <kind>archive</kind>
         <file>rtsv7M4_T_le_v4SPD16_eabi.lib</file>
         <name>cpy_tbl.c.obj</name>
      </input_file>
      <input_file id="fl-f7">
         <path>D:\ccs\tools\compiler\ti-cgt-arm_20.2.1.LTS\lib\</path>
         <kind>archive</kind>
         <file>rtsv7M4_T_le_v4SPD16_eabi.lib</file>
         <name>exit.c.obj</name>
      </input_file>
      <input_file id="fl-f8">
         <path>D:\ccs\tools\compiler\ti-cgt-arm_20.2.1.LTS\lib\</path>
         <kind>archive</kind>
         <file>rtsv7M4_T_le_v4SPD16_eabi.lib</file>
         <name>_lock.c.obj</name>
      </input_file>
      <input_file id="fl-f9">
         <path>D:\ccs\tools\compiler\ti-cgt-arm_20.2.1.LTS\lib\</path>
         <kind>archive</kind>
         <file>rtsv7M4_T_le_v4SPD16_eabi.lib</file>
         <name>args_main.c.obj</name>
      </input_file>
   </input_file_list>
   <object_component_list>
      <object_component id="oc-26">
         <name>.intvecs:retain</name>
         <load_address>0x0</load_address>
         <run_address>0x0</run_address>
         <size>0xe4</size>
         <input_file_ref idref="fl-5"/>
      </object_component>
      <object_component id="oc-160">
         <name>.text</name>
         <load_address>0xe4</load_address>
         <run_address>0xe4</run_address>
         <size>0x2534</size>
         <input_file_ref idref="fl-2"/>
      </object_component>
      <object_component id="oc-14a">
         <name>.text</name>
         <load_address>0x2618</load_address>
         <run_address>0x2618</run_address>
         <size>0x1598</size>
         <input_file_ref idref="fl-f"/>
      </object_component>
      <object_component id="oc-166">
         <name>.text</name>
         <load_address>0x3bb0</load_address>
         <run_address>0x3bb0</run_address>
         <size>0x1084</size>
         <input_file_ref idref="fl-3"/>
      </object_component>
      <object_component id="oc-156">
         <name>.text</name>
         <load_address>0x4c34</load_address>
         <run_address>0x4c34</run_address>
         <size>0xd7c</size>
         <input_file_ref idref="fl-d"/>
      </object_component>
      <object_component id="oc-d5">
         <name>.text</name>
         <load_address>0x59b0</load_address>
         <run_address>0x59b0</run_address>
         <size>0xc3c</size>
         <input_file_ref idref="fl-22"/>
      </object_component>
      <object_component id="oc-150">
         <name>.text</name>
         <load_address>0x65ec</load_address>
         <run_address>0x65ec</run_address>
         <size>0x838</size>
         <input_file_ref idref="fl-15"/>
      </object_component>
      <object_component id="oc-172">
         <name>.text</name>
         <load_address>0x6e24</load_address>
         <run_address>0x6e24</run_address>
         <size>0x770</size>
         <input_file_ref idref="fl-12"/>
      </object_component>
      <object_component id="oc-21a">
         <name>.text</name>
         <load_address>0x7594</load_address>
         <run_address>0x7594</run_address>
         <size>0x508</size>
         <input_file_ref idref="fl-1a"/>
      </object_component>
      <object_component id="oc-16c">
         <name>.text</name>
         <load_address>0x7a9c</load_address>
         <run_address>0x7a9c</run_address>
         <size>0x480</size>
         <input_file_ref idref="fl-11"/>
      </object_component>
      <object_component id="oc-c3">
         <name>.text</name>
         <load_address>0x7f1c</load_address>
         <run_address>0x7f1c</run_address>
         <size>0x41c</size>
         <input_file_ref idref="fl-20"/>
      </object_component>
      <object_component id="oc-12a">
         <name>.text</name>
         <load_address>0x8338</load_address>
         <run_address>0x8338</run_address>
         <size>0x3f0</size>
         <input_file_ref idref="fl-13"/>
      </object_component>
      <object_component id="oc-183">
         <name>.text:asin</name>
         <load_address>0x8728</load_address>
         <run_address>0x8728</run_address>
         <size>0x3d4</size>
         <input_file_ref idref="fl-dd"/>
      </object_component>
      <object_component id="oc-a5">
         <name>.text</name>
         <load_address>0x8afc</load_address>
         <run_address>0x8afc</run_address>
         <size>0x334</size>
         <input_file_ref idref="fl-6"/>
      </object_component>
      <object_component id="oc-296">
         <name>.text:atan</name>
         <load_address>0x8e30</load_address>
         <run_address>0x8e30</run_address>
         <size>0x2ec</size>
         <input_file_ref idref="fl-e0"/>
      </object_component>
      <object_component id="oc-20d">
         <name>.text</name>
         <load_address>0x911c</load_address>
         <run_address>0x911c</run_address>
         <size>0x244</size>
         <input_file_ref idref="fl-1c"/>
      </object_component>
      <object_component id="oc-193">
         <name>.text:atan2</name>
         <load_address>0x9360</load_address>
         <run_address>0x9360</run_address>
         <size>0x1d8</size>
         <input_file_ref idref="fl-de"/>
      </object_component>
      <object_component id="oc-19a">
         <name>.text</name>
         <load_address>0x9538</load_address>
         <run_address>0x9538</run_address>
         <size>0x1b6</size>
         <input_file_ref idref="fl-e2"/>
      </object_component>
      <object_component id="oc-2fb">
         <name>.text</name>
         <load_address>0x96ee</load_address>
         <run_address>0x96ee</run_address>
         <size>0x2</size>
         <input_file_ref idref="fl-f3"/>
      </object_component>
      <object_component id="oc-277">
         <name>.text:sqrt</name>
         <load_address>0x96f0</load_address>
         <run_address>0x96f0</run_address>
         <size>0x158</size>
         <input_file_ref idref="fl-df"/>
      </object_component>
      <object_component id="oc-27d">
         <name>.text</name>
         <load_address>0x9848</load_address>
         <run_address>0x9848</run_address>
         <size>0x136</size>
         <input_file_ref idref="fl-e4"/>
      </object_component>
      <object_component id="oc-189">
         <name>.text</name>
         <load_address>0x997e</load_address>
         <run_address>0x997e</run_address>
         <size>0xfc</size>
         <input_file_ref idref="fl-e5"/>
      </object_component>
      <object_component id="oc-144">
         <name>.text</name>
         <load_address>0x9a7c</load_address>
         <run_address>0x9a7c</run_address>
         <size>0xd8</size>
         <input_file_ref idref="fl-21"/>
      </object_component>
      <object_component id="oc-cf">
         <name>.text</name>
         <load_address>0x9b54</load_address>
         <run_address>0x9b54</run_address>
         <size>0xc8</size>
         <input_file_ref idref="fl-7"/>
      </object_component>
      <object_component id="oc-37">
         <name>.text</name>
         <load_address>0x9c1c</load_address>
         <run_address>0x9c1c</run_address>
         <size>0x9c</size>
         <input_file_ref idref="fl-e9"/>
      </object_component>
      <object_component id="oc-300">
         <name>.text</name>
         <load_address>0x9cb8</load_address>
         <run_address>0x9cb8</run_address>
         <size>0x96</size>
         <input_file_ref idref="fl-eb"/>
      </object_component>
      <object_component id="oc-282">
         <name>.text:__aeabi_cdrcmple</name>
         <load_address>0x9d4e</load_address>
         <run_address>0x9d4e</run_address>
         <size>0x86</size>
         <input_file_ref idref="fl-e3"/>
      </object_component>
      <object_component id="oc-87">
         <name>.text</name>
         <load_address>0x9dd4</load_address>
         <run_address>0x9dd4</run_address>
         <size>0x7a</size>
         <input_file_ref idref="fl-e1"/>
      </object_component>
      <object_component id="oc-13e">
         <name>.text</name>
         <load_address>0x9e50</load_address>
         <run_address>0x9e50</run_address>
         <size>0x74</size>
         <input_file_ref idref="fl-1d"/>
      </object_component>
      <object_component id="oc-18e">
         <name>.text</name>
         <load_address>0x9ec4</load_address>
         <run_address>0x9ec4</run_address>
         <size>0x6e</size>
         <input_file_ref idref="fl-e6"/>
      </object_component>
      <object_component id="oc-22f">
         <name>.text</name>
         <load_address>0x9f32</load_address>
         <run_address>0x9f32</run_address>
         <size>0x6e</size>
         <input_file_ref idref="fl-ea"/>
      </object_component>
      <object_component id="oc-17">
         <name>.text:decompress:lzss:__TI_decompress_lzss</name>
         <load_address>0x9fa0</load_address>
         <run_address>0x9fa0</run_address>
         <size>0x68</size>
         <input_file_ref idref="fl-ee"/>
      </object_component>
      <object_component id="oc-93">
         <name>.text</name>
         <load_address>0xa008</load_address>
         <run_address>0xa008</run_address>
         <size>0x5c</size>
         <input_file_ref idref="fl-4"/>
      </object_component>
      <object_component id="oc-e9">
         <name>.text:__TI_auto_init_nobinit_nopinit:__TI_auto_init_nobinit_nopinit</name>
         <load_address>0xa064</load_address>
         <run_address>0xa064</run_address>
         <size>0x44</size>
         <input_file_ref idref="fl-f4"/>
      </object_component>
      <object_component id="oc-1e5">
         <name>.text</name>
         <load_address>0xa0a8</load_address>
         <run_address>0xa0a8</run_address>
         <size>0x3e</size>
         <input_file_ref idref="fl-b"/>
      </object_component>
      <object_component id="oc-17e">
         <name>.text</name>
         <load_address>0xa0e6</load_address>
         <run_address>0xa0e6</run_address>
         <size>0x38</size>
         <input_file_ref idref="fl-e7"/>
      </object_component>
      <object_component id="oc-55">
         <name>.text:_c_int00_noargs:_c_int00_noargs</name>
         <load_address>0xa120</load_address>
         <run_address>0xa120</run_address>
         <size>0x34</size>
         <input_file_ref idref="fl-f2"/>
      </object_component>
      <object_component id="oc-234">
         <name>.text:memcmp</name>
         <load_address>0xa154</load_address>
         <run_address>0xa154</run_address>
         <size>0x24</size>
         <input_file_ref idref="fl-ef"/>
      </object_component>
      <object_component id="oc-43">
         <name>.text:decompress:ZI:__TI_zero_init_nomemset:__TI_zero_init_nomemset</name>
         <load_address>0xa178</load_address>
         <run_address>0xa178</run_address>
         <size>0x1c</size>
         <input_file_ref idref="fl-ec"/>
      </object_component>
      <object_component id="oc-24a">
         <name>.text</name>
         <load_address>0xa194</load_address>
         <run_address>0xa194</run_address>
         <size>0x18</size>
         <input_file_ref idref="fl-e8"/>
      </object_component>
      <object_component id="oc-c9">
         <name>.text:strlen</name>
         <load_address>0xa1ac</load_address>
         <run_address>0xa1ac</run_address>
         <size>0x14</size>
         <input_file_ref idref="fl-f0"/>
      </object_component>
      <object_component id="oc-1d">
         <name>.text:decompress:none:__TI_decompress_none</name>
         <load_address>0xa1c0</load_address>
         <run_address>0xa1c0</run_address>
         <size>0xe</size>
         <input_file_ref idref="fl-ed"/>
      </object_component>
      <object_component id="oc-67">
         <name>.text</name>
         <load_address>0xa1ce</load_address>
         <run_address>0xa1ce</run_address>
         <size>0xe</size>
         <input_file_ref idref="fl-5"/>
      </object_component>
      <object_component id="oc-287">
         <name>.text:__aeabi_errno_addr</name>
         <load_address>0xa1dc</load_address>
         <run_address>0xa1dc</run_address>
         <size>0x8</size>
         <input_file_ref idref="fl-f1"/>
      </object_component>
      <object_component id="oc-8d">
         <name>.text:_system_pre_init</name>
         <load_address>0xa1e4</load_address>
         <run_address>0xa1e4</run_address>
         <size>0x4</size>
         <input_file_ref idref="fl-f5"/>
      </object_component>
      <object_component id="oc-dd">
         <name>.text:abort:abort</name>
         <load_address>0xa1e8</load_address>
         <run_address>0xa1e8</run_address>
         <size>0x4</size>
         <input_file_ref idref="fl-f7"/>
      </object_component>
      <object_component id="oc-23b">
         <name>.const:.string:dmp_memory</name>
         <load_address>0xa1f0</load_address>
         <run_address>0xa1f0</run_address>
         <size>0xbf6</size>
         <input_file_ref idref="fl-3"/>
      </object_component>
      <object_component id="oc-33e">
         <name>.const:$O1$$</name>
         <load_address>0xade8</load_address>
         <run_address>0xade8</run_address>
         <size>0x98</size>
         <input_file_ref idref="fl-e0"/>
      </object_component>
      <object_component id="oc-1f1">
         <name>.const:g_pulRegs</name>
         <load_address>0xae80</load_address>
         <run_address>0xae80</run_address>
         <size>0x50</size>
         <input_file_ref idref="fl-13"/>
      </object_component>
      <object_component id="oc-22c">
         <name>.const:test</name>
         <load_address>0xaed0</load_address>
         <run_address>0xaed0</run_address>
         <size>0x28</size>
         <input_file_ref idref="fl-2"/>
      </object_component>
      <object_component id="oc-1ee">
         <name>.const:g_pulPriority</name>
         <load_address>0xaef8</load_address>
         <run_address>0xaef8</run_address>
         <size>0x20</size>
         <input_file_ref idref="fl-13"/>
      </object_component>
      <object_component id="oc-266">
         <name>.const:GPIO_PORT_TO_INT</name>
         <load_address>0xaf18</load_address>
         <run_address>0xaf18</run_address>
         <size>0x1c</size>
         <input_file_ref idref="fl-11"/>
      </object_component>
      <object_component id="oc-2f1">
         <name>.const:reg</name>
         <load_address>0xaf34</load_address>
         <run_address>0xaf34</run_address>
         <size>0x1b</size>
         <input_file_ref idref="fl-2"/>
      </object_component>
      <object_component id="oc-178">
         <name>.const:i2cConfig1</name>
         <load_address>0xaf50</load_address>
         <run_address>0xaf50</run_address>
         <size>0x14</size>
         <input_file_ref idref="fl-22"/>
      </object_component>
      <object_component id="oc-252">
         <name>.const:.string:$P$T4$5</name>
         <load_address>0xaf64</load_address>
         <run_address>0xaf64</run_address>
         <size>0xc</size>
         <input_file_ref idref="fl-3"/>
      </object_component>
      <object_component id="oc-2f4">
         <name>.const:hw</name>
         <load_address>0xaf70</load_address>
         <run_address>0xaf70</run_address>
         <size>0xc</size>
         <input_file_ref idref="fl-2"/>
      </object_component>
      <object_component id="oc-25b">
         <name>.const:.string:$P$T7$8</name>
         <load_address>0xaf7c</load_address>
         <run_address>0xaf7c</run_address>
         <size>0xb</size>
         <input_file_ref idref="fl-3"/>
      </object_component>
      <object_component id="oc-25e">
         <name>.const:.string:$P$T8$9</name>
         <load_address>0xaf87</load_address>
         <run_address>0xaf87</run_address>
         <size>0xb</size>
         <input_file_ref idref="fl-3"/>
      </object_component>
      <object_component id="oc-255">
         <name>.const:.string:$P$T5$6</name>
         <load_address>0xaf92</load_address>
         <run_address>0xaf92</run_address>
         <size>0x9</size>
         <input_file_ref idref="fl-3"/>
      </object_component>
      <object_component id="oc-258">
         <name>.const:.string:$P$T6$7</name>
         <load_address>0xaf9b</load_address>
         <run_address>0xaf9b</run_address>
         <size>0x9</size>
         <input_file_ref idref="fl-3"/>
      </object_component>
      <object_component id="oc-1f7">
         <name>.const:g_pulDisRegs</name>
         <load_address>0xafa4</load_address>
         <run_address>0xafa4</run_address>
         <size>0x8</size>
         <input_file_ref idref="fl-13"/>
      </object_component>
      <object_component id="oc-1f4">
         <name>.const:g_pulEnRegs</name>
         <load_address>0xafac</load_address>
         <run_address>0xafac</run_address>
         <size>0x8</size>
         <input_file_ref idref="fl-13"/>
      </object_component>
      <object_component id="oc-1fa">
         <name>.const:g_pulPendRegs</name>
         <load_address>0xafb4</load_address>
         <run_address>0xafb4</run_address>
         <size>0x8</size>
         <input_file_ref idref="fl-13"/>
      </object_component>
      <object_component id="oc-1fd">
         <name>.const:g_pulUnpendRegs</name>
         <load_address>0xafbc</load_address>
         <run_address>0xafbc</run_address>
         <size>0x8</size>
         <input_file_ref idref="fl-13"/>
      </object_component>
      <object_component id="oc-23e">
         <name>.const:.string:$P$T0$1</name>
         <load_address>0xafc4</load_address>
         <run_address>0xafc4</run_address>
         <size>0x3</size>
         <input_file_ref idref="fl-3"/>
      </object_component>
      <object_component id="oc-241">
         <name>.const:.string:$P$T1$2</name>
         <load_address>0xafc7</load_address>
         <run_address>0xafc7</run_address>
         <size>0x3</size>
         <input_file_ref idref="fl-3"/>
      </object_component>
      <object_component id="oc-244">
         <name>.const:.string:$P$T2$3</name>
         <load_address>0xafca</load_address>
         <run_address>0xafca</run_address>
         <size>0x3</size>
         <input_file_ref idref="fl-3"/>
      </object_component>
      <object_component id="oc-247">
         <name>.const:.string:$P$T3$4</name>
         <load_address>0xafcd</load_address>
         <run_address>0xafcd</run_address>
         <size>0x3</size>
         <input_file_ref idref="fl-3"/>
      </object_component>
      <object_component id="oc-39d">
         <name>.cinit..data.load</name>
         <load_address>0xafd0</load_address>
         <run_address>0xafd0</run_address>
         <size>0x85</size>
      </object_component>
      <object_component id="oc-39a">
         <name>__TI_handler_table</name>
         <load_address>0xb058</load_address>
         <run_address>0xb058</run_address>
         <size>0xc</size>
      </object_component>
      <object_component id="oc-39e">
         <name>.cinit..bss.load</name>
         <load_address>0xb068</load_address>
         <run_address>0xb068</run_address>
         <size>0x8</size>
      </object_component>
      <object_component id="oc-39c">
         <name>.cinit..vtable.load</name>
         <load_address>0xb070</load_address>
         <run_address>0xb070</run_address>
         <size>0x8</size>
      </object_component>
      <object_component id="oc-39b">
         <name>__TI_cinit_table</name>
         <load_address>0xb078</load_address>
         <run_address>0xb078</run_address>
         <size>0x18</size>
      </object_component>
      <object_component id="oc-36e">
         <name>.binit</name>
         <load_address>0x0</load_address>
         <run_address>0x0</run_address>
         <size>0x0</size>
      </object_component>
      <object_component id="oc-1eb">
         <name>.vtable</name>
         <uninitialized>true</uninitialized>
         <run_address>0x20000000</run_address>
         <size>0xe4</size>
         <input_file_ref idref="fl-13"/>
      </object_component>
      <object_component id="oc-229">
         <name>.data:st</name>
         <load_address>0x20000154</load_address>
         <run_address>0x20000154</run_address>
         <size>0x2c</size>
         <input_file_ref idref="fl-2"/>
      </object_component>
      <object_component id="oc-24f">
         <name>.data:dmp</name>
         <load_address>0x20000198</load_address>
         <run_address>0x20000198</run_address>
         <size>0x10</size>
         <input_file_ref idref="fl-3"/>
      </object_component>
      <object_component id="oc-11b">
         <name>.data</name>
         <load_address>0x200001bc</load_address>
         <run_address>0x200001bc</run_address>
         <size>0x4</size>
         <input_file_ref idref="fl-6"/>
      </object_component>
      <object_component id="oc-15c">
         <name>.data</name>
         <load_address>0x200001b2</load_address>
         <run_address>0x200001b2</run_address>
         <size>0x4</size>
         <input_file_ref idref="fl-7"/>
      </object_component>
      <object_component id="oc-215">
         <name>.data:__getBurstProgramRegs</name>
         <load_address>0x200000e4</load_address>
         <run_address>0x200000e4</run_address>
         <size>0x40</size>
         <input_file_ref idref="fl-f"/>
      </object_component>
      <object_component id="oc-263">
         <name>.data:GPIO_PORT_TO_BASE</name>
         <load_address>0x20000124</load_address>
         <run_address>0x20000124</run_address>
         <size>0x30</size>
         <input_file_ref idref="fl-11"/>
      </object_component>
      <object_component id="oc-1a5">
         <name>.data</name>
         <load_address>0x20000180</load_address>
         <run_address>0x20000180</run_address>
         <size>0x16</size>
         <input_file_ref idref="fl-22"/>
      </object_component>
      <object_component id="oc-19f">
         <name>.data:gyro_orientation</name>
         <load_address>0x200001a8</load_address>
         <run_address>0x200001a8</run_address>
         <size>0x9</size>
         <input_file_ref idref="fl-22"/>
      </object_component>
      <object_component id="oc-332">
         <name>.data</name>
         <load_address>0x200001b8</load_address>
         <run_address>0x200001b8</run_address>
         <size>0x4</size>
         <input_file_ref idref="fl-f1"/>
      </object_component>
      <object_component id="oc-222">
         <name>.bss</name>
         <uninitialized>true</uninitialized>
         <run_address>0x20000254</run_address>
         <size>0x8</size>
         <input_file_ref idref="fl-d"/>
      </object_component>
      <object_component id="oc-1a3">
         <name>.common:gyro</name>
         <uninitialized>true</uninitialized>
         <run_address>0x20000264</run_address>
         <size>0x8</size>
      </object_component>
      <object_component id="oc-1a4">
         <name>.common:accel</name>
         <uninitialized>true</uninitialized>
         <run_address>0x2000025c</run_address>
         <size>0x8</size>
      </object_component>
      <object_component id="oc-1a2">
         <name>.common:sensors</name>
         <uninitialized>true</uninitialized>
         <run_address>0x20000274</run_address>
         <size>0x2</size>
      </object_component>
      <object_component id="oc-1a8">
         <name>.common:Pitch</name>
         <uninitialized>true</uninitialized>
         <run_address>0x2000026c</run_address>
         <size>0x4</size>
      </object_component>
      <object_component id="oc-1a9">
         <name>.common:Roll</name>
         <uninitialized>true</uninitialized>
         <run_address>0x20000270</run_address>
         <size>0x4</size>
      </object_component>
      <object_component id="oc-199">
         <name>.common:buffer</name>
         <uninitialized>true</uninitialized>
         <run_address>0x20000244</run_address>
         <size>0x10</size>
      </object_component>
      <object_component id="oc-17b">
         <name>.common:MPU6050_FIFO</name>
         <uninitialized>true</uninitialized>
         <run_address>0x200001c0</run_address>
         <size>0x84</size>
      </object_component>
      <object_component id="oc-29">
         <name>.stack</name>
         <uninitialized>true</uninitialized>
         <run_address>0x2000fe00</run_address>
         <size>0x4</size>
         <input_file_ref idref="fl-f2"/>
      </object_component>
      <object_component id="oc-3a0">
         <name>.stack</name>
         <uninitialized>true</uninitialized>
         <run_address>0x2000fe00</run_address>
         <size>0x0</size>
      </object_component>
      <object_component id="oc-129">
         <name>.debug_info</name>
         <load_address>0x0</load_address>
         <run_address>0x0</run_address>
         <size>0x797</size>
         <input_file_ref idref="fl-2"/>
      </object_component>
      <object_component id="oc-2f5">
         <name>.debug_info</name>
         <load_address>0x797</load_address>
         <run_address>0x797</run_address>
         <size>0xc8</size>
         <input_file_ref idref="fl-2"/>
      </object_component>
      <object_component id="oc-2f2">
         <name>.debug_info</name>
         <load_address>0x85f</load_address>
         <run_address>0x85f</run_address>
         <size>0xca</size>
         <input_file_ref idref="fl-2"/>
      </object_component>
      <object_component id="oc-22d">
         <name>.debug_info</name>
         <load_address>0x929</load_address>
         <run_address>0x929</run_address>
         <size>0xcc</size>
         <input_file_ref idref="fl-2"/>
      </object_component>
      <object_component id="oc-22a">
         <name>.debug_info</name>
         <load_address>0x9f5</load_address>
         <run_address>0x9f5</run_address>
         <size>0xc7</size>
         <input_file_ref idref="fl-2"/>
      </object_component>
      <object_component id="oc-161">
         <name>.debug_info</name>
         <load_address>0xabc</load_address>
         <run_address>0xabc</run_address>
         <size>0x318a</size>
         <input_file_ref idref="fl-2"/>
      </object_component>
      <object_component id="oc-ae">
         <name>.debug_info</name>
         <load_address>0x3c46</load_address>
         <run_address>0x3c46</run_address>
         <size>0x26b</size>
         <input_file_ref idref="fl-2"/>
      </object_component>
      <object_component id="oc-1b2">
         <name>.debug_info</name>
         <load_address>0x3eb1</load_address>
         <run_address>0x3eb1</run_address>
         <size>0x1055</size>
         <input_file_ref idref="fl-2"/>
      </object_component>
      <object_component id="oc-1ad">
         <name>.debug_info</name>
         <load_address>0x4f06</load_address>
         <run_address>0x4f06</run_address>
         <size>0x37e2</size>
         <input_file_ref idref="fl-2"/>
      </object_component>
      <object_component id="oc-271">
         <name>.debug_info</name>
         <load_address>0x86e8</load_address>
         <run_address>0x86e8</run_address>
         <size>0x9a</size>
         <input_file_ref idref="fl-2"/>
      </object_component>
      <object_component id="oc-2df">
         <name>.debug_info</name>
         <load_address>0x8782</load_address>
         <run_address>0x8782</run_address>
         <size>0x1b5</size>
         <input_file_ref idref="fl-2"/>
      </object_component>
      <object_component id="oc-2e6">
         <name>.debug_info</name>
         <load_address>0x8937</load_address>
         <run_address>0x8937</run_address>
         <size>0xc6</size>
         <input_file_ref idref="fl-2"/>
      </object_component>
      <object_component id="oc-32">
         <name>.debug_info</name>
         <load_address>0x89fd</load_address>
         <run_address>0x89fd</run_address>
         <size>0x84</size>
         <input_file_ref idref="fl-2"/>
      </object_component>
      <object_component id="oc-124">
         <name>.debug_info</name>
         <load_address>0x8a81</load_address>
         <run_address>0x8a81</run_address>
         <size>0x2a4</size>
         <input_file_ref idref="fl-2"/>
      </object_component>
      <object_component id="oc-137">
         <name>.debug_info</name>
         <load_address>0x8d25</load_address>
         <run_address>0x8d25</run_address>
         <size>0xef</size>
         <input_file_ref idref="fl-2"/>
      </object_component>
      <object_component id="oc-11f">
         <name>.debug_info</name>
         <load_address>0x8e14</load_address>
         <run_address>0x8e14</run_address>
         <size>0xbb</size>
         <input_file_ref idref="fl-2"/>
      </object_component>
      <object_component id="oc-ba">
         <name>.debug_info</name>
         <load_address>0x8ecf</load_address>
         <run_address>0x8ecf</run_address>
         <size>0x2c</size>
         <input_file_ref idref="fl-2"/>
      </object_component>
      <object_component id="oc-204">
         <name>.debug_info</name>
         <load_address>0x8efb</load_address>
         <run_address>0x8efb</run_address>
         <size>0xee</size>
         <input_file_ref idref="fl-2"/>
      </object_component>
      <object_component id="oc-1e0">
         <name>.debug_info</name>
         <load_address>0x8fe9</load_address>
         <run_address>0x8fe9</run_address>
         <size>0x7cf</size>
         <input_file_ref idref="fl-2"/>
      </object_component>
      <object_component id="oc-262">
         <name>.debug_info</name>
         <load_address>0x97b8</load_address>
         <run_address>0x97b8</run_address>
         <size>0x5ad</size>
         <input_file_ref idref="fl-3"/>
      </object_component>
      <object_component id="oc-23c">
         <name>.debug_info</name>
         <load_address>0x9d65</load_address>
         <run_address>0x9d65</run_address>
         <size>0xe8</size>
         <input_file_ref idref="fl-3"/>
      </object_component>
      <object_component id="oc-250">
         <name>.debug_info</name>
         <load_address>0x9e4d</load_address>
         <run_address>0x9e4d</run_address>
         <size>0xdb</size>
         <input_file_ref idref="fl-3"/>
      </object_component>
      <object_component id="oc-23f">
         <name>.debug_info</name>
         <load_address>0x9f28</load_address>
         <run_address>0x9f28</run_address>
         <size>0xe3</size>
         <input_file_ref idref="fl-3"/>
      </object_component>
      <object_component id="oc-242">
         <name>.debug_info</name>
         <load_address>0xa00b</load_address>
         <run_address>0xa00b</run_address>
         <size>0xe3</size>
         <input_file_ref idref="fl-3"/>
      </object_component>
      <object_component id="oc-245">
         <name>.debug_info</name>
         <load_address>0xa0ee</load_address>
         <run_address>0xa0ee</run_address>
         <size>0xe3</size>
         <input_file_ref idref="fl-3"/>
      </object_component>
      <object_component id="oc-248">
         <name>.debug_info</name>
         <load_address>0xa1d1</load_address>
         <run_address>0xa1d1</run_address>
         <size>0xe3</size>
         <input_file_ref idref="fl-3"/>
      </object_component>
      <object_component id="oc-253">
         <name>.debug_info</name>
         <load_address>0xa2b4</load_address>
         <run_address>0xa2b4</run_address>
         <size>0xe3</size>
         <input_file_ref idref="fl-3"/>
      </object_component>
      <object_component id="oc-256">
         <name>.debug_info</name>
         <load_address>0xa397</load_address>
         <run_address>0xa397</run_address>
         <size>0xe3</size>
         <input_file_ref idref="fl-3"/>
      </object_component>
      <object_component id="oc-259">
         <name>.debug_info</name>
         <load_address>0xa47a</load_address>
         <run_address>0xa47a</run_address>
         <size>0xe3</size>
         <input_file_ref idref="fl-3"/>
      </object_component>
      <object_component id="oc-25c">
         <name>.debug_info</name>
         <load_address>0xa55d</load_address>
         <run_address>0xa55d</run_address>
         <size>0xe3</size>
         <input_file_ref idref="fl-3"/>
      </object_component>
      <object_component id="oc-25f">
         <name>.debug_info</name>
         <load_address>0xa640</load_address>
         <run_address>0xa640</run_address>
         <size>0xe3</size>
         <input_file_ref idref="fl-3"/>
      </object_component>
      <object_component id="oc-168">
         <name>.debug_info</name>
         <load_address>0xa723</load_address>
         <run_address>0xa723</run_address>
         <size>0x2023</size>
         <input_file_ref idref="fl-3"/>
      </object_component>
      <object_component id="oc-315">
         <name>.debug_info</name>
         <load_address>0xc746</load_address>
         <run_address>0xc746</run_address>
         <size>0xac</size>
         <input_file_ref idref="fl-3"/>
      </object_component>
      <object_component id="oc-dc">
         <name>.debug_info</name>
         <load_address>0xc7f2</load_address>
         <run_address>0xc7f2</run_address>
         <size>0x696</size>
         <input_file_ref idref="fl-4"/>
      </object_component>
      <object_component id="oc-94">
         <name>.debug_info</name>
         <load_address>0xce88</load_address>
         <run_address>0xce88</run_address>
         <size>0x264</size>
         <input_file_ref idref="fl-4"/>
      </object_component>
      <object_component id="oc-1b7">
         <name>.debug_info</name>
         <load_address>0xd0ec</load_address>
         <run_address>0xd0ec</run_address>
         <size>0xcc</size>
         <input_file_ref idref="fl-4"/>
      </object_component>
      <object_component id="oc-6f">
         <name>.debug_info</name>
         <load_address>0xd1b8</load_address>
         <run_address>0xd1b8</run_address>
         <size>0x2c7</size>
         <input_file_ref idref="fl-5"/>
      </object_component>
      <object_component id="oc-27">
         <name>.debug_info</name>
         <load_address>0xd47f</load_address>
         <run_address>0xd47f</run_address>
         <size>0xf3</size>
         <input_file_ref idref="fl-5"/>
      </object_component>
      <object_component id="oc-68">
         <name>.debug_info</name>
         <load_address>0xd572</load_address>
         <run_address>0xd572</run_address>
         <size>0x1ba</size>
         <input_file_ref idref="fl-5"/>
      </object_component>
      <object_component id="oc-11c">
         <name>.debug_info</name>
         <load_address>0xd72c</load_address>
         <run_address>0xd72c</run_address>
         <size>0xec</size>
         <input_file_ref idref="fl-6"/>
      </object_component>
      <object_component id="oc-a6">
         <name>.debug_info</name>
         <load_address>0xd818</load_address>
         <run_address>0xd818</run_address>
         <size>0x25e</size>
         <input_file_ref idref="fl-6"/>
      </object_component>
      <object_component id="oc-15d">
         <name>.debug_info</name>
         <load_address>0xda76</load_address>
         <run_address>0xda76</run_address>
         <size>0xee</size>
         <input_file_ref idref="fl-7"/>
      </object_component>
      <object_component id="oc-d1">
         <name>.debug_info</name>
         <load_address>0xdb64</load_address>
         <run_address>0xdb64</run_address>
         <size>0x331</size>
         <input_file_ref idref="fl-7"/>
      </object_component>
      <object_component id="oc-131">
         <name>.debug_info</name>
         <load_address>0xde95</load_address>
         <run_address>0xde95</run_address>
         <size>0x8b</size>
         <input_file_ref idref="fl-7"/>
      </object_component>
      <object_component id="oc-1e6">
         <name>.debug_info</name>
         <load_address>0xdf20</load_address>
         <run_address>0xdf20</run_address>
         <size>0x3c2</size>
         <input_file_ref idref="fl-b"/>
      </object_component>
      <object_component id="oc-226">
         <name>.debug_info</name>
         <load_address>0xe2e2</load_address>
         <run_address>0xe2e2</run_address>
         <size>0x781</size>
         <input_file_ref idref="fl-d"/>
      </object_component>
      <object_component id="oc-223">
         <name>.debug_info</name>
         <load_address>0xea63</load_address>
         <run_address>0xea63</run_address>
         <size>0x102</size>
         <input_file_ref idref="fl-d"/>
      </object_component>
      <object_component id="oc-158">
         <name>.debug_info</name>
         <load_address>0xeb65</load_address>
         <run_address>0xeb65</run_address>
         <size>0x22dc</size>
         <input_file_ref idref="fl-d"/>
      </object_component>
      <object_component id="oc-219">
         <name>.debug_info</name>
         <load_address>0x10e41</load_address>
         <run_address>0x10e41</run_address>
         <size>0x79f</size>
         <input_file_ref idref="fl-f"/>
      </object_component>
      <object_component id="oc-216">
         <name>.debug_info</name>
         <load_address>0x115e0</load_address>
         <run_address>0x115e0</run_address>
         <size>0xff</size>
         <input_file_ref idref="fl-f"/>
      </object_component>
      <object_component id="oc-14c">
         <name>.debug_info</name>
         <load_address>0x116df</load_address>
         <run_address>0x116df</run_address>
         <size>0x3bd1</size>
         <input_file_ref idref="fl-f"/>
      </object_component>
      <object_component id="oc-26a">
         <name>.debug_info</name>
         <load_address>0x152b0</load_address>
         <run_address>0x152b0</run_address>
         <size>0x68a</size>
         <input_file_ref idref="fl-11"/>
      </object_component>
      <object_component id="oc-267">
         <name>.debug_info</name>
         <load_address>0x1593a</load_address>
         <run_address>0x1593a</run_address>
         <size>0xf4</size>
         <input_file_ref idref="fl-11"/>
      </object_component>
      <object_component id="oc-264">
         <name>.debug_info</name>
         <load_address>0x15a2e</load_address>
         <run_address>0x15a2e</run_address>
         <size>0xf6</size>
         <input_file_ref idref="fl-11"/>
      </object_component>
      <object_component id="oc-170">
         <name>.debug_info</name>
         <load_address>0x15b24</load_address>
         <run_address>0x15b24</run_address>
         <size>0x19f7</size>
         <input_file_ref idref="fl-11"/>
      </object_component>
      <object_component id="oc-26c">
         <name>.debug_info</name>
         <load_address>0x1751b</load_address>
         <run_address>0x1751b</run_address>
         <size>0x679</size>
         <input_file_ref idref="fl-12"/>
      </object_component>
      <object_component id="oc-174">
         <name>.debug_info</name>
         <load_address>0x17b94</load_address>
         <run_address>0x17b94</run_address>
         <size>0x2d18</size>
         <input_file_ref idref="fl-12"/>
      </object_component>
      <object_component id="oc-201">
         <name>.debug_info</name>
         <load_address>0x1a8ac</load_address>
         <run_address>0x1a8ac</run_address>
         <size>0x618</size>
         <input_file_ref idref="fl-13"/>
      </object_component>
      <object_component id="oc-1ef">
         <name>.debug_info</name>
         <load_address>0x1aec4</load_address>
         <run_address>0x1aec4</run_address>
         <size>0xf3</size>
         <input_file_ref idref="fl-13"/>
      </object_component>
      <object_component id="oc-1f2">
         <name>.debug_info</name>
         <load_address>0x1afb7</load_address>
         <run_address>0x1afb7</run_address>
         <size>0xeb</size>
         <input_file_ref idref="fl-13"/>
      </object_component>
      <object_component id="oc-1f5">
         <name>.debug_info</name>
         <load_address>0x1b0a2</load_address>
         <run_address>0x1b0a2</run_address>
         <size>0xef</size>
         <input_file_ref idref="fl-13"/>
      </object_component>
      <object_component id="oc-1f8">
         <name>.debug_info</name>
         <load_address>0x1b191</load_address>
         <run_address>0x1b191</run_address>
         <size>0xf1</size>
         <input_file_ref idref="fl-13"/>
      </object_component>
      <object_component id="oc-1fb">
         <name>.debug_info</name>
         <load_address>0x1b282</load_address>
         <run_address>0x1b282</run_address>
         <size>0xf3</size>
         <input_file_ref idref="fl-13"/>
      </object_component>
      <object_component id="oc-1fe">
         <name>.debug_info</name>
         <load_address>0x1b375</load_address>
         <run_address>0x1b375</run_address>
         <size>0xf7</size>
         <input_file_ref idref="fl-13"/>
      </object_component>
      <object_component id="oc-1ec">
         <name>.debug_info</name>
         <load_address>0x1b46c</load_address>
         <run_address>0x1b46c</run_address>
         <size>0xf8</size>
         <input_file_ref idref="fl-13"/>
      </object_component>
      <object_component id="oc-12c">
         <name>.debug_info</name>
         <load_address>0x1b564</load_address>
         <run_address>0x1b564</run_address>
         <size>0x119b</size>
         <input_file_ref idref="fl-13"/>
      </object_component>
      <object_component id="oc-221">
         <name>.debug_info</name>
         <load_address>0x1c6ff</load_address>
         <run_address>0x1c6ff</run_address>
         <size>0x73c</size>
         <input_file_ref idref="fl-15"/>
      </object_component>
      <object_component id="oc-151">
         <name>.debug_info</name>
         <load_address>0x1ce3b</load_address>
         <run_address>0x1ce3b</run_address>
         <size>0x238a</size>
         <input_file_ref idref="fl-15"/>
      </object_component>
      <object_component id="oc-2e5">
         <name>.debug_info</name>
         <load_address>0x1f1c5</load_address>
         <run_address>0x1f1c5</run_address>
         <size>0x675</size>
         <input_file_ref idref="fl-1a"/>
      </object_component>
      <object_component id="oc-21c">
         <name>.debug_info</name>
         <load_address>0x1f83a</load_address>
         <run_address>0x1f83a</run_address>
         <size>0x146c</size>
         <input_file_ref idref="fl-1a"/>
      </object_component>
      <object_component id="oc-2d8">
         <name>.debug_info</name>
         <load_address>0x20ca6</load_address>
         <run_address>0x20ca6</run_address>
         <size>0x550</size>
         <input_file_ref idref="fl-1c"/>
      </object_component>
      <object_component id="oc-20e">
         <name>.debug_info</name>
         <load_address>0x211f6</load_address>
         <run_address>0x211f6</run_address>
         <size>0xe9a</size>
         <input_file_ref idref="fl-1c"/>
      </object_component>
      <object_component id="oc-20c">
         <name>.debug_info</name>
         <load_address>0x22090</load_address>
         <run_address>0x22090</run_address>
         <size>0x5e0</size>
         <input_file_ref idref="fl-1d"/>
      </object_component>
      <object_component id="oc-142">
         <name>.debug_info</name>
         <load_address>0x22670</load_address>
         <run_address>0x22670</run_address>
         <size>0x67a</size>
         <input_file_ref idref="fl-1d"/>
      </object_component>
      <object_component id="oc-136">
         <name>.debug_info</name>
         <load_address>0x22cea</load_address>
         <run_address>0x22cea</run_address>
         <size>0x674</size>
         <input_file_ref idref="fl-20"/>
      </object_component>
      <object_component id="oc-c5">
         <name>.debug_info</name>
         <load_address>0x2335e</load_address>
         <run_address>0x2335e</run_address>
         <size>0x1619</size>
         <input_file_ref idref="fl-20"/>
      </object_component>
      <object_component id="oc-214">
         <name>.debug_info</name>
         <load_address>0x24977</load_address>
         <run_address>0x24977</run_address>
         <size>0x718</size>
         <input_file_ref idref="fl-21"/>
      </object_component>
      <object_component id="oc-147">
         <name>.debug_info</name>
         <load_address>0x2508f</load_address>
         <run_address>0x2508f</run_address>
         <size>0x8aa</size>
         <input_file_ref idref="fl-21"/>
      </object_component>
      <object_component id="oc-17c">
         <name>.debug_info</name>
         <load_address>0x25939</load_address>
         <run_address>0x25939</run_address>
         <size>0xdcd</size>
         <input_file_ref idref="fl-22"/>
      </object_component>
      <object_component id="oc-1a6">
         <name>.debug_info</name>
         <load_address>0x26706</load_address>
         <run_address>0x26706</run_address>
         <size>0x177</size>
         <input_file_ref idref="fl-22"/>
      </object_component>
      <object_component id="oc-1a0">
         <name>.debug_info</name>
         <load_address>0x2687d</load_address>
         <run_address>0x2687d</run_address>
         <size>0xea</size>
         <input_file_ref idref="fl-22"/>
      </object_component>
      <object_component id="oc-179">
         <name>.debug_info</name>
         <load_address>0x26967</load_address>
         <run_address>0x26967</run_address>
         <size>0xdf</size>
         <input_file_ref idref="fl-22"/>
      </object_component>
      <object_component id="oc-d7">
         <name>.debug_info</name>
         <load_address>0x26a46</load_address>
         <run_address>0x26a46</run_address>
         <size>0x1ce1</size>
         <input_file_ref idref="fl-22"/>
      </object_component>
      <object_component id="oc-28e">
         <name>.debug_info</name>
         <load_address>0x28727</load_address>
         <run_address>0x28727</run_address>
         <size>0x2e9</size>
         <input_file_ref idref="fl-dd"/>
      </object_component>
      <object_component id="oc-184">
         <name>.debug_info</name>
         <load_address>0x28a10</load_address>
         <run_address>0x28a10</run_address>
         <size>0x6a4</size>
         <input_file_ref idref="fl-dd"/>
      </object_component>
      <object_component id="oc-339">
         <name>.debug_info</name>
         <load_address>0x290b4</load_address>
         <run_address>0x290b4</run_address>
         <size>0x46</size>
         <input_file_ref idref="fl-dd"/>
      </object_component>
      <object_component id="oc-28f">
         <name>.debug_info</name>
         <load_address>0x290fa</load_address>
         <run_address>0x290fa</run_address>
         <size>0x39</size>
         <input_file_ref idref="fl-dd"/>
      </object_component>
      <object_component id="oc-29d">
         <name>.debug_info</name>
         <load_address>0x29133</load_address>
         <run_address>0x29133</run_address>
         <size>0x2ae</size>
         <input_file_ref idref="fl-de"/>
      </object_component>
      <object_component id="oc-195">
         <name>.debug_info</name>
         <load_address>0x293e1</load_address>
         <run_address>0x293e1</run_address>
         <size>0x247</size>
         <input_file_ref idref="fl-de"/>
      </object_component>
      <object_component id="oc-32f">
         <name>.debug_info</name>
         <load_address>0x29628</load_address>
         <run_address>0x29628</run_address>
         <size>0x2ca</size>
         <input_file_ref idref="fl-df"/>
      </object_component>
      <object_component id="oc-278">
         <name>.debug_info</name>
         <load_address>0x298f2</load_address>
         <run_address>0x298f2</run_address>
         <size>0x24e</size>
         <input_file_ref idref="fl-df"/>
      </object_component>
      <object_component id="oc-367">
         <name>.debug_info</name>
         <load_address>0x29b40</load_address>
         <run_address>0x29b40</run_address>
         <size>0x2f7</size>
         <input_file_ref idref="fl-e0"/>
      </object_component>
      <object_component id="oc-33f">
         <name>.debug_info</name>
         <load_address>0x29e37</load_address>
         <run_address>0x29e37</run_address>
         <size>0x131</size>
         <input_file_ref idref="fl-e0"/>
      </object_component>
      <object_component id="oc-297">
         <name>.debug_info</name>
         <load_address>0x29f68</load_address>
         <run_address>0x29f68</run_address>
         <size>0x4ac</size>
         <input_file_ref idref="fl-e0"/>
      </object_component>
      <object_component id="oc-89">
         <name>.debug_info</name>
         <load_address>0x2a414</load_address>
         <run_address>0x2a414</run_address>
         <size>0x147</size>
         <input_file_ref idref="fl-e1"/>
      </object_component>
      <object_component id="oc-19d">
         <name>.debug_info</name>
         <load_address>0x2a55b</load_address>
         <run_address>0x2a55b</run_address>
         <size>0x14c</size>
         <input_file_ref idref="fl-e2"/>
      </object_component>
      <object_component id="oc-283">
         <name>.debug_info</name>
         <load_address>0x2a6a7</load_address>
         <run_address>0x2a6a7</run_address>
         <size>0x12a</size>
         <input_file_ref idref="fl-e3"/>
      </object_component>
      <object_component id="oc-27e">
         <name>.debug_info</name>
         <load_address>0x2a7d1</load_address>
         <run_address>0x2a7d1</run_address>
         <size>0x13a</size>
         <input_file_ref idref="fl-e4"/>
      </object_component>
      <object_component id="oc-18b">
         <name>.debug_info</name>
         <load_address>0x2a90b</load_address>
         <run_address>0x2a90b</run_address>
         <size>0x13a</size>
         <input_file_ref idref="fl-e5"/>
      </object_component>
      <object_component id="oc-18f">
         <name>.debug_info</name>
         <load_address>0x2aa45</load_address>
         <run_address>0x2aa45</run_address>
         <size>0x13e</size>
         <input_file_ref idref="fl-e6"/>
      </object_component>
      <object_component id="oc-17f">
         <name>.debug_info</name>
         <load_address>0x2ab83</load_address>
         <run_address>0x2ab83</run_address>
         <size>0x12c</size>
         <input_file_ref idref="fl-e7"/>
      </object_component>
      <object_component id="oc-24d">
         <name>.debug_info</name>
         <load_address>0x2acaf</load_address>
         <run_address>0x2acaf</run_address>
         <size>0x122</size>
         <input_file_ref idref="fl-e8"/>
      </object_component>
      <object_component id="oc-38">
         <name>.debug_info</name>
         <load_address>0x2add1</load_address>
         <run_address>0x2add1</run_address>
         <size>0x119</size>
         <input_file_ref idref="fl-e9"/>
      </object_component>
      <object_component id="oc-232">
         <name>.debug_info</name>
         <load_address>0x2aeea</load_address>
         <run_address>0x2aeea</run_address>
         <size>0x13f</size>
         <input_file_ref idref="fl-ea"/>
      </object_component>
      <object_component id="oc-303">
         <name>.debug_info</name>
         <load_address>0x2b029</load_address>
         <run_address>0x2b029</run_address>
         <size>0x134</size>
         <input_file_ref idref="fl-eb"/>
      </object_component>
      <object_component id="oc-86">
         <name>.debug_info</name>
         <load_address>0x2b15d</load_address>
         <run_address>0x2b15d</run_address>
         <size>0x2d4</size>
         <input_file_ref idref="fl-ec"/>
      </object_component>
      <object_component id="oc-44">
         <name>.debug_info</name>
         <load_address>0x2b431</load_address>
         <run_address>0x2b431</run_address>
         <size>0x1d2</size>
         <input_file_ref idref="fl-ec"/>
      </object_component>
      <object_component id="oc-81">
         <name>.debug_info</name>
         <load_address>0x2b603</load_address>
         <run_address>0x2b603</run_address>
         <size>0x46</size>
         <input_file_ref idref="fl-ec"/>
      </object_component>
      <object_component id="oc-42">
         <name>.debug_info</name>
         <load_address>0x2b649</load_address>
         <run_address>0x2b649</run_address>
         <size>0x2a8</size>
         <input_file_ref idref="fl-ed"/>
      </object_component>
      <object_component id="oc-20">
         <name>.debug_info</name>
         <load_address>0x2b8f1</load_address>
         <run_address>0x2b8f1</run_address>
         <size>0x1ea</size>
         <input_file_ref idref="fl-ed"/>
      </object_component>
      <object_component id="oc-3d">
         <name>.debug_info</name>
         <load_address>0x2badb</load_address>
         <run_address>0x2badb</run_address>
         <size>0x46</size>
         <input_file_ref idref="fl-ed"/>
      </object_component>
      <object_component id="oc-79">
         <name>.debug_info</name>
         <load_address>0x2bb21</load_address>
         <run_address>0x2bb21</run_address>
         <size>0x2c</size>
         <input_file_ref idref="fl-ed"/>
      </object_component>
      <object_component id="oc-77">
         <name>.debug_info</name>
         <load_address>0x2bb4d</load_address>
         <run_address>0x2bb4d</run_address>
         <size>0x29e</size>
         <input_file_ref idref="fl-ee"/>
      </object_component>
      <object_component id="oc-1a">
         <name>.debug_info</name>
         <load_address>0x2bdeb</load_address>
         <run_address>0x2bdeb</run_address>
         <size>0x250</size>
         <input_file_ref idref="fl-ee"/>
      </object_component>
      <object_component id="oc-2d">
         <name>.debug_info</name>
         <load_address>0x2c03b</load_address>
         <run_address>0x2c03b</run_address>
         <size>0x60</size>
         <input_file_ref idref="fl-ee"/>
      </object_component>
      <object_component id="oc-b3">
         <name>.debug_info</name>
         <load_address>0x2c09b</load_address>
         <run_address>0x2c09b</run_address>
         <size>0x46</size>
         <input_file_ref idref="fl-ee"/>
      </object_component>
      <object_component id="oc-72">
         <name>.debug_info</name>
         <load_address>0x2c0e1</load_address>
         <run_address>0x2c0e1</run_address>
         <size>0x39</size>
         <input_file_ref idref="fl-ee"/>
      </object_component>
      <object_component id="oc-307">
         <name>.debug_info</name>
         <load_address>0x2c11a</load_address>
         <run_address>0x2c11a</run_address>
         <size>0x29a</size>
         <input_file_ref idref="fl-ef"/>
      </object_component>
      <object_component id="oc-237">
         <name>.debug_info</name>
         <load_address>0x2c3b4</load_address>
         <run_address>0x2c3b4</run_address>
         <size>0x292</size>
         <input_file_ref idref="fl-ef"/>
      </object_component>
      <object_component id="oc-13d">
         <name>.debug_info</name>
         <load_address>0x2c646</load_address>
         <run_address>0x2c646</run_address>
         <size>0x28f</size>
         <input_file_ref idref="fl-f0"/>
      </object_component>
      <object_component id="oc-ca">
         <name>.debug_info</name>
         <load_address>0x2c8d5</load_address>
         <run_address>0x2c8d5</run_address>
         <size>0x245</size>
         <input_file_ref idref="fl-f0"/>
      </object_component>
      <object_component id="oc-336">
         <name>.debug_info</name>
         <load_address>0x2cb1a</load_address>
         <run_address>0x2cb1a</run_address>
         <size>0x289</size>
         <input_file_ref idref="fl-f1"/>
      </object_component>
      <object_component id="oc-333">
         <name>.debug_info</name>
         <load_address>0x2cda3</load_address>
         <run_address>0x2cda3</run_address>
         <size>0x10e</size>
         <input_file_ref idref="fl-f1"/>
      </object_component>
      <object_component id="oc-28a">
         <name>.debug_info</name>
         <load_address>0x2ceb1</load_address>
         <run_address>0x2ceb1</run_address>
         <size>0x14e</size>
         <input_file_ref idref="fl-f1"/>
      </object_component>
      <object_component id="oc-2a">
         <name>.debug_info</name>
         <load_address>0x2cfff</load_address>
         <run_address>0x2cfff</run_address>
         <size>0x10b</size>
         <input_file_ref idref="fl-f2"/>
      </object_component>
      <object_component id="oc-57">
         <name>.debug_info</name>
         <load_address>0x2d10a</load_address>
         <run_address>0x2d10a</run_address>
         <size>0x1a9</size>
         <input_file_ref idref="fl-f2"/>
      </object_component>
      <object_component id="oc-2fc">
         <name>.debug_info</name>
         <load_address>0x2d2b3</load_address>
         <run_address>0x2d2b3</run_address>
         <size>0x115</size>
         <input_file_ref idref="fl-f3"/>
      </object_component>
      <object_component id="oc-1c7">
         <name>.debug_info</name>
         <load_address>0x2d3c8</load_address>
         <run_address>0x2d3c8</run_address>
         <size>0x4b3</size>
         <input_file_ref idref="fl-f4"/>
      </object_component>
      <object_component id="oc-ec">
         <name>.debug_info</name>
         <load_address>0x2d87b</load_address>
         <run_address>0x2d87b</run_address>
         <size>0x1a6</size>
         <input_file_ref idref="fl-f4"/>
      </object_component>
      <object_component id="oc-2b3">
         <name>.debug_info</name>
         <load_address>0x2da21</load_address>
         <run_address>0x2da21</run_address>
         <size>0x39</size>
         <input_file_ref idref="fl-f4"/>
      </object_component>
      <object_component id="oc-347">
         <name>.debug_info</name>
         <load_address>0x2da5a</load_address>
         <run_address>0x2da5a</run_address>
         <size>0x39</size>
         <input_file_ref idref="fl-f4"/>
      </object_component>
      <object_component id="oc-2b8">
         <name>.debug_info</name>
         <load_address>0x2da93</load_address>
         <run_address>0x2da93</run_address>
         <size>0x39</size>
         <input_file_ref idref="fl-f4"/>
      </object_component>
      <object_component id="oc-2bd">
         <name>.debug_info</name>
         <load_address>0x2dacc</load_address>
         <run_address>0x2dacc</run_address>
         <size>0xcd</size>
         <input_file_ref idref="fl-f4"/>
      </object_component>
      <object_component id="oc-8e">
         <name>.debug_info</name>
         <load_address>0x2db99</load_address>
         <run_address>0x2db99</run_address>
         <size>0x153</size>
         <input_file_ref idref="fl-f5"/>
      </object_component>
      <object_component id="oc-e0">
         <name>.debug_info</name>
         <load_address>0x2dcec</load_address>
         <run_address>0x2dcec</run_address>
         <size>0x122</size>
         <input_file_ref idref="fl-f7"/>
      </object_component>
      <object_component id="oc-3a1">
         <name>.debug_info</name>
         <load_address>0x2de0e</load_address>
         <run_address>0x2de0e</run_address>
         <size>0x9f</size>
      </object_component>
      <object_component id="oc-1df">
         <name>.debug_line</name>
         <load_address>0x0</load_address>
         <run_address>0x0</run_address>
         <size>0xdc</size>
         <input_file_ref idref="fl-2"/>
      </object_component>
      <object_component id="oc-35a">
         <name>.debug_line</name>
         <load_address>0xdc</load_address>
         <run_address>0xdc</run_address>
         <size>0x30</size>
         <input_file_ref idref="fl-2"/>
      </object_component>
      <object_component id="oc-358">
         <name>.debug_line</name>
         <load_address>0x10c</load_address>
         <run_address>0x10c</run_address>
         <size>0x30</size>
         <input_file_ref idref="fl-2"/>
      </object_component>
      <object_component id="oc-2fa">
         <name>.debug_line</name>
         <load_address>0x13c</load_address>
         <run_address>0x13c</run_address>
         <size>0x30</size>
         <input_file_ref idref="fl-2"/>
      </object_component>
      <object_component id="oc-2f8">
         <name>.debug_line</name>
         <load_address>0x16c</load_address>
         <run_address>0x16c</run_address>
         <size>0x30</size>
         <input_file_ref idref="fl-2"/>
      </object_component>
      <object_component id="oc-164">
         <name>.debug_line</name>
         <load_address>0x19c</load_address>
         <run_address>0x19c</run_address>
         <size>0xe4a</size>
         <input_file_ref idref="fl-2"/>
      </object_component>
      <object_component id="oc-b1">
         <name>.debug_line</name>
         <load_address>0xfe6</load_address>
         <run_address>0xfe6</run_address>
         <size>0x64</size>
         <input_file_ref idref="fl-2"/>
      </object_component>
      <object_component id="oc-1b5">
         <name>.debug_line</name>
         <load_address>0x104a</load_address>
         <run_address>0x104a</run_address>
         <size>0x50</size>
         <input_file_ref idref="fl-2"/>
      </object_component>
      <object_component id="oc-1b0">
         <name>.debug_line</name>
         <load_address>0x109a</load_address>
         <run_address>0x109a</run_address>
         <size>0x4d</size>
         <input_file_ref idref="fl-2"/>
      </object_component>
      <object_component id="oc-274">
         <name>.debug_line</name>
         <load_address>0x10e7</load_address>
         <run_address>0x10e7</run_address>
         <size>0x69</size>
         <input_file_ref idref="fl-2"/>
      </object_component>
      <object_component id="oc-2e2">
         <name>.debug_line</name>
         <load_address>0x1150</load_address>
         <run_address>0x1150</run_address>
         <size>0x6c</size>
         <input_file_ref idref="fl-2"/>
      </object_component>
      <object_component id="oc-2e9">
         <name>.debug_line</name>
         <load_address>0x11bc</load_address>
         <run_address>0x11bc</run_address>
         <size>0x6b</size>
         <input_file_ref idref="fl-2"/>
      </object_component>
      <object_component id="oc-35">
         <name>.debug_line</name>
         <load_address>0x1227</load_address>
         <run_address>0x1227</run_address>
         <size>0x20</size>
         <input_file_ref idref="fl-2"/>
      </object_component>
      <object_component id="oc-127">
         <name>.debug_line</name>
         <load_address>0x1247</load_address>
         <run_address>0x1247</run_address>
         <size>0x68</size>
         <input_file_ref idref="fl-2"/>
      </object_component>
      <object_component id="oc-13a">
         <name>.debug_line</name>
         <load_address>0x12af</load_address>
         <run_address>0x12af</run_address>
         <size>0x64</size>
         <input_file_ref idref="fl-2"/>
      </object_component>
      <object_component id="oc-122">
         <name>.debug_line</name>
         <load_address>0x1313</load_address>
         <run_address>0x1313</run_address>
         <size>0x65</size>
         <input_file_ref idref="fl-2"/>
      </object_component>
      <object_component id="oc-bd">
         <name>.debug_line</name>
         <load_address>0x1378</load_address>
         <run_address>0x1378</run_address>
         <size>0x60</size>
         <input_file_ref idref="fl-2"/>
      </object_component>
      <object_component id="oc-207">
         <name>.debug_line</name>
         <load_address>0x13d8</load_address>
         <run_address>0x13d8</run_address>
         <size>0x6a</size>
         <input_file_ref idref="fl-2"/>
      </object_component>
      <object_component id="oc-1e3">
         <name>.debug_line</name>
         <load_address>0x1442</load_address>
         <run_address>0x1442</run_address>
         <size>0x30</size>
         <input_file_ref idref="fl-2"/>
      </object_component>
      <object_component id="oc-325">
         <name>.debug_line</name>
         <load_address>0x1472</load_address>
         <run_address>0x1472</run_address>
         <size>0x70</size>
         <input_file_ref idref="fl-3"/>
      </object_component>
      <object_component id="oc-309">
         <name>.debug_line</name>
         <load_address>0x14e2</load_address>
         <run_address>0x14e2</run_address>
         <size>0x42</size>
         <input_file_ref idref="fl-3"/>
      </object_component>
      <object_component id="oc-314">
         <name>.debug_line</name>
         <load_address>0x1524</load_address>
         <run_address>0x1524</run_address>
         <size>0x42</size>
         <input_file_ref idref="fl-3"/>
      </object_component>
      <object_component id="oc-30b">
         <name>.debug_line</name>
         <load_address>0x1566</load_address>
         <run_address>0x1566</run_address>
         <size>0x42</size>
         <input_file_ref idref="fl-3"/>
      </object_component>
      <object_component id="oc-30d">
         <name>.debug_line</name>
         <load_address>0x15a8</load_address>
         <run_address>0x15a8</run_address>
         <size>0x42</size>
         <input_file_ref idref="fl-3"/>
      </object_component>
      <object_component id="oc-30f">
         <name>.debug_line</name>
         <load_address>0x15ea</load_address>
         <run_address>0x15ea</run_address>
         <size>0x42</size>
         <input_file_ref idref="fl-3"/>
      </object_component>
      <object_component id="oc-311">
         <name>.debug_line</name>
         <load_address>0x162c</load_address>
         <run_address>0x162c</run_address>
         <size>0x42</size>
         <input_file_ref idref="fl-3"/>
      </object_component>
      <object_component id="oc-31b">
         <name>.debug_line</name>
         <load_address>0x166e</load_address>
         <run_address>0x166e</run_address>
         <size>0x42</size>
         <input_file_ref idref="fl-3"/>
      </object_component>
      <object_component id="oc-31d">
         <name>.debug_line</name>
         <load_address>0x16b0</load_address>
         <run_address>0x16b0</run_address>
         <size>0x42</size>
         <input_file_ref idref="fl-3"/>
      </object_component>
      <object_component id="oc-31f">
         <name>.debug_line</name>
         <load_address>0x16f2</load_address>
         <run_address>0x16f2</run_address>
         <size>0x42</size>
         <input_file_ref idref="fl-3"/>
      </object_component>
      <object_component id="oc-321">
         <name>.debug_line</name>
         <load_address>0x1734</load_address>
         <run_address>0x1734</run_address>
         <size>0x42</size>
         <input_file_ref idref="fl-3"/>
      </object_component>
      <object_component id="oc-323">
         <name>.debug_line</name>
         <load_address>0x1776</load_address>
         <run_address>0x1776</run_address>
         <size>0x42</size>
         <input_file_ref idref="fl-3"/>
      </object_component>
      <object_component id="oc-167">
         <name>.debug_line</name>
         <load_address>0x17b8</load_address>
         <run_address>0x17b8</run_address>
         <size>0x5d3</size>
         <input_file_ref idref="fl-3"/>
      </object_component>
      <object_component id="oc-318">
         <name>.debug_line</name>
[...]
      <symbol id="sm-b8f">
         <name>WDT_A_setTimeoutReset</name>
         <value>0x9b21</value>
         <object_component_ref idref="oc-144"/>
      </symbol>
      <symbol id="sm-b90">
         <name>WDT_A_registerInterrupt</name>
         <value>0x9b2d</value>
         <object_component_ref idref="oc-144"/>
      </symbol>
      <symbol id="sm-b91">
         <name>WDT_A_setPasswordViolationReset</name>
         <value>0x9b15</value>
         <object_component_ref idref="oc-144"/>
      </symbol>
      <symbol id="sm-b92">
         <name>WDT_A_initIntervalTimer</name>
         <value>0x9af9</value>
         <object_component_ref idref="oc-144"/>
      </symbol>
      <symbol id="sm-b93">
         <name>WDT_A_clearTimer</name>
         <value>0x9abd</value>
         <object_component_ref idref="oc-144"/>
      </symbol>
      <symbol id="sm-b94">
         <name>WDT_A_holdTimer</name>
         <value>0x9a7d</value>
         <object_component_ref idref="oc-144"/>
      </symbol>
      <symbol id="sm-b95">
         <name>WDT_A_initWatchdogTimer</name>
         <value>0x9add</value>
         <object_component_ref idref="oc-144"/>
      </symbol>
      <symbol id="sm-b96">
         <name>WDT_A_startTimer</name>
         <value>0x9a9d</value>
         <object_component_ref idref="oc-144"/>
      </symbol>
      <symbol id="sm-b97">
         <name>WDT_A_unregisterInterrupt</name>
         <value>0x9b41</value>
         <object_component_ref idref="oc-144"/>
      </symbol>
      <symbol id="sm-c49">
         <name>gyro</name>
         <value>0x20000264</value>
      </symbol>
      <symbol id="sm-c4a">
         <name>accel</name>
         <value>0x2000025c</value>
      </symbol>
      <symbol id="sm-c4b">
         <name>sensors</name>
         <value>0x20000274</value>
      </symbol>
      <symbol id="sm-c4c">
         <name>Pitch</name>
         <value>0x2000026c</value>
      </symbol>
      <symbol id="sm-c4d">
         <name>Roll</name>
         <value>0x20000270</value>
      </symbol>
      <symbol id="sm-c4e">
         <name>buffer</name>
         <value>0x20000244</value>
      </symbol>
      <symbol id="sm-c4f">
         <name>MPU6050_FIFO</name>
         <value>0x200001c0</value>
      </symbol>
      <symbol id="sm-c50">
         <name>MPU6050_setClockSource</name>
         <value>0x61b1</value>
         <object_component_ref idref="oc-d5"/>
      </symbol>
      <symbol id="sm-c51">
         <name>Read_Temperature</name>
         <value>0x64f1</value>
         <object_component_ref idref="oc-d5"/>
      </symbol>
      <symbol id="sm-c52">
         <name>Gx_offset</name>
         <value>0x20000190</value>
         <object_component_ref idref="oc-1a5"/>
      </symbol>
      <symbol id="sm-c53">
         <name>MPU6050_getDeviceID</name>
         <value>0x6215</value>
         <object_component_ref idref="oc-d5"/>
      </symbol>
      <symbol id="sm-c54">
         <name>MPU6050_setI2CBypassEnabled</name>
         <value>0x6251</value>
         <object_component_ref idref="oc-d5"/>
      </symbol>
      <symbol id="sm-c55">
         <name>IIC_ReadBytes</name>
         <value>0x5b53</value>
         <object_component_ref idref="oc-d5"/>
      </symbol>
      <symbol id="sm-c56">
         <name>IIC_WriteBytes</name>
         <value>0x5c23</value>
         <object_component_ref idref="oc-d5"/>
      </symbol>
      <symbol id="sm-c57">
         <name>q3</name>
         <value>0x2000018c</value>
         <object_component_ref idref="oc-1a5"/>
      </symbol>
      <symbol id="sm-c58">
         <name>q2</name>
         <value>0x20000188</value>
         <object_component_ref idref="oc-1a5"/>
      </symbol>
      <symbol id="sm-c59">
         <name>q1</name>
         <value>0x20000184</value>
         <object_component_ref idref="oc-1a5"/>
      </symbol>
      <symbol id="sm-c5a">
         <name>q0</name>
         <value>0x20000180</value>
         <object_component_ref idref="oc-1a5"/>
      </symbol>
      <symbol id="sm-c5b">
         <name>Gz_offset</name>
         <value>0x20000194</value>
         <object_component_ref idref="oc-1a5"/>
      </symbol>
      <symbol id="sm-c5c">
         <name>IIC_WriteBits</name>
         <value>0x5de1</value>
         <object_component_ref idref="oc-d5"/>
      </symbol>
      <symbol id="sm-c5d">
         <name>mpu_ReadBytes</name>
         <value>0x5ecd</value>
         <object_component_ref idref="oc-d5"/>
      </symbol>
      <symbol id="sm-c5e">
         <name>i2cConfig1</name>
         <value>0xaf50</value>
         <object_component_ref idref="oc-178"/>
      </symbol>
      <symbol id="sm-c5f">
         <name>MPU6050_testConnection</name>
         <value>0x6229</value>
         <object_component_ref idref="oc-d5"/>
      </symbol>
      <symbol id="sm-c60">
         <name>Read_DMP</name>
         <value>0x635d</value>
         <object_component_ref idref="oc-d5"/>
      </symbol>
      <symbol id="sm-c61">
         <name>MPU6050_setFullScaleGyroRange</name>
         <value>0x61cb</value>
         <object_component_ref idref="oc-d5"/>
      </symbol>
      <symbol id="sm-c62">
         <name>mpu6050_i2c_init</name>
         <value>0x5b2f</value>
         <object_component_ref idref="oc-d5"/>
      </symbol>
      <symbol id="sm-c63">
         <name>MPU6050_setSleepEnabled</name>
         <value>0x61ff</value>
         <object_component_ref idref="oc-d5"/>
      </symbol>
      <symbol id="sm-c64">
         <name>MPU6050_newValues</name>
         <value>0x5f45</value>
         <object_component_ref idref="oc-d5"/>
      </symbol>
      <symbol id="sm-c65">
         <name>IICwriteBit</name>
         <value>0x5e73</value>
         <object_component_ref idref="oc-d5"/>
      </symbol>
      <symbol id="sm-c66">
         <name>DMP_Init</name>
         <value>0x62c1</value>
         <object_component_ref idref="oc-d5"/>
      </symbol>
      <symbol id="sm-c67">
         <name>MPU6050_setFullScaleAccelRange</name>
         <value>0x61e5</value>
         <object_component_ref idref="oc-d5"/>
      </symbol>
      <symbol id="sm-c68">
         <name>MPU6050_initialize</name>
         <value>0x6267</value>
         <object_component_ref idref="oc-d5"/>
      </symbol>
      <symbol id="sm-c69">
         <name>IIC_ReadByte</name>
         <value>0x5cb9</value>
         <object_component_ref idref="oc-d5"/>
      </symbol>
      <symbol id="sm-c6a">
         <name>Gy_offset</name>
         <value>0x20000192</value>
         <object_component_ref idref="oc-1a5"/>
      </symbol>
      <symbol id="sm-c6b">
         <name>IIC_WriteByte</name>
         <value>0x5d45</value>
         <object_component_ref idref="oc-d5"/>
      </symbol>
      <symbol id="sm-c6c">
         <name>MPU6050_setI2CMasterModeEnabled</name>
         <value>0x623b</value>
         <object_component_ref idref="oc-d5"/>
      </symbol>
      <symbol id="sm-c6d">
         <name>mpu_WriteBytes</name>
         <value>0x5f09</value>
         <object_component_ref idref="oc-d5"/>
      </symbol>
      <symbol id="sm-ca6">
         <name>asinl</name>
         <value>0x8729</value>
         <object_component_ref idref="oc-183"/>
      </symbol>
      <symbol id="sm-ca7">
         <name>asin</name>
         <value>0x8729</value>
         <object_component_ref idref="oc-183"/>
      </symbol>
      <symbol id="sm-cdf">
         <name>atan2</name>
         <value>0x9361</value>
         <object_component_ref idref="oc-193"/>
      </symbol>
      <symbol id="sm-ce0">
         <name>atan2l</name>
         <value>0x9361</value>
         <object_component_ref idref="oc-193"/>
      </symbol>
      <symbol id="sm-d02">
         <name>sqrtl</name>
         <value>0x96f1</value>
         <object_component_ref idref="oc-277"/>
      </symbol>
      <symbol id="sm-d03">
         <name>sqrt</name>
         <value>0x96f1</value>
         <object_component_ref idref="oc-277"/>
      </symbol>
      <symbol id="sm-d39">
         <name>atanl</name>
         <value>0x8e31</value>
         <object_component_ref idref="oc-296"/>
      </symbol>
      <symbol id="sm-d3a">
         <name>atan</name>
         <value>0x8e31</value>
         <object_component_ref idref="oc-296"/>
      </symbol>
      <symbol id="sm-d49">
         <name>__aeabi_memset</name>
         <value>0x9dd7</value>
         <object_component_ref idref="oc-87"/>
      </symbol>
      <symbol id="sm-d4a">
         <name>memset</name>
         <value>0x9ddd</value>
         <object_component_ref idref="oc-87"/>
      </symbol>
      <symbol id="sm-d4b">
         <name>__aeabi_memset8</name>
         <value>0x9dd7</value>
         <object_component_ref idref="oc-87"/>
      </symbol>
      <symbol id="sm-d4c">
         <name>__aeabi_memset4</name>
         <value>0x9dd7</value>
         <object_component_ref idref="oc-87"/>
      </symbol>
      <symbol id="sm-d4d">
         <name>__aeabi_memclr8</name>
         <value>0x9dd5</value>
         <object_component_ref idref="oc-87"/>
      </symbol>
      <symbol id="sm-d4e">
         <name>__aeabi_memclr4</name>
         <value>0x9dd5</value>
         <object_component_ref idref="oc-87"/>
      </symbol>
      <symbol id="sm-d4f">
         <name>__aeabi_memclr</name>
         <value>0x9dd5</value>
         <object_component_ref idref="oc-87"/>
      </symbol>
      <symbol id="sm-d66">
         <name>__aeabi_dsub</name>
         <value>0x9539</value>
         <object_component_ref idref="oc-19a"/>
      </symbol>
      <symbol id="sm-d67">
         <name>__aeabi_dadd</name>
         <value>0x9543</value>
         <object_component_ref idref="oc-19a"/>
      </symbol>
      <symbol id="sm-d79">
         <name>__aeabi_cdrcmple</name>
         <value>0x9d4f</value>
         <object_component_ref idref="oc-282"/>
      </symbol>
      <symbol id="sm-d8d">
         <name>__aeabi_ddiv</name>
         <value>0x9849</value>
         <object_component_ref idref="oc-27d"/>
      </symbol>
      <symbol id="sm-d98">
         <name>__aeabi_dmul</name>
         <value>0x997f</value>
         <object_component_ref idref="oc-189"/>
      </symbol>
      <symbol id="sm-da4">
         <name>__aeabi_d2f</name>
         <value>0x9ec5</value>
         <object_component_ref idref="oc-18e"/>
      </symbol>
      <symbol id="sm-daf">
         <name>__aeabi_f2d</name>
         <value>0xa0e7</value>
         <object_component_ref idref="oc-17e"/>
      </symbol>
      <symbol id="sm-db8">
         <name>__aeabi_lmul</name>
         <value>0xa195</value>
         <object_component_ref idref="oc-24a"/>
      </symbol>
      <symbol id="sm-dd3">
         <name>memcpy</name>
         <value>0x9c1d</value>
         <object_component_ref idref="oc-37"/>
      </symbol>
      <symbol id="sm-dd4">
         <name>__aeabi_memcpy</name>
         <value>0x9c1d</value>
         <object_component_ref idref="oc-37"/>
      </symbol>
      <symbol id="sm-dd5">
         <name>__aeabi_memcpy8</name>
         <value>0x9c1d</value>
         <object_component_ref idref="oc-37"/>
      </symbol>
      <symbol id="sm-dd6">
         <name>__aeabi_memcpy4</name>
         <value>0x9c1d</value>
         <object_component_ref idref="oc-37"/>
      </symbol>
      <symbol id="sm-de4">
         <name>__aeabi_ldivmod</name>
         <value>0x9f33</value>
         <object_component_ref idref="oc-22f"/>
      </symbol>
      <symbol id="sm-df1">
         <name>__aeabi_uldivmod</name>
         <value>0x9cb9</value>
         <object_component_ref idref="oc-300"/>
      </symbol>
      <symbol id="sm-e05">
         <name>__TI_zero_init_nomemset</name>
         <value>0xa179</value>
         <object_component_ref idref="oc-43"/>
      </symbol>
      <symbol id="sm-e1c">
         <name>__TI_decompress_none</name>
         <value>0xa1c1</value>
         <object_component_ref idref="oc-1d"/>
      </symbol>
      <symbol id="sm-e3f">
         <name>__TI_decompress_lzss</name>
         <value>0x9fa1</value>
         <object_component_ref idref="oc-17"/>
      </symbol>
      <symbol id="sm-e4f">
         <name>memcmp</name>
         <value>0xa155</value>
         <object_component_ref idref="oc-234"/>
      </symbol>
      <symbol id="sm-e5d">
         <name>strlen</name>
         <value>0xa1ad</value>
         <object_component_ref idref="oc-c9"/>
      </symbol>
      <symbol id="sm-e73">
         <name>__aeabi_errno_addr</name>
         <value>0xa1dd</value>
         <object_component_ref idref="oc-287"/>
      </symbol>
      <symbol id="sm-e74">
         <name>errno</name>
         <value>0x200001b8</value>
         <object_component_ref idref="oc-332"/>
      </symbol>
      <symbol id="sm-e87">
         <name>__stack</name>
         <value>0x2000fe00</value>
         <object_component_ref idref="oc-29"/>
      </symbol>
      <symbol id="sm-e88">
         <name>_c_int00_noargs</name>
         <value>0xa121</value>
         <object_component_ref idref="oc-55"/>
      </symbol>
      <symbol id="sm-e92">
         <name>__aeabi_idiv0</name>
         <value>0x96ef</value>
         <object_component_ref idref="oc-2fb"/>
      </symbol>
      <symbol id="sm-e93">
         <name>__aeabi_ldiv0</name>
         <value>0x96ef</value>
         <object_component_ref idref="oc-2fb"/>
      </symbol>
      <symbol id="sm-ebb">
         <name>__TI_auto_init_nobinit_nopinit</name>
         <value>0xa065</value>
         <object_component_ref idref="oc-e9"/>
      </symbol>
      <symbol id="sm-ec5">
         <name>_system_pre_init</name>
         <value>0xa1e5</value>
         <object_component_ref idref="oc-8d"/>
      </symbol>
      <symbol id="sm-ed1">
         <name>C$$EXIT</name>
         <value>0xa1e9</value>
         <object_component_ref idref="oc-dd"/>
      </symbol>
      <symbol id="sm-ed2">
         <name>abort</name>
         <value>0xa1e9</value>
         <object_component_ref idref="oc-dd"/>
      </symbol>
      <symbol id="sm-ed5">
         <name>__TI_static_base__</name>
         <value>0x0</value>
      </symbol>
      <symbol id="sm-ed8">
         <name>__mpu_init</name>
         <value>0x0</value>
      </symbol>
      <symbol id="sm-ed9">
         <name>_system_post_cinit</name>
         <value>0x0</value>
      </symbol>
      <symbol id="sm-eda">
         <name>NMI_Handler</name>
         <value>0xa1db</value>
      </symbol>
      <symbol id="sm-edb">
         <name>HardFault_Handler</name>
         <value>0xa1db</value>
      </symbol>
      <symbol id="sm-edc">
         <name>MemManage_Handler</name>
         <value>0xa1db</value>
      </symbol>
      <symbol id="sm-edd">
         <name>BusFault_Handler</name>
         <value>0xa1db</value>
      </symbol>
      <symbol id="sm-ede">
         <name>UsageFault_Handler</name>
         <value>0xa1db</value>
      </symbol>
      <symbol id="sm-edf">
         <name>SVC_Handler</name>
         <value>0xa1db</value>
      </symbol>
      <symbol id="sm-ee0">
         <name>DebugMon_Handler</name>
         <value>0xa1db</value>
      </symbol>
      <symbol id="sm-ee1">
         <name>PendSV_Handler</name>
         <value>0xa1db</value>
      </symbol>
      <symbol id="sm-ee2">
         <name>SysTick_Handler</name>
         <value>0xa1db</value>
      </symbol>
      <symbol id="sm-ee3">
         <name>PSS_IRQHandler</name>
         <value>0xa1db</value>
      </symbol>
      <symbol id="sm-ee4">
         <name>CS_IRQHandler</name>
         <value>0xa1db</value>
      </symbol>
      <symbol id="sm-ee5">
         <name>PCM_IRQHandler</name>
         <value>0xa1db</value>
      </symbol>
      <symbol id="sm-ee6">
         <name>WDT_A_IRQHandler</name>
         <value>0xa1db</value>
      </symbol>
      <symbol id="sm-ee7">
         <name>FPU_IRQHandler</name>
         <value>0xa1db</value>
      </symbol>
      <symbol id="sm-ee8">
         <name>FLCTL_IRQHandler</name>
         <value>0xa1db</value>
      </symbol>
      <symbol id="sm-ee9">
         <name>COMP_E0_IRQHandler</name>
         <value>0xa1db</value>
      </symbol>
      <symbol id="sm-eea">
         <name>COMP_E1_IRQHandler</name>
         <value>0xa1db</value>
      </symbol>
      <symbol id="sm-eeb">
         <name>TA0_0_IRQHandler</name>
         <value>0xa1db</value>
      </symbol>
      <symbol id="sm-eec">
         <name>TA0_N_IRQHandler</name>
         <value>0xa1db</value>
      </symbol>
      <symbol id="sm-eed">
         <name>TA1_0_IRQHandler</name>
         <value>0xa1db</value>
      </symbol>
      <symbol id="sm-eee">
         <name>TA1_N_IRQHandler</name>
         <value>0xa1db</value>
      </symbol>
      <symbol id="sm-eef">
         <name>TA2_0_IRQHandler</name>
         <value>0xa1db</value>
      </symbol>
      <symbol id="sm-ef0">
         <name>TA2_N_IRQHandler</name>
         <value>0xa1db</value>
      </symbol>
      <symbol id="sm-ef1">
         <name>TA3_0_IRQHandler</name>
         <value>0xa1db</value>
      </symbol>
      <symbol id="sm-ef2">
         <name>TA3_N_IRQHandler</name>
         <value>0xa1db</value>
      </symbol>
      <symbol id="sm-ef3">
         <name>EUSCIA0_IRQHandler</name>
         <value>0xa1db</value>
      </symbol>
      <symbol id="sm-ef4">
         <name>EUSCIA1_IRQHandler</name>
         <value>0xa1db</value>
      </symbol>
      <symbol id="sm-ef5">
         <name>EUSCIA2_IRQHandler</name>
         <value>0xa1db</value>
      </symbol>
      <symbol id="sm-ef6">
         <name>EUSCIA3_IRQHandler</name>
         <value>0xa1db</value>
      </symbol>
      <symbol id="sm-ef7">
         <name>EUSCIB0_IRQHandler</name>
         <value>0xa1db</value>
      </symbol>
      <symbol id="sm-ef8">
         <name>EUSCIB1_IRQHandler</name>
         <value>0xa1db</value>
      </symbol>
      <symbol id="sm-ef9">
         <name>EUSCIB2_IRQHandler</name>
         <value>0xa1db</value>
      </symbol>
      <symbol id="sm-efa">
         <name>EUSCIB3_IRQHandler</name>
         <value>0xa1db</value>
      </symbol>
      <symbol id="sm-efb">
         <name>ADC14_IRQHandler</name>
         <value>0xa1db</value>
      </symbol>
      <symbol id="sm-efc">
         <name>T32_INT1_IRQHandler</name>
         <value>0xa1db</value>
      </symbol>
      <symbol id="sm-efd">
         <name>T32_INT2_IRQHandler</name>
         <value>0xa1db</value>
      </symbol>
      <symbol id="sm-efe">
         <name>T32_INTC_IRQHandler</name>
         <value>0xa1db</value>
      </symbol>
      <symbol id="sm-eff">
         <name>AES256_IRQHandler</name>
         <value>0xa1db</value>
      </symbol>
      <symbol id="sm-f00">
         <name>RTC_C_IRQHandler</name>
         <value>0xa1db</value>
      </symbol>
      <symbol id="sm-f01">
         <name>DMA_ERR_IRQHandler</name>
         <value>0xa1db</value>
      </symbol>
      <symbol id="sm-f02">
         <name>DMA_INT3_IRQHandler</name>
         <value>0xa1db</value>
      </symbol>
      <symbol id="sm-f03">
         <name>DMA_INT2_IRQHandler</name>
         <value>0xa1db</value>
      </symbol>
      <symbol id="sm-f04">
         <name>DMA_INT1_IRQHandler</name>
         <value>0xa1db</value>
      </symbol>
      <symbol id="sm-f05">
         <name>DMA_INT0_IRQHandler</name>
         <value>0xa1db</value>
      </symbol>
      <symbol id="sm-f06">
         <name>PORT1_IRQHandler</name>
         <value>0xa1db</value>
      </symbol>
      <symbol id="sm-f07">
         <name>PORT2_IRQHandler</name>
         <value>0xa1db</value>
      </symbol>
      <symbol id="sm-f08">
         <name>PORT3_IRQHandler</name>
         <value>0xa1db</value>
      </symbol>
      <symbol id="sm-f09">
         <name>PORT4_IRQHandler</name>
         <value>0xa1db</value>
      </symbol>
      <symbol id="sm-f0a">
         <name>PORT5_IRQHandler</name>
         <value>0xa1db</value>
      </symbol>
      <symbol id="sm-f0b">
         <name>PORT6_IRQHandler</name>
         <value>0xa1db</value>
      </symbol>
   </symbol_table>
   <title>Link successful</title>
</link_info>
