******************************************************************************
                  TI ARM Linker PC v20.2.1                     
******************************************************************************
>> Linked Sat Oct  3 18:33:39 2020

OUTPUT FILE NAME:   <432oled.out>
ENTRY POINT SYMBOL: "_c_int00_noargs"  address: 00006421


MEMORY CONFIGURATION

         name            origin    length      used     unused   attr    fill
----------------------  --------  ---------  --------  --------  ----  --------
  MAIN                  00000000   00040000  00007384  00038c7c  R  X
  INFO                  00200000   00004000  00000000  00004000  R  X
  SRAM_CODE             01000000   00010000  00000738  0000f8c8  RW X
  SRAM_DATA             20000000   00010000  00000738  0000f8c8  RW  


SEGMENT ALLOCATION MAP

run origin  load origin   length   init length attrs members
----------  ----------- ---------- ----------- ----- -------
00000000    00000000    00007388   00007388    r-x
  00000000    00000000    000000e4   000000e4    r-- .intvecs
  000000e4    000000e4    0000647c   0000647c    r-x .text
  00006560    00006560    00000dac   00000dac    r-- .const
  00007310    00007310    00000078   00000078    r-- .cinit
20000000    20000000    00000538   00000000    rw-
  20000000    20000000    000000e4   00000000    rw- .vtable
  200000e4    200000e4    00000408   00000000    rw- .bss
  200004ec    200004ec    0000004c   00000000    rw- .data
2000fe00    2000fe00    00000200   00000000    rw-
  2000fe00    2000fe00    00000200   00000000    rw- .stack


SECTION ALLOCATION MAP

 output                                  attributes/
section   page    origin      length       input sections
--------  ----  ----------  ----------   ----------------
.intvecs   0    00000000    000000e4     
                  00000000    000000e4     startup_msp432p401r_ccs.obj (.intvecs:retain)

.text      0    000000e4    0000647c     
                  000000e4    00001598     flash.obj (.text)
                  0000167c    00000d7c     cs.obj (.text)
                  000023f8    00000a4e     rtsv7M4_T_le_v4SPD16_eabi.lib : _printfi.c.obj (.text:__TI_printfi)
                  00002e46    00000002                                   : div0.asm.obj (.text)
                  00002e48    00000a34     oled_i2c.obj (.text)
                  0000387c    00000838     pcm.obj (.text)
                  000040b4    00000508     rtc_c.obj (.text)
                  000045bc    000003f0     interrupt.obj (.text)
                  000049ac    00000334     system_msp432p401r.obj (.text)
                  00004ce0    00000270     rtsv7M4_T_le_v4SPD16_eabi.lib : _printfi.c.obj (.text:_pconv_a)
                  00004f50    00000244     sysctl.obj (.text)
                  00005194    000001d0     rtsv7M4_T_le_v4SPD16_eabi.lib : _printfi.c.obj (.text:_pconv_g)
                  00005364    000001b6                                   : fd_add_t2.asm.obj (.text)
                  0000551a    00000002     --HOLE-- [fill = 0]
                  0000551c    0000013c                                   : _printfi.c.obj (.text:_pconv_e)
                  00005658    00000136                                   : fd_div_t2.asm.obj (.text)
                  0000578e    00000002     --HOLE-- [fill = 0]
                  00005790    00000124                                   : _printfi.c.obj (.text:fcvt)
                  000058b4    00000110                                   : s_scalbn.c.obj (.text:scalbn)
                  000059c4    000000fc                                   : fd_mul_t2.asm.obj (.text)
                  00005ac0    000000dc     delay.obj (.text)
                  00005b9c    000000d8     wdt_a.obj (.text)
                  00005c74    000000b1     rtsv7M4_T_le_v4SPD16_eabi.lib : _printfi.c.obj (.text:_ltostr)
                  00005d25    00000001     --HOLE-- [fill = 0]
                  00005d26    0000009c                                   : memcpy_t2.asm.obj (.text)
                  00005dc2    00000096                                   : ull_div_t2.asm.obj (.text)
                  00005e58    00000086                                   : fd_cmp_t2.asm.obj (.text:__aeabi_cdcmple)
                  00005ede    00000086                                   : fd_cmp_t2.asm.obj (.text:__aeabi_cdrcmple)
                  00005f64    0000007a                                   : memset_t2.asm.obj (.text)
                  00005fde    00000002     --HOLE-- [fill = 0]
                  00005fe0    00000074     systick.obj (.text)
                  00006054    0000006e     rtsv7M4_T_le_v4SPD16_eabi.lib : _printfi.c.obj (.text:_mcpy)
                  000060c2    00000068                                   : copy_decompress_lzss.c.obj (.text:decompress:lzss:__TI_decompress_lzss)
                  0000612a    00000002     --HOLE-- [fill = 0]
                  0000612c    00000064                                   : s_frexp.c.obj (.text:frexp)
                  00006190    00000056                                   : _printfi.c.obj (.text:_pconv_f)
                  000061e6    00000054                                   : _ltoa.c.obj (.text:__TI_ltoa)
                  0000623a    00000052                                   : _printfi.c.obj (.text:_ecpy)
                  0000628c    0000004c                                   : atoi.c.obj (.text:atoi)
                  000062d8    00000048                                   : fd_toi_t2.asm.obj (.text)
                  00006320    00000044                                   : autoinit.c.obj (.text:__TI_auto_init_nobinit_nopinit:__TI_auto_init_nobinit_nopinit)
                  00006364    00000040                                   : sprintf.c.obj (.text:sprintf)
                  000063a4    0000003e                                   : _printfi.c.obj (.text:_fcpy)
                  000063e2    0000003e     cpu.obj (.text)
                  00006420    00000034     rtsv7M4_T_le_v4SPD16_eabi.lib : boot_cortex_m.c.obj (.text:_c_int00_noargs:_c_int00_noargs)
                  00006454    0000002e                                   : i_tofd_t2.asm.obj (.text)
                  00006482    0000001c                                   : memccpy.c.obj (.text:memccpy)
                  0000649e    0000001a                                   : s_copysign.c.obj (.text:copysign)
                  000064b8    00000018                                   : sprintf.c.obj (.text:_outs)
                  000064d0    00000016                                   : strchr.c.obj (.text:strchr)
                  000064e6    00000014                                   : strlen.c.obj (.text:strlen)
                  000064fa    00000012                                   : wcslen.c.obj (.text:wcslen)
                  0000650c    00000010     main.obj (.text)
                  0000651c    0000000e     rtsv7M4_T_le_v4SPD16_eabi.lib : copy_decompress_none.c.obj (.text:decompress:none:__TI_decompress_none)
                  0000652a    0000000e     startup_msp432p401r_ccs.obj (.text)
                  00006538    0000000c     rtsv7M4_T_le_v4SPD16_eabi.lib : copy_zero_init.c.obj (.text:decompress:ZI:__TI_zero_init)
                  00006544    0000000a                                   : sprintf.c.obj (.text:_outc)
                  0000654e    00000002     --HOLE-- [fill = 0]
                  00006550    00000008                                   : errno.c.obj (.text:__aeabi_errno_addr)
                  00006558    00000004                                   : pre_init.c.obj (.text:_system_pre_init)
                  0000655c    00000004                                   : exit.c.obj (.text:abort:abort)

.const     0    00006560    00000dac     
                  00006560    000005f0     oled_i2c.obj (.const:.string:F8X16)
                  00006b50    00000400     oled_i2c.obj (.const:.string:F16x16)
                  00006f50    00000228     oled_i2c.obj (.const:F6x8)
                  00007178    00000101     rtsv7M4_T_le_v4SPD16_eabi.lib : ctype.c.obj (.const:.string:_ctypes_)
                  00007279    00000003     --HOLE-- [fill = 0]
                  0000727c    00000050     interrupt.obj (.const:g_pulRegs)
                  000072cc    00000020     interrupt.obj (.const:g_pulPriority)
                  000072ec    00000008     interrupt.obj (.const:g_pulDisRegs)
                  000072f4    00000008     interrupt.obj (.const:g_pulEnRegs)
                  000072fc    00000008     interrupt.obj (.const:g_pulPendRegs)
                  00007304    00000008     interrupt.obj (.const:g_pulUnpendRegs)

.cinit     0    00007310    00000078     
                  00007310    00000043     (.cinit..data.load) [load image, compression = lzss]
                  00007353    00000001     --HOLE-- [fill = 0]
                  00007354    0000000c     (__TI_handler_table)
                  00007360    00000008     (.cinit..bss.load) [load image, compression = zero_init]
                  00007368    00000008     (.cinit..vtable.load) [load image, compression = zero_init]
                  00007370    00000018     (__TI_cinit_table)

.init_array 
*          0    00000000    00000000     UNINITIALIZED

.binit     0    00000000    00000000     

.vtable    0    20000000    000000e4     UNINITIALIZED
                  20000000    000000e4     interrupt.obj (.vtable)

.bss       0    200000e4    00000408     UNINITIALIZED
                  200000e4    00000400     (.common:OLED_GRAM)
                  200004e4    00000008     cs.obj (.bss)

.data      0    200004ec    0000004c     UNINITIALIZED
                  200004ec    00000040     flash.obj (.data:__getBurstProgramRegs)
                  2000052c    00000004     delay.obj (.data)
                  20000530    00000004     rtsv7M4_T_le_v4SPD16_eabi.lib : errno.c.obj (.data)
                  20000534    00000004     system_msp432p401r.obj (.data)

.stack     0    2000fe00    00000200     UNINITIALIZED
                  2000fe00    00000004     rtsv7M4_T_le_v4SPD16_eabi.lib : boot_cortex_m.c.obj (.stack)
                  2000fe04    000001fc     --HOLE--

__llvm_prf_cnts 
*          0    20000000    00000000     UNINITIALIZED

MODULE SUMMARY

       Module                        code    ro data   rw data
       ------                        ----    -------   -------
    .\
       system_msp432p401r.obj        820     0         8      
       startup_msp432p401r_ccs.obj   14      228       0      
       main.obj                      16      0         0      
    +--+-----------------------------+-------+---------+---------+
       Total:                        850     228       8      
                                                              
    .\delay\
       delay.obj                     220     0         8      
    +--+-----------------------------+-------+---------+---------+
       Total:                        220     0         8      
                                                              
    .\driverlib\MSP432P4xx\
       flash.obj                     5528    0         128    
       cs.obj                        3452    0         16     
       pcm.obj                       2104    0         0      
       interrupt.obj                 1008    144       456    
       rtc_c.obj                     1288    0         0      
       sysctl.obj                    580     0         0      
       wdt_a.obj                     216     0         0      
       systick.obj                   116     0         0      
       cpu.obj                       62      0         0      
    +--+-----------------------------+-------+---------+---------+
       Total:                        14354   144       600    
                                                              
    .\oled\
       oled_i2c.obj                  2612    3096      2048   
    +--+-----------------------------+-------+---------+---------+
       Total:                        2612    3096      2048   
                                                              
    D:\ccs\tools\compiler\ti-cgt-arm_20.2.1.LTS\lib\rtsv7M4_T_le_v4SPD16_eabi.lib
       _printfi.c.obj                4851    0         0      
       fd_add_t2.asm.obj             438     0         0      
       fd_div_t2.asm.obj             310     0         0      
       s_scalbn.c.obj                272     0         0      
       fd_cmp_t2.asm.obj             268     0         0      
       ctype.c.obj                   0       257       0      
       fd_mul_t2.asm.obj             252     0         0      
       memcpy_t2.asm.obj             156     0         0      
       ull_div_t2.asm.obj            150     0         0      
       memset_t2.asm.obj             122     0         0      
       copy_decompress_lzss.c.obj    104     0         0      
       s_frexp.c.obj                 100     0         0      
       sprintf.c.obj                 98      0         0      
       _ltoa.c.obj                   84      0         0      
       atoi.c.obj                    76      0         0      
       fd_toi_t2.asm.obj             72      0         0      
       autoinit.c.obj                68      0         0      
       boot_cortex_m.c.obj           52      0         0      
       i_tofd_t2.asm.obj             46      0         0      
       memccpy.c.obj                 28      0         0      
       s_copysign.c.obj              26      0         0      
       strchr.c.obj                  22      0         0      
       strlen.c.obj                  20      0         0      
       wcslen.c.obj                  18      0         0      
       errno.c.obj                   8       0         8      
       copy_decompress_none.c.obj    14      0         0      
       copy_zero_init.c.obj          12      0         0      
       exit.c.obj                    4       0         0      
       pre_init.c.obj                4       0         0      
       div0.asm.obj                  2       0         0      
    +--+-----------------------------+-------+---------+---------+
       Total:                        7677    257       8      
                                                              
       Stack:                        0       0         1024   
       Linker Generated:             0       119       0      
    +--+-----------------------------+-------+---------+---------+
       Grand Total:                  25713   3844      3696   


LINKER GENERATED COPY TABLES

__TI_cinit_table @ 00007370 records: 3, size/record: 8, table size: 24
	.data: load addr=00007310, load size=00000043 bytes, run addr=200004ec, run size=0000004c bytes, compression=lzss
	.bss: load addr=00007360, load size=00000008 bytes, run addr=200000e4, run size=00000408 bytes, compression=zero_init
	.vtable: load addr=00007368, load size=00000008 bytes, run addr=20000000, run size=000000e4 bytes, compression=zero_init


LINKER GENERATED HANDLER TABLE

__TI_handler_table @ 00007354 records: 3, size/record: 4, table size: 12
	index: 0, handler: __TI_zero_init
	index: 1, handler: __TI_decompress_lzss
	index: 2, handler: __TI_decompress_none


GLOBAL SYMBOLS: SORTED ALPHABETICALLY BY Name 

address   name                                   
-------   ----                                   
00006537  ADC14_IRQHandler                       
00006537  AES256_IRQHandler                      
00006537  BusFault_Handler                       
0000655d  C$$EXIT                                
00006537  COMP_E0_IRQHandler                     
00006537  COMP_E1_IRQHandler                     
00006417  CPU_basepriGet                         
00006409  CPU_basepriSet                         
000063e3  CPU_cpsid                              
000063f9  CPU_cpsie                              
000063ef  CPU_primask                            
00006405  CPU_wfi                                
00006537  CS_IRQHandler                          
0000237d  CS_clearInterruptFlag                  
00001c25  CS_disableClockRequest                 
00001d0b  CS_disableDCOExternalResistor          
00002251  CS_disableFaultCounter                 
0000233b  CS_disableInterrupt                    
00001bfd  CS_enableClockRequest                  
00001c6d  CS_enableDCOExternalResistor           
00002225  CS_enableFaultCounter                  
00002319  CS_enableInterrupt                     
000021bd  CS_getACLK                             
0000217d  CS_getBCLK                             
00001e05  CS_getDCOFrequency                     
00002363  CS_getEnabledInterruptStatus           
00002199  CS_getHSMCLK                           
0000235d  CS_getInterruptStatus                  
00002203  CS_getMCLK                             
000021e1  CS_getSMCLK                            
0000191d  CS_initClockSignal                     
0000239f  CS_registerInterrupt                   
0000227d  CS_resetFaultCounter                   
00001d29  CS_setDCOCenteredFrequency             
00001c95  CS_setDCOExternalResistorCalibration   
00001fa5  CS_setDCOFrequency                     
000018e1  CS_setExternalClockSourceFrequency     
00001c47  CS_setReferenceOscillatorFrequency     
000022c9  CS_startFaultCounter                   
00001a21  CS_startHFXT                           
00001a45  CS_startHFXTWithTimeout                
00001b09  CS_startLFXT                           
00001b2d  CS_startLFXTWithTimeout                
00001d61  CS_tuneDCOFrequency                    
000023b3  CS_unregisterInterrupt                 
00006537  DMA_ERR_IRQHandler                     
00006537  DMA_INT0_IRQHandler                    
00006537  DMA_INT1_IRQHandler                    
00006537  DMA_INT2_IRQHandler                    
00006537  DMA_INT3_IRQHandler                    
00006537  DebugMon_Handler                       
00006537  Default_Handler                        
000031a9  Draw_BMP                               
00006537  EUSCIA0_IRQHandler                     
00006537  EUSCIA1_IRQHandler                     
00006537  EUSCIA2_IRQHandler                     
00006537  EUSCIA3_IRQHandler                     
00006537  EUSCIB0_IRQHandler                     
00006537  EUSCIB1_IRQHandler                     
00006537  EUSCIB2_IRQHandler                     
00006537  EUSCIB3_IRQHandler                     
00006b50  F16x16                                 
00006f50  F6x8                                   
00006560  F8X16                                  
00006537  FLCTL_IRQHandler                       
00006537  FPU_IRQHandler                         
0000112b  FlashCtl_clearInterruptFlag            
00000fef  FlashCtl_clearProgramVerification      
00001101  FlashCtl_disableInterrupt              
00000661  FlashCtl_disableReadBuffering          
00001059  FlashCtl_disableWordProgramming        
000010ed  FlashCtl_enableInterrupt               
0000060d  FlashCtl_enableReadBuffering           
00001029  FlashCtl_enableWordProgramming         
00000c8d  FlashCtl_eraseSector                   
0000111b  FlashCtl_getEnabledInterruptStatus     
00001115  FlashCtl_getInterruptStatus            
0000028f  FlashCtl_getMemoryInfo                 
00000af1  FlashCtl_getReadMode                   
000010bf  FlashCtl_getWaitState                  
00000b1b  FlashCtl_initiateMassErase             
00000db1  FlashCtl_initiateSectorErase           
00000791  FlashCtl_isSectorProtected             
00001061  FlashCtl_isWordProgrammingEnabled      
00000b41  FlashCtl_performMassErase              
00000e49  FlashCtl_programMemory                 
00000731  FlashCtl_protectSector                 
0000113f  FlashCtl_registerInterrupt             
00000fb5  FlashCtl_setProgramVerification        
00000a85  FlashCtl_setReadMode                   
00001081  FlashCtl_setWaitState                  
000006c1  FlashCtl_unprotectSector               
00001153  FlashCtl_unregisterInterrupt           
0000081d  FlashCtl_verifyMemory                  
00006537  HardFault_Handler                      
00003205  I2C_OLED_Init                          
00002f41  I2C_RecvACK_OLED                       
0000301b  I2C_RecvByte_OLED                      
00002ee7  I2C_SendACK_OLED                       
00002f93  I2C_SendByte_OLED                      
00002e95  I2C_Stop_OLED                          
00002e49  I2C_start_OLED                         
0000477f  Interrupt_disableInterrupt             
000045cf  Interrupt_disableMaster                
0000497d  Interrupt_disableSleepOnIsrExit        
0000470d  Interrupt_enableInterrupt              
000045bf  Interrupt_enableMaster                 
0000496b  Interrupt_enableSleepOnIsrExit         
000046e7  Interrupt_getPriority                  
0000465f  Interrupt_getPriorityGrouping          
0000494b  Interrupt_getPriorityMask              
00004965  Interrupt_getVectorTableAddress        
000047f1  Interrupt_isEnabled                    
0000487d  Interrupt_pendInterrupt                
000045df  Interrupt_registerInterrupt            
00004697  Interrupt_setPriority                  
00004645  Interrupt_setPriorityGrouping          
0000493b  Interrupt_setPriorityMask              
00004955  Interrupt_setVectorTableAddress        
000048ed  Interrupt_unpendInterrupt              
00004631  Interrupt_unregisterInterrupt          
00006537  MemManage_Handler                      
00006537  NMI_Handler                            
0000312d  OLED_All                               
00003195  OLED_CLC                               
000032a9  OLED_DrawPoint                         
00003345  OLED_Fill                              
200000e4  OLED_GRAM                              
000035a9  OLED_P16x16Ch                          
0000340f  OLED_P6x8Str                           
000034bb  OLED_P8x16Str                          
000033ad  OLED_Refresh_Gram                      
000030f3  OLED_Set_Pos                           
000030cf  OLED_WRITE_COM                         
000030e1  OLED_WRITE_dat                         
00006537  PCM_IRQHandler                         
00004057  PCM_clearInterruptFlag                 
0000402d  PCM_disableInterrupt                   
00004005  PCM_disableRudeMode                    
00004019  PCM_enableInterrupt                    
00003ff3  PCM_enableRudeMode                     
000039ff  PCM_getCoreVoltageLevel                
00004047  PCM_getEnabledInterruptStatus          
00004041  PCM_getInterruptStatus                 
000039a5  PCM_getPowerMode                       
00003fe7  PCM_getPowerState                      
00003f19  PCM_gotoLPM0                           
00003f37  PCM_gotoLPM0InterruptSafe              
00003f53  PCM_gotoLPM3                           
00003fcb  PCM_gotoLPM3InterruptSafe              
00003eed  PCM_gotoLPM4                           
00003efd  PCM_gotoLPM4InterruptSafe              
0000406b  PCM_registerInterrupt                  
00003973  PCM_setCoreVoltageLevel                
00003995  PCM_setCoreVoltageLevelNonBlocking     
00003983  PCM_setCoreVoltageLevelWithTimeout     
00003ba5  PCM_setPowerMode                       
00003bb5  PCM_setPowerModeNonBlocking            
00003bc5  PCM_setPowerModeWithTimeout            
00003e77  PCM_setPowerState                      
00003e99  PCM_setPowerStateNonBlocking           
00003e87  PCM_setPowerStateWithTimeout           
00003ea9  PCM_shutdownDevice                     
0000407f  PCM_unregisterInterrupt                
00006537  PORT1_IRQHandler                       
00006537  PORT2_IRQHandler                       
00006537  PORT3_IRQHandler                       
00006537  PORT4_IRQHandler                       
00006537  PORT5_IRQHandler                       
00006537  PORT6_IRQHandler                       
00006537  PSS_IRQHandler                         
00006537  PendSV_Handler                         
00006537  RTC_C_IRQHandler                       
00004511  RTC_C_clearInterruptFlag               
0000435b  RTC_C_convertBCDToBinary               
00004373  RTC_C_convertBinaryToBCD               
000042b7  RTC_C_definePrescaleEvent              
000043e1  RTC_C_disableInterrupt                 
0000438b  RTC_C_enableInterrupt                  
000041e9  RTC_C_getCalendarTime                  
000044b1  RTC_C_getEnabledInterruptStatus        
00004449  RTC_C_getInterruptStatus               
000042df  RTC_C_getPrescaleValue                 
000040d3  RTC_C_holdClock                        
00004177  RTC_C_initCalendar                     
00004557  RTC_C_registerInterrupt                
0000424f  RTC_C_setCalendarAlarm                 
00004287  RTC_C_setCalendarEvent                 
00004121  RTC_C_setCalibrationData               
000040f1  RTC_C_setCalibrationFrequency          
0000430b  RTC_C_setPrescaleValue                 
0000414d  RTC_C_setTemperatureCompensation       
000040b5  RTC_C_startClock                       
00004575  RTC_C_unregisterInterrupt              
0000652b  Reset_Handler                          
00006537  SVC_Handler                            
000030a5  Single_Write_OLED                      
00005143  SysCtl_disableGlitchFilter             
00004fd3  SysCtl_disableNMISource                
000050db  SysCtl_disablePeripheralAtCPUHalt      
0000501d  SysCtl_disableSRAMBank                 
000050a1  SysCtl_disableSRAMBankRetention        
00005137  SysCtl_enableGlitchFilter              
00004fe7  SysCtl_enableNMISource                 
000050c7  SysCtl_enablePeripheralAtCPUHalt       
00005001  SysCtl_enableSRAMBank                  
00005085  SysCtl_enableSRAMBankRetention         
00004fcd  SysCtl_getFlashSize                    
00004ffb  SysCtl_getNMISourceStatus              
00004fc7  SysCtl_getSRAMSize                     
00004f51  SysCtl_getTLVInfo                      
0000514f  SysCtl_getTempCalibrationConstant      
000050bd  SysCtl_rebootDevice                    
00005113  SysCtl_setWDTPasswordViolationResetType
000050ef  SysCtl_setWDTTimeoutResetType          
00006537  SysTick_Handler                        
0000601d  SysTick_disableInterrupt               
00005fed  SysTick_disableModule                  
00006011  SysTick_enableInterrupt                
00005fe1  SysTick_enableModule                   
0000603b  SysTick_getPeriod                      
00006043  SysTick_getValue                       
00005ff9  SysTick_registerInterrupt              
00006029  SysTick_setPeriod                      
00006007  SysTick_unregisterInterrupt            
20000534  SystemCoreClock                        
000049ad  SystemCoreClockUpdate                  
00004c25  SystemInit                             
00006537  T32_INT1_IRQHandler                    
00006537  T32_INT2_IRQHandler                    
00006537  T32_INTC_IRQHandler                    
00006537  TA0_0_IRQHandler                       
00006537  TA0_N_IRQHandler                       
00006537  TA1_0_IRQHandler                       
00006537  TA1_N_IRQHandler                       
00006537  TA2_0_IRQHandler                       
00006537  TA2_N_IRQHandler                       
00006537  TA3_0_IRQHandler                       
00006537  TA3_N_IRQHandler                       
00006537  UsageFault_Handler                     
4000480c  WDTCTL_SYM                             
00006537  WDT_A_IRQHandler                       
00005bdd  WDT_A_clearTimer                       
00005b9d  WDT_A_holdTimer                        
00005c19  WDT_A_initIntervalTimer                
00005bfd  WDT_A_initWatchdogTimer                
00005c4d  WDT_A_registerInterrupt                
00005c35  WDT_A_setPasswordViolationReset        
00005c41  WDT_A_setTimeoutReset                  
00005bbd  WDT_A_startTimer                       
00005c61  WDT_A_unregisterInterrupt              
00001557  __FlashCtl_remaskBurstDataPost         
0000143d  __FlashCtl_remaskBurstDataPre          
00001281  __FlashCtl_remaskData32Post            
00001365  __FlashCtl_remaskData32Pre             
00001163  __FlashCtl_remaskData8Post             
000011e3  __FlashCtl_remaskData8Pre              
20010000  __STACK_END                            
00000200  __STACK_SIZE                           
00007370  __TI_CINIT_Base                        
00007388  __TI_CINIT_Limit                       
00007354  __TI_Handler_Table_Base                
00007360  __TI_Handler_Table_Limit               
00006321  __TI_auto_init_nobinit_nopinit         
000060c3  __TI_decompress_lzss                   
0000651d  __TI_decompress_none                   
000061e7  __TI_ltoa                              
ffffffff  __TI_pprof_out_hndl                    
000023f9  __TI_printfi                           
ffffffff  __TI_prof_data_size                    
ffffffff  __TI_prof_data_start                   
00000000  __TI_static_base__                     
00006539  __TI_zero_init                         
00005e59  __aeabi_cdcmpeq                        
00005e59  __aeabi_cdcmple                        
00005edf  __aeabi_cdrcmple                       
000062d9  __aeabi_d2iz                           
0000536f  __aeabi_dadd                           
00005659  __aeabi_ddiv                           
000059c5  __aeabi_dmul                           
00005365  __aeabi_dsub                           
00006551  __aeabi_errno_addr                     
00006455  __aeabi_i2d                            
00002e47  __aeabi_idiv0                          
00002e47  __aeabi_ldiv0                          
00005f65  __aeabi_memclr                         
00005f65  __aeabi_memclr4                        
00005f65  __aeabi_memclr8                        
00005d27  __aeabi_memcpy                         
00005d27  __aeabi_memcpy4                        
00005d27  __aeabi_memcpy8                        
00005f67  __aeabi_memset                         
00005f67  __aeabi_memset4                        
00005f67  __aeabi_memset8                        
00005dc3  __aeabi_uldivmod                       
ffffffff  __binit__                              
ffffffff  __c_args__                             
UNDEFED   __mpu_init                             
2000fe00  __stack                                
20000000  __start___llvm_prf_cnts                
20000000  __stop___llvm_prf_cnts                 
00006421  _c_int00_noargs                        
00007178  _ctypes_                               
UNDEFED   _system_post_cinit                     
00006559  _system_pre_init                       
0000655d  abort                                  
0000628d  atoi                                   
ffffffff  binit                                  
0000649f  copysign                               
0000649f  copysignl                              
00003655  decimal                                
000036c9  decimal_show                           
00005ac1  delay_init                             
00005b0b  delay_ms                               
00005b47  delay_us                               
20000530  errno                                  
0000612d  frexp                                  
0000612d  frexpl                                 
20000000  g_pfnRAMVectors                        
00000000  interruptVectors                       
000058b5  ldexp                                  
000058b5  ldexpl                                 
0000650d  main                                   
00006483  memccpy                                
00005d27  memcpy                                 
00005f6d  memset                                 
000058b5  scalbn                                 
000058b5  scalbnl                                
00006365  sprintf                                
000064d1  strchr                                 
000064e7  strlen                                 
000064fb  wcslen                                 


GLOBAL SYMBOLS: SORTED BY Symbol Address 

address   name                                   
-------   ----                                   
00000000  __TI_static_base__                     
00000000  interruptVectors                       
00000200  __STACK_SIZE                           
0000028f  FlashCtl_getMemoryInfo                 
0000060d  FlashCtl_enableReadBuffering           
00000661  FlashCtl_disableReadBuffering          
000006c1  FlashCtl_unprotectSector               
00000731  FlashCtl_protectSector                 
00000791  FlashCtl_isSectorProtected             
0000081d  FlashCtl_verifyMemory                  
00000a85  FlashCtl_setReadMode                   
00000af1  FlashCtl_getReadMode                   
00000b1b  FlashCtl_initiateMassErase             
00000b41  FlashCtl_performMassErase              
00000c8d  FlashCtl_eraseSector                   
00000db1  FlashCtl_initiateSectorErase           
00000e49  FlashCtl_programMemory                 
00000fb5  FlashCtl_setProgramVerification        
00000fef  FlashCtl_clearProgramVerification      
00001029  FlashCtl_enableWordProgramming         
00001059  FlashCtl_disableWordProgramming        
00001061  FlashCtl_isWordProgrammingEnabled      
00001081  FlashCtl_setWaitState                  
000010bf  FlashCtl_getWaitState                  
000010ed  FlashCtl_enableInterrupt               
00001101  FlashCtl_disableInterrupt              
00001115  FlashCtl_getInterruptStatus            
0000111b  FlashCtl_getEnabledInterruptStatus     
0000112b  FlashCtl_clearInterruptFlag            
0000113f  FlashCtl_registerInterrupt             
00001153  FlashCtl_unregisterInterrupt           
00001163  __FlashCtl_remaskData8Post             
000011e3  __FlashCtl_remaskData8Pre              
00001281  __FlashCtl_remaskData32Post            
00001365  __FlashCtl_remaskData32Pre             
0000143d  __FlashCtl_remaskBurstDataPre          
00001557  __FlashCtl_remaskBurstDataPost         
000018e1  CS_setExternalClockSourceFrequency     
0000191d  CS_initClockSignal                     
00001a21  CS_startHFXT                           
00001a45  CS_startHFXTWithTimeout                
00001b09  CS_startLFXT                           
00001b2d  CS_startLFXTWithTimeout                
00001bfd  CS_enableClockRequest                  
00001c25  CS_disableClockRequest                 
00001c47  CS_setReferenceOscillatorFrequency     
00001c6d  CS_enableDCOExternalResistor           
00001c95  CS_setDCOExternalResistorCalibration   
00001d0b  CS_disableDCOExternalResistor          
00001d29  CS_setDCOCenteredFrequency             
00001d61  CS_tuneDCOFrequency                    
00001e05  CS_getDCOFrequency                     
00001fa5  CS_setDCOFrequency                     
0000217d  CS_getBCLK                             
00002199  CS_getHSMCLK                           
000021bd  CS_getACLK                             
000021e1  CS_getSMCLK                            
00002203  CS_getMCLK                             
00002225  CS_enableFaultCounter                  
00002251  CS_disableFaultCounter                 
0000227d  CS_resetFaultCounter                   
000022c9  CS_startFaultCounter                   
00002319  CS_enableInterrupt                     
0000233b  CS_disableInterrupt                    
0000235d  CS_getInterruptStatus                  
00002363  CS_getEnabledInterruptStatus           
0000237d  CS_clearInterruptFlag                  
0000239f  CS_registerInterrupt                   
000023b3  CS_unregisterInterrupt                 
000023f9  __TI_printfi                           
00002e47  __aeabi_idiv0                          
00002e47  __aeabi_ldiv0                          
00002e49  I2C_start_OLED                         
00002e95  I2C_Stop_OLED                          
00002ee7  I2C_SendACK_OLED                       
00002f41  I2C_RecvACK_OLED                       
00002f93  I2C_SendByte_OLED                      
0000301b  I2C_RecvByte_OLED                      
000030a5  Single_Write_OLED                      
000030cf  OLED_WRITE_COM                         
000030e1  OLED_WRITE_dat                         
000030f3  OLED_Set_Pos                           
0000312d  OLED_All                               
00003195  OLED_CLC                               
000031a9  Draw_BMP                               
00003205  I2C_OLED_Init                          
000032a9  OLED_DrawPoint                         
00003345  OLED_Fill                              
000033ad  OLED_Refresh_Gram                      
0000340f  OLED_P6x8Str                           
000034bb  OLED_P8x16Str                          
000035a9  OLED_P16x16Ch                          
00003655  decimal                                
000036c9  decimal_show                           
00003973  PCM_setCoreVoltageLevel                
00003983  PCM_setCoreVoltageLevelWithTimeout     
00003995  PCM_setCoreVoltageLevelNonBlocking     
000039a5  PCM_getPowerMode                       
000039ff  PCM_getCoreVoltageLevel                
00003ba5  PCM_setPowerMode                       
00003bb5  PCM_setPowerModeNonBlocking            
00003bc5  PCM_setPowerModeWithTimeout            
00003e77  PCM_setPowerState                      
00003e87  PCM_setPowerStateWithTimeout           
00003e99  PCM_setPowerStateNonBlocking           
00003ea9  PCM_shutdownDevice                     
00003eed  PCM_gotoLPM4                           
00003efd  PCM_gotoLPM4InterruptSafe              
00003f19  PCM_gotoLPM0                           
00003f37  PCM_gotoLPM0InterruptSafe              
00003f53  PCM_gotoLPM3                           
00003fcb  PCM_gotoLPM3InterruptSafe              
00003fe7  PCM_getPowerState                      
00003ff3  PCM_enableRudeMode                     
00004005  PCM_disableRudeMode                    
00004019  PCM_enableInterrupt                    
0000402d  PCM_disableInterrupt                   
00004041  PCM_getInterruptStatus                 
00004047  PCM_getEnabledInterruptStatus          
00004057  PCM_clearInterruptFlag                 
0000406b  PCM_registerInterrupt                  
0000407f  PCM_unregisterInterrupt                
000040b5  RTC_C_startClock                       
000040d3  RTC_C_holdClock                        
000040f1  RTC_C_setCalibrationFrequency          
00004121  RTC_C_setCalibrationData               
0000414d  RTC_C_setTemperatureCompensation       
00004177  RTC_C_initCalendar                     
000041e9  RTC_C_getCalendarTime                  
0000424f  RTC_C_setCalendarAlarm                 
00004287  RTC_C_setCalendarEvent                 
000042b7  RTC_C_definePrescaleEvent              
000042df  RTC_C_getPrescaleValue                 
0000430b  RTC_C_setPrescaleValue                 
0000435b  RTC_C_convertBCDToBinary               
00004373  RTC_C_convertBinaryToBCD               
0000438b  RTC_C_enableInterrupt                  
000043e1  RTC_C_disableInterrupt                 
00004449  RTC_C_getInterruptStatus               
000044b1  RTC_C_getEnabledInterruptStatus        
00004511  RTC_C_clearInterruptFlag               
00004557  RTC_C_registerInterrupt                
00004575  RTC_C_unregisterInterrupt              
000045bf  Interrupt_enableMaster                 
000045cf  Interrupt_disableMaster                
000045df  Interrupt_registerInterrupt            
00004631  Interrupt_unregisterInterrupt          
00004645  Interrupt_setPriorityGrouping          
0000465f  Interrupt_getPriorityGrouping          
00004697  Interrupt_setPriority                  
000046e7  Interrupt_getPriority                  
0000470d  Interrupt_enableInterrupt              
0000477f  Interrupt_disableInterrupt             
000047f1  Interrupt_isEnabled                    
0000487d  Interrupt_pendInterrupt                
000048ed  Interrupt_unpendInterrupt              
0000493b  Interrupt_setPriorityMask              
0000494b  Interrupt_getPriorityMask              
00004955  Interrupt_setVectorTableAddress        
00004965  Interrupt_getVectorTableAddress        
0000496b  Interrupt_enableSleepOnIsrExit         
0000497d  Interrupt_disableSleepOnIsrExit        
000049ad  SystemCoreClockUpdate                  
00004c25  SystemInit                             
00004f51  SysCtl_getTLVInfo                      
00004fc7  SysCtl_getSRAMSize                     
00004fcd  SysCtl_getFlashSize                    
00004fd3  SysCtl_disableNMISource                
00004fe7  SysCtl_enableNMISource                 
00004ffb  SysCtl_getNMISourceStatus              
00005001  SysCtl_enableSRAMBank                  
0000501d  SysCtl_disableSRAMBank                 
00005085  SysCtl_enableSRAMBankRetention         
000050a1  SysCtl_disableSRAMBankRetention        
000050bd  SysCtl_rebootDevice                    
000050c7  SysCtl_enablePeripheralAtCPUHalt       
000050db  SysCtl_disablePeripheralAtCPUHalt      
000050ef  SysCtl_setWDTTimeoutResetType          
00005113  SysCtl_setWDTPasswordViolationResetType
00005137  SysCtl_enableGlitchFilter              
00005143  SysCtl_disableGlitchFilter             
0000514f  SysCtl_getTempCalibrationConstant      
00005365  __aeabi_dsub                           
0000536f  __aeabi_dadd                           
00005659  __aeabi_ddiv                           
000058b5  ldexp                                  
000058b5  ldexpl                                 
000058b5  scalbn                                 
000058b5  scalbnl                                
000059c5  __aeabi_dmul                           
00005ac1  delay_init                             
00005b0b  delay_ms                               
00005b47  delay_us                               
00005b9d  WDT_A_holdTimer                        
00005bbd  WDT_A_startTimer                       
00005bdd  WDT_A_clearTimer                       
00005bfd  WDT_A_initWatchdogTimer                
00005c19  WDT_A_initIntervalTimer                
00005c35  WDT_A_setPasswordViolationReset        
00005c41  WDT_A_setTimeoutReset                  
00005c4d  WDT_A_registerInterrupt                
00005c61  WDT_A_unregisterInterrupt              
00005d27  __aeabi_memcpy                         
00005d27  __aeabi_memcpy4                        
00005d27  __aeabi_memcpy8                        
00005d27  memcpy                                 
00005dc3  __aeabi_uldivmod                       
00005e59  __aeabi_cdcmpeq                        
00005e59  __aeabi_cdcmple                        
00005edf  __aeabi_cdrcmple                       
00005f65  __aeabi_memclr                         
00005f65  __aeabi_memclr4                        
00005f65  __aeabi_memclr8                        
00005f67  __aeabi_memset                         
00005f67  __aeabi_memset4                        
00005f67  __aeabi_memset8                        
00005f6d  memset                                 
00005fe1  SysTick_enableModule                   
00005fed  SysTick_disableModule                  
00005ff9  SysTick_registerInterrupt              
00006007  SysTick_unregisterInterrupt            
00006011  SysTick_enableInterrupt                
0000601d  SysTick_disableInterrupt               
00006029  SysTick_setPeriod                      
0000603b  SysTick_getPeriod                      
00006043  SysTick_getValue                       
000060c3  __TI_decompress_lzss                   
0000612d  frexp                                  
0000612d  frexpl                                 
000061e7  __TI_ltoa                              
0000628d  atoi                                   
000062d9  __aeabi_d2iz                           
00006321  __TI_auto_init_nobinit_nopinit         
00006365  sprintf                                
000063e3  CPU_cpsid                              
000063ef  CPU_primask                            
000063f9  CPU_cpsie                              
00006405  CPU_wfi                                
00006409  CPU_basepriSet                         
00006417  CPU_basepriGet                         
00006421  _c_int00_noargs                        
00006455  __aeabi_i2d                            
00006483  memccpy                                
0000649f  copysign                               
0000649f  copysignl                              
000064d1  strchr                                 
000064e7  strlen                                 
000064fb  wcslen                                 
0000650d  main                                   
0000651d  __TI_decompress_none                   
0000652b  Reset_Handler                          
00006537  ADC14_IRQHandler                       
00006537  AES256_IRQHandler                      
00006537  BusFault_Handler                       
00006537  COMP_E0_IRQHandler                     
00006537  COMP_E1_IRQHandler                     
00006537  CS_IRQHandler                          
00006537  DMA_ERR_IRQHandler                     
00006537  DMA_INT0_IRQHandler                    
00006537  DMA_INT1_IRQHandler                    
00006537  DMA_INT2_IRQHandler                    
00006537  DMA_INT3_IRQHandler                    
00006537  DebugMon_Handler                       
00006537  Default_Handler                        
00006537  EUSCIA0_IRQHandler                     
00006537  EUSCIA1_IRQHandler                     
00006537  EUSCIA2_IRQHandler                     
00006537  EUSCIA3_IRQHandler                     
00006537  EUSCIB0_IRQHandler                     
00006537  EUSCIB1_IRQHandler                     
00006537  EUSCIB2_IRQHandler                     
00006537  EUSCIB3_IRQHandler                     
00006537  FLCTL_IRQHandler                       
00006537  FPU_IRQHandler                         
00006537  HardFault_Handler                      
00006537  MemManage_Handler                      
00006537  NMI_Handler                            
00006537  PCM_IRQHandler                         
00006537  PORT1_IRQHandler                       
00006537  PORT2_IRQHandler                       
00006537  PORT3_IRQHandler                       
00006537  PORT4_IRQHandler                       
00006537  PORT5_IRQHandler                       
00006537  PORT6_IRQHandler                       
00006537  PSS_IRQHandler                         
00006537  PendSV_Handler                         
00006537  RTC_C_IRQHandler                       
00006537  SVC_Handler                            
00006537  SysTick_Handler                        
00006537  T32_INT1_IRQHandler                    
00006537  T32_INT2_IRQHandler                    
00006537  T32_INTC_IRQHandler                    
00006537  TA0_0_IRQHandler                       
00006537  TA0_N_IRQHandler                       
00006537  TA1_0_IRQHandler                       
00006537  TA1_N_IRQHandler                       
00006537  TA2_0_IRQHandler                       
00006537  TA2_N_IRQHandler                       
00006537  TA3_0_IRQHandler                       
00006537  TA3_N_IRQHandler                       
00006537  UsageFault_Handler                     
00006537  WDT_A_IRQHandler                       
00006539  __TI_zero_init                         
00006551  __aeabi_errno_addr                     
00006559  _system_pre_init                       
0000655d  C$$EXIT                                
0000655d  abort                                  
00006560  F8X16                                  
00006b50  F16x16                                 
00006f50  F6x8                                   
00007178  _ctypes_                               
00007354  __TI_Handler_Table_Base                
00007360  __TI_Handler_Table_Limit               
00007370  __TI_CINIT_Base                        
00007388  __TI_CINIT_Limit                       
20000000  __start___llvm_prf_cnts                
20000000  __stop___llvm_prf_cnts                 
20000000  g_pfnRAMVectors                        
200000e4  OLED_GRAM                              
20000530  errno                                  
20000534  SystemCoreClock                        
2000fe00  __stack                                
20010000  __STACK_END                            
4000480c  WDTCTL_SYM                             
ffffffff  __TI_pprof_out_hndl                    
ffffffff  __TI_prof_data_size                    
ffffffff  __TI_prof_data_start                   
ffffffff  __binit__                              
ffffffff  __c_args__                             
ffffffff  binit                                  
UNDEFED   __mpu_init                             
UNDEFED   _system_post_cinit                     

[332 symbols]
